<?xml version="1.0" encoding="UTF-8" ?>
<testsuites name="vitest tests" tests="882" failures="0" errors="0" time="39.8534351">
    <testsuite name="src/__tests__/App.test.tsx" timestamp="2026-05-01T19:32:10.914Z" hostname="Andreu" tests="1" failures="0" errors="0" skipped="0" time="0.1151629">
        <testcase classname="src/__tests__/App.test.tsx" name="App &gt; should render without crashing" time="0.1115954">
            <system-out>
[ToastService] registering toast API and flushing queue 0

            </system-out>
            <system-err>
⚠️ React Router Future Flag Warning: React Router will begin wrapping state updates in `React.startTransition` in v7. You can use the `v7_startTransition` future flag to opt-in early. For more information, see https://reactrouter.com/v6/upgrading/future#v7_starttransition.
⚠️ React Router Future Flag Warning: Relative route resolution within Splat routes is changing in v7. You can use the `v7_relativeSplatPath` future flag to opt-in early. For more information, see https://reactrouter.com/v6/upgrading/future#v7_relativesplatpath.

            </system-err>
        </testcase>
    </testsuite>
    <testsuite name="src/__tests__/routes.test.tsx" timestamp="2026-05-01T19:32:10.918Z" hostname="Andreu" tests="1" failures="0" errors="0" skipped="0" time="0.0739095">
        <testcase classname="src/__tests__/routes.test.tsx" name="AppRoutes &gt; should render routes" time="0.0700829">
            <system-err>
⚠️ React Router Future Flag Warning: React Router will begin wrapping state updates in `React.startTransition` in v7. You can use the `v7_startTransition` future flag to opt-in early. For more information, see https://reactrouter.com/v6/upgrading/future#v7_starttransition.
⚠️ React Router Future Flag Warning: Relative route resolution within Splat routes is changing in v7. You can use the `v7_relativeSplatPath` future flag to opt-in early. For more information, see https://reactrouter.com/v6/upgrading/future#v7_relativesplatpath.

            </system-err>
        </testcase>
    </testsuite>
    <testsuite name="src/contexts/__tests__/auth.context.test.tsx" timestamp="2026-05-01T19:32:10.919Z" hostname="Andreu" tests="15" failures="0" errors="0" skipped="0" time="1.0636305">
        <testcase classname="src/contexts/__tests__/auth.context.test.tsx" name="AuthContext &gt; should provide auth context to children" time="0.0531063">
            <system-err>
⚠️ React Router Future Flag Warning: React Router will begin wrapping state updates in `React.startTransition` in v7. You can use the `v7_startTransition` future flag to opt-in early. For more information, see https://reactrouter.com/v6/upgrading/future#v7_starttransition.
⚠️ React Router Future Flag Warning: Relative route resolution within Splat routes is changing in v7. You can use the `v7_relativeSplatPath` future flag to opt-in early. For more information, see https://reactrouter.com/v6/upgrading/future#v7_relativesplatpath.

            </system-err>
        </testcase>
        <testcase classname="src/contexts/__tests__/auth.context.test.tsx" name="AuthContext &gt; should show unauthenticated initially when no tokens" time="0.0347567">
        </testcase>
        <testcase classname="src/contexts/__tests__/auth.context.test.tsx" name="AuthContext &gt; should login and set user on success" time="0.0937645">
        </testcase>
        <testcase classname="src/contexts/__tests__/auth.context.test.tsx" name="AuthContext &gt; should register and set user on success" time="0.0621169">
        </testcase>
        <testcase classname="src/contexts/__tests__/auth.context.test.tsx" name="AuthContext &gt; should keep user unauthenticated and propagate error when login fails" time="0.0920956">
        </testcase>
        <testcase classname="src/contexts/__tests__/auth.context.test.tsx" name="AuthContext &gt; should return true from checkPermission when allowed" time="0.0707097">
        </testcase>
        <testcase classname="src/contexts/__tests__/auth.context.test.tsx" name="AuthContext &gt; should return false from checkPermission when denied" time="0.092374">
        </testcase>
        <testcase classname="src/contexts/__tests__/auth.context.test.tsx" name="AuthContext &gt; should refresh token on init when token is expired" time="0.0264366">
        </testcase>
        <testcase classname="src/contexts/__tests__/auth.context.test.tsx" name="AuthContext &gt; should logout and clear user" time="0.0775121">
        </testcase>
        <testcase classname="src/contexts/__tests__/auth.context.test.tsx" name="AuthContext &gt; should throw error when useAuth is used outside provider" time="0.0070922">
        </testcase>
        <testcase classname="src/contexts/__tests__/auth.context.test.tsx" name="AuthContext &gt; should handle hasPermission correctly for admin and regular users" time="0.2419839">
        </testcase>
        <testcase classname="src/contexts/__tests__/auth.context.test.tsx" name="AuthContext &gt; should return false from checkApiPermission and log error on API failure" time="0.0903707">
        </testcase>
        <testcase classname="src/contexts/__tests__/auth.context.test.tsx" name="AuthContext &gt; should handle refreshUserData correctly" time="0.0799244">
        </testcase>
        <testcase classname="src/contexts/__tests__/auth.context.test.tsx" name="AuthContext &gt; should log error when initAuth fails during token refresh" time="0.0304491">
        </testcase>
        <testcase classname="src/contexts/__tests__/auth.context.test.tsx" name="AuthContext &gt; should auto-refresh token before expiry" time="0.0076489">
        </testcase>
    </testsuite>
    <testsuite name="src/contexts/__tests__/theme.context.test.tsx" timestamp="2026-05-01T19:32:10.922Z" hostname="Andreu" tests="3" failures="0" errors="0" skipped="0" time="0.1382561">
        <testcase classname="src/contexts/__tests__/theme.context.test.tsx" name="ThemeContext &gt; should use default theme (system) if no storage" time="0.0690293">
        </testcase>
        <testcase classname="src/contexts/__tests__/theme.context.test.tsx" name="ThemeContext &gt; should use stored theme if available" time="0.0250155">
        </testcase>
        <testcase classname="src/contexts/__tests__/theme.context.test.tsx" name="ThemeContext &gt; should update theme and storage" time="0.0405571">
        </testcase>
    </testsuite>
    <testsuite name="src/contexts/__tests__/toast.context.test.tsx" timestamp="2026-05-01T19:32:10.923Z" hostname="Andreu" tests="9" failures="0" errors="0" skipped="0" time="0.7422187">
        <testcase classname="src/contexts/__tests__/toast.context.test.tsx" name="ToastContext &gt; should throw when useToast is used outside provider" time="0.023464">
        </testcase>
        <testcase classname="src/contexts/__tests__/toast.context.test.tsx" name="ToastContext &gt; should provide toast api when wrapped in provider" time="0.1453182">
        </testcase>
        <testcase classname="src/contexts/__tests__/toast.context.test.tsx" name="ToastContext &gt; should show error toast" time="0.1221425">
        </testcase>
        <testcase classname="src/contexts/__tests__/toast.context.test.tsx" name="ToastContext &gt; should clear toasts" time="0.1589266">
        </testcase>
        <testcase classname="src/contexts/__tests__/toast.context.test.tsx" name="ToastContext &gt; should return id from show" time="0.0441003">
        </testcase>
        <testcase classname="src/contexts/__tests__/toast.context.test.tsx" name="ToastContext &gt; should show info and warning toasts" time="0.1642677">
        </testcase>
        <testcase classname="src/contexts/__tests__/toast.context.test.tsx" name="ToastContext &gt; should intercept API client errors" time="0.0240623">
        </testcase>
        <testcase classname="src/contexts/__tests__/toast.context.test.tsx" name="ToastContext &gt; should handle API errors without status" time="0.0472062">
        </testcase>
        <testcase classname="src/contexts/__tests__/toast.context.test.tsx" name="ToastContext &gt; should cleanup registerToastApi on unmount" time="0.0096751">
        </testcase>
    </testsuite>
    <testsuite name="src/contexts/__tests__/toast.service.test.ts" timestamp="2026-05-01T19:32:10.925Z" hostname="Andreu" tests="10" failures="0" errors="0" skipped="0" time="0.0164063">
        <testcase classname="src/contexts/__tests__/toast.service.test.ts" name="toast.service &gt; registerToastApi &gt; should store api when registered" time="0.0042197">
            <system-out>
[ToastService] registering toast API and flushing queue 0

            </system-out>
        </testcase>
        <testcase classname="src/contexts/__tests__/toast.service.test.ts" name="toast.service &gt; registerToastApi &gt; should clear api when null is passed" time="0.0006961">
            <system-out>
[ToastService] registering toast API and flushing queue 0

            </system-out>
        </testcase>
        <testcase classname="src/contexts/__tests__/toast.service.test.ts" name="toast.service &gt; getToastApi &gt; should return null when no api registered" time="0.0004605">
        </testcase>
        <testcase classname="src/contexts/__tests__/toast.service.test.ts" name="toast.service &gt; getToastApi &gt; should return registered api" time="0.0004505">
            <system-out>
[ToastService] registering toast API and flushing queue 0

            </system-out>
        </testcase>
        <testcase classname="src/contexts/__tests__/toast.service.test.ts" name="toast.service &gt; showToastError &gt; should call api.error when api is registered" time="0.0030296">
            <system-out>
[ToastService] registering toast API and flushing queue 0

            </system-out>
        </testcase>
        <testcase classname="src/contexts/__tests__/toast.service.test.ts" name="toast.service &gt; showToastError &gt; should work without description" time="0.0007051">
            <system-out>
[ToastService] registering toast API and flushing queue 0

            </system-out>
        </testcase>
        <testcase classname="src/contexts/__tests__/toast.service.test.ts" name="toast.service &gt; showToastSuccess &gt; should call api.success when api is registered" time="0.0006422">
            <system-out>
[ToastService] registering toast API and flushing queue 0

            </system-out>
        </testcase>
        <testcase classname="src/contexts/__tests__/toast.service.test.ts" name="toast.service &gt; showToastWarning &gt; should call api.warning when api is registered" time="0.0006033">
            <system-out>
[ToastService] registering toast API and flushing queue 0

            </system-out>
        </testcase>
        <testcase classname="src/contexts/__tests__/toast.service.test.ts" name="toast.service &gt; showToastInfo &gt; should call api.info when api is registered" time="0.0006413">
            <system-out>
[ToastService] registering toast API and flushing queue 0

            </system-out>
        </testcase>
        <testcase classname="src/contexts/__tests__/toast.service.test.ts" name="toast.service &gt; queue when api not ready &gt; should flush queue when api is registered later" time="0.0012357">
            <system-out>
[ToastService] registering toast API and flushing queue 2

            </system-out>
        </testcase>
    </testsuite>
    <testsuite name="src/hooks/__tests__/use-data-table.test.ts" timestamp="2026-05-01T19:32:10.929Z" hostname="Andreu" tests="6" failures="0" errors="0" skipped="0" time="0.4885384">
        <testcase classname="src/hooks/__tests__/use-data-table.test.ts" name="useDataTable &gt; should fetch data on mount" time="0.0898807">
        </testcase>
        <testcase classname="src/hooks/__tests__/use-data-table.test.ts" name="useDataTable &gt; should handle search" time="0.0800314">
        </testcase>
        <testcase classname="src/hooks/__tests__/use-data-table.test.ts" name="useDataTable &gt; should handle sort" time="0.0674004">
        </testcase>
        <testcase classname="src/hooks/__tests__/use-data-table.test.ts" name="useDataTable &gt; should handle page change" time="0.0965313">
        </testcase>
        <testcase classname="src/hooks/__tests__/use-data-table.test.ts" name="useDataTable &gt; should handle error" time="0.0768763">
        </testcase>
        <testcase classname="src/hooks/__tests__/use-data-table.test.ts" name="useDataTable &gt; should handle forbidden error" time="0.0747099">
        </testcase>
    </testsuite>
    <testsuite name="src/hooks/__tests__/use-export.test.ts" timestamp="2026-05-01T19:32:10.931Z" hostname="Andreu" tests="2" failures="0" errors="0" skipped="0" time="0.0321487">
        <testcase classname="src/hooks/__tests__/use-export.test.ts" name="useExport &gt; should handle successful export" time="0.0261383">
        </testcase>
        <testcase classname="src/hooks/__tests__/use-export.test.ts" name="useExport &gt; should handle export failure" time="0.0028447">
        </testcase>
    </testsuite>
    <testsuite name="src/hooks/__tests__/use-list-actions.test.ts" timestamp="2026-05-01T19:32:10.932Z" hostname="Andreu" tests="4" failures="0" errors="0" skipped="0" time="0.0359214">
        <testcase classname="src/hooks/__tests__/use-list-actions.test.ts" name="useListActions &gt; should initialize with default states" time="0.0220504">
        </testcase>
        <testcase classname="src/hooks/__tests__/use-list-actions.test.ts" name="useListActions &gt; should handle create success" time="0.0054236">
        </testcase>
        <testcase classname="src/hooks/__tests__/use-list-actions.test.ts" name="useListActions &gt; should handle update success" time="0.0031424">
        </testcase>
        <testcase classname="src/hooks/__tests__/use-list-actions.test.ts" name="useListActions &gt; should handle delete success" time="0.0018591">
        </testcase>
    </testsuite>
    <testsuite name="src/hooks/__tests__/use-permissions.test.ts" timestamp="2026-05-01T19:32:10.934Z" hostname="Andreu" tests="9" failures="0" errors="0" skipped="0" time="0.035623">
        <testcase classname="src/hooks/__tests__/use-permissions.test.ts" name="Permissions Hooks &gt; usePermission &gt; should return false when no user is logged in" time="0.0209683">
        </testcase>
        <testcase classname="src/hooks/__tests__/use-permissions.test.ts" name="Permissions Hooks &gt; usePermission &gt; should return true for admin users" time="0.0014781">
        </testcase>
        <testcase classname="src/hooks/__tests__/use-permissions.test.ts" name="Permissions Hooks &gt; usePermission &gt; should return true when user has permission" time="0.0013458">
        </testcase>
        <testcase classname="src/hooks/__tests__/use-permissions.test.ts" name="Permissions Hooks &gt; useModulePermissions &gt; should return all false when no user is logged in" time="0.0015362">
        </testcase>
        <testcase classname="src/hooks/__tests__/use-permissions.test.ts" name="Permissions Hooks &gt; useModulePermissions &gt; should return all true for admin users" time="0.0017518">
        </testcase>
        <testcase classname="src/hooks/__tests__/use-permissions.test.ts" name="Permissions Hooks &gt; useModulePermissions &gt; should check specific permissions for non-admin users" time="0.0013373">
        </testcase>
        <testcase classname="src/hooks/__tests__/use-permissions.test.ts" name="Permissions Hooks &gt; usePermissions &gt; should return true if user has all listed permissions" time="0.0013645">
        </testcase>
        <testcase classname="src/hooks/__tests__/use-permissions.test.ts" name="Permissions Hooks &gt; usePermissions &gt; should return false if user is missing any permission" time="0.001079">
        </testcase>
        <testcase classname="src/hooks/__tests__/use-permissions.test.ts" name="Permissions Hooks &gt; usePermissions &gt; should return true for admin user regardless of specific permissions" time="0.0013454">
        </testcase>
    </testsuite>
    <testsuite name="src/hooks/__tests__/use-stock-operation-form.test.tsx" timestamp="2026-05-01T19:32:10.936Z" hostname="Andreu" tests="4" failures="0" errors="0" skipped="0" time="0.3291512">
        <testcase classname="src/hooks/__tests__/use-stock-operation-form.test.tsx" name="useStockOperationForm &gt; should return initial state" time="0.0324034">
        </testcase>
        <testcase classname="src/hooks/__tests__/use-stock-operation-form.test.tsx" name="useStockOperationForm &gt; should call onSubmit on submit and show success" time="0.0821361">
        </testcase>
        <testcase classname="src/hooks/__tests__/use-stock-operation-form.test.tsx" name="useStockOperationForm &gt; should show error on submit failure" time="0.0616519">
        </testcase>
        <testcase classname="src/hooks/__tests__/use-stock-operation-form.test.tsx" name="useStockOperationForm &gt; should reset error and success when resetForm called" time="0.1494554">
        </testcase>
    </testsuite>
    <testsuite name="src/lib/__tests__/error-handling.test.ts" timestamp="2026-05-01T19:32:10.937Z" hostname="Andreu" tests="20" failures="0" errors="0" skipped="0" time="0.0132313">
        <testcase classname="src/lib/__tests__/error-handling.test.ts" name="Error Handling Utilities &gt; handleApiError &gt; should return ApiClientError instance as-is" time="0.0025998">
        </testcase>
        <testcase classname="src/lib/__tests__/error-handling.test.ts" name="Error Handling Utilities &gt; handleApiError &gt; should convert Error instance to ApiClientError" time="0.0006348">
        </testcase>
        <testcase classname="src/lib/__tests__/error-handling.test.ts" name="Error Handling Utilities &gt; handleApiError &gt; should handle unknown error types with default message" time="0.0003878">
        </testcase>
        <testcase classname="src/lib/__tests__/error-handling.test.ts" name="Error Handling Utilities &gt; handleApiError &gt; should handle null error" time="0.0002738">
        </testcase>
        <testcase classname="src/lib/__tests__/error-handling.test.ts" name="Error Handling Utilities &gt; handleApiError &gt; should handle undefined error" time="0.000509">
        </testcase>
        <testcase classname="src/lib/__tests__/error-handling.test.ts" name="Error Handling Utilities &gt; handleApiError &gt; should handle string error" time="0.0002972">
        </testcase>
        <testcase classname="src/lib/__tests__/error-handling.test.ts" name="Error Handling Utilities &gt; handleApiError &gt; should preserve statusCode and other properties from ApiClientError" time="0.0013387">
        </testcase>
        <testcase classname="src/lib/__tests__/error-handling.test.ts" name="Error Handling Utilities &gt; isForbiddenError &gt; should return true for 403 status code" time="0.000348">
        </testcase>
        <testcase classname="src/lib/__tests__/error-handling.test.ts" name="Error Handling Utilities &gt; isForbiddenError &gt; should return false for other status codes" time="0.0003776">
        </testcase>
        <testcase classname="src/lib/__tests__/error-handling.test.ts" name="Error Handling Utilities &gt; isForbiddenError &gt; should return false when statusCode is undefined" time="0.000256">
        </testcase>
        <testcase classname="src/lib/__tests__/error-handling.test.ts" name="Error Handling Utilities &gt; getForbiddenMessage &gt; should generate message for singular resource" time="0.0002967">
        </testcase>
        <testcase classname="src/lib/__tests__/error-handling.test.ts" name="Error Handling Utilities &gt; getForbiddenMessage &gt; should generate message for plural resource" time="0.0002272">
        </testcase>
        <testcase classname="src/lib/__tests__/error-handling.test.ts" name="Error Handling Utilities &gt; getForbiddenMessage &gt; should generate message for resource with spaces" time="0.0002018">
        </testcase>
        <testcase classname="src/lib/__tests__/error-handling.test.ts" name="Error Handling Utilities &gt; getForbiddenMessage &gt; should generate message for empty string resource" time="0.0001699">
        </testcase>
        <testcase classname="src/lib/__tests__/error-handling.test.ts" name="Error Handling Utilities &gt; getErrorMessage &gt; should return error message for non-403 errors" time="0.0002861">
        </testcase>
        <testcase classname="src/lib/__tests__/error-handling.test.ts" name="Error Handling Utilities &gt; getErrorMessage &gt; should return default message when error message is empty for non-403 errors" time="0.0003788">
        </testcase>
        <testcase classname="src/lib/__tests__/error-handling.test.ts" name="Error Handling Utilities &gt; getErrorMessage &gt; should return error message for 403 errors when message exists" time="0.0002278">
        </testcase>
        <testcase classname="src/lib/__tests__/error-handling.test.ts" name="Error Handling Utilities &gt; getErrorMessage &gt; should return default message for 403 errors when error message is empty" time="0.0002269">
        </testcase>
        <testcase classname="src/lib/__tests__/error-handling.test.ts" name="Error Handling Utilities &gt; getErrorMessage &gt; should return default message for 403 errors when error message is undefined" time="0.0002555">
        </testcase>
        <testcase classname="src/lib/__tests__/error-handling.test.ts" name="Error Handling Utilities &gt; getErrorMessage &gt; should handle errors without statusCode" time="0.000203">
        </testcase>
    </testsuite>
    <testsuite name="src/lib/__tests__/export.utils.test.ts" timestamp="2026-05-01T19:32:10.942Z" hostname="Andreu" tests="2" failures="0" errors="0" skipped="0" time="0.012318">
        <testcase classname="src/lib/__tests__/export.utils.test.ts" name="export.utils &gt; downloadBlob &gt; should create a download link and trigger download" time="0.0082256">
        </testcase>
        <testcase classname="src/lib/__tests__/export.utils.test.ts" name="export.utils &gt; downloadBlob &gt; should handle different file types" time="0.0007914">
        </testcase>
    </testsuite>
    <testsuite name="src/lib/__tests__/utils.test.ts" timestamp="2026-05-01T19:32:10.943Z" hostname="Andreu" tests="16" failures="0" errors="0" skipped="0" time="0.0496326">
        <testcase classname="src/lib/__tests__/utils.test.ts" name="Utility Functions &gt; cn &gt; should merge class names" time="0.0121725">
        </testcase>
        <testcase classname="src/lib/__tests__/utils.test.ts" name="Utility Functions &gt; cn &gt; should handle conditional classes" time="0.0003379">
        </testcase>
        <testcase classname="src/lib/__tests__/utils.test.ts" name="Utility Functions &gt; cn &gt; should handle undefined and null" time="0.0002162">
        </testcase>
        <testcase classname="src/lib/__tests__/utils.test.ts" name="Utility Functions &gt; cn &gt; should handle empty strings" time="0.0003597">
        </testcase>
        <testcase classname="src/lib/__tests__/utils.test.ts" name="Utility Functions &gt; formatDate &gt; should format ISO date string" time="0.028368">
        </testcase>
        <testcase classname="src/lib/__tests__/utils.test.ts" name="Utility Functions &gt; formatDate &gt; should return empty string for undefined" time="0.0008901">
        </testcase>
        <testcase classname="src/lib/__tests__/utils.test.ts" name="Utility Functions &gt; formatDate &gt; should handle Date object" time="0.0005468">
        </testcase>
        <testcase classname="src/lib/__tests__/utils.test.ts" name="Utility Functions &gt; formatDateTime &gt; should format ISO date string with time" time="0.0006234">
        </testcase>
        <testcase classname="src/lib/__tests__/utils.test.ts" name="Utility Functions &gt; formatDateTime &gt; should handle different date formats" time="0.0004271">
        </testcase>
        <testcase classname="src/lib/__tests__/utils.test.ts" name="Utility Functions &gt; formatDateTime &gt; should return empty string for undefined" time="0.0004012">
        </testcase>
        <testcase classname="src/lib/__tests__/utils.test.ts" name="Utility Functions &gt; formatDateTime &gt; should handle Date object" time="0.0005693">
        </testcase>
        <testcase classname="src/lib/__tests__/utils.test.ts" name="Utility Functions &gt; formatCurrency &gt; should return empty string for zero" time="0.0002648">
        </testcase>
        <testcase classname="src/lib/__tests__/utils.test.ts" name="Utility Functions &gt; formatCurrency &gt; should format whole numbers without decimals" time="0.0002211">
        </testcase>
        <testcase classname="src/lib/__tests__/utils.test.ts" name="Utility Functions &gt; formatCurrency &gt; should format amounts with one decimal place when trailing zero" time="0.0001886">
        </testcase>
        <testcase classname="src/lib/__tests__/utils.test.ts" name="Utility Functions &gt; formatCurrency &gt; should format amounts with two decimal places" time="0.0001755">
        </testcase>
        <testcase classname="src/lib/__tests__/utils.test.ts" name="Utility Functions &gt; formatCurrency &gt; should handle decimal.endsWith(&apos;0&apos;) branch" time="0.0001773">
        </testcase>
    </testsuite>
    <testsuite name="src/test/integration/api-services.test.ts" timestamp="2026-05-01T19:32:10.946Z" hostname="Andreu" tests="4" failures="0" errors="0" skipped="0" time="0.0111125">
        <testcase classname="src/test/integration/api-services.test.ts" name="API Services Integration &gt; UsersService &gt; should fetch users with pagination" time="0.005742">
        </testcase>
        <testcase classname="src/test/integration/api-services.test.ts" name="API Services Integration &gt; UsersService &gt; should create a new user" time="0.0007538">
        </testcase>
        <testcase classname="src/test/integration/api-services.test.ts" name="API Services Integration &gt; RolesService &gt; should fetch roles" time="0.0006933">
        </testcase>
        <testcase classname="src/test/integration/api-services.test.ts" name="API Services Integration &gt; PermissionsService &gt; should fetch permissions" time="0.0005122">
        </testcase>
    </testsuite>
    <testsuite name="src/test/integration/backend-sync-validation.test.ts" timestamp="2026-05-01T19:32:10.946Z" hostname="Andreu" tests="22" failures="0" errors="0" skipped="0" time="0.2198962">
        <testcase classname="src/test/integration/backend-sync-validation.test.ts" name="Backend Synchronization Validation &gt; Type Definitions &gt; should have correct User interface with all backend fields" time="0.0019981">
        </testcase>
        <testcase classname="src/test/integration/backend-sync-validation.test.ts" name="Backend Synchronization Validation &gt; Type Definitions &gt; should have correct PaginatedResponse interface matching backend" time="0.0003238">
        </testcase>
        <testcase classname="src/test/integration/backend-sync-validation.test.ts" name="Backend Synchronization Validation &gt; Type Definitions &gt; should have QuerySpec interface for search/filter/sort" time="0.0002011">
        </testcase>
        <testcase classname="src/test/integration/backend-sync-validation.test.ts" name="Backend Synchronization Validation &gt; Type Definitions &gt; should have Inventory DTOs defined" time="0.0001927">
        </testcase>
        <testcase classname="src/test/integration/backend-sync-validation.test.ts" name="Backend Synchronization Validation &gt; Type Definitions &gt; should have Orders DTOs defined" time="0.0001832">
        </testcase>
        <testcase classname="src/test/integration/backend-sync-validation.test.ts" name="Backend Synchronization Validation &gt; Validation Schemas &gt; should validate LoginDto with correct rules" time="0.0034213">
        </testcase>
        <testcase classname="src/test/integration/backend-sync-validation.test.ts" name="Backend Synchronization Validation &gt; Validation Schemas &gt; should validate RegisterDto with password confirmation" time="0.0026683">
        </testcase>
        <testcase classname="src/test/integration/backend-sync-validation.test.ts" name="Backend Synchronization Validation &gt; Validation Schemas &gt; should validate CreateUserDto with minimum length requirements" time="0.0012587">
        </testcase>
        <testcase classname="src/test/integration/backend-sync-validation.test.ts" name="Backend Synchronization Validation &gt; Validation Schemas &gt; should validate UpdateUserDto with all optional fields" time="0.0015827">
        </testcase>
        <testcase classname="src/test/integration/backend-sync-validation.test.ts" name="Backend Synchronization Validation &gt; Validation Schemas &gt; should validate CreateRoleDto" time="0.0011141">
        </testcase>
        <testcase classname="src/test/integration/backend-sync-validation.test.ts" name="Backend Synchronization Validation &gt; Validation Schemas &gt; should validate CreatePermissionDto" time="0.0010156">
        </testcase>
        <testcase classname="src/test/integration/backend-sync-validation.test.ts" name="Backend Synchronization Validation &gt; Service Endpoint Mapping &gt; should have all auth service methods" time="0.1811725">
            <system-out>
[API Client] Base URL configured: http://localhost:5000
[API Client] VITE_API_BASE_URL from env: http://localhost:5000/api

[API Client] Using Axios

            </system-out>
            <system-err>
[API Client] Removed /api suffix from VITE_API_BASE_URL. The base URL should not include /api as endpoints already have full gateway paths.

            </system-err>
        </testcase>
        <testcase classname="src/test/integration/backend-sync-validation.test.ts" name="Backend Synchronization Validation &gt; Service Endpoint Mapping &gt; should have all users service methods" time="0.0047513">
        </testcase>
        <testcase classname="src/test/integration/backend-sync-validation.test.ts" name="Backend Synchronization Validation &gt; Service Endpoint Mapping &gt; should have all roles service methods" time="0.0019999">
        </testcase>
        <testcase classname="src/test/integration/backend-sync-validation.test.ts" name="Backend Synchronization Validation &gt; Service Endpoint Mapping &gt; should have all permissions service methods" time="0.0016847">
        </testcase>
        <testcase classname="src/test/integration/backend-sync-validation.test.ts" name="Backend Synchronization Validation &gt; Service Endpoint Mapping &gt; should have products service methods" time="0.0027083">
        </testcase>
        <testcase classname="src/test/integration/backend-sync-validation.test.ts" name="Backend Synchronization Validation &gt; Service Endpoint Mapping &gt; should have warehouses service methods" time="0.00206">
        </testcase>
        <testcase classname="src/test/integration/backend-sync-validation.test.ts" name="Backend Synchronization Validation &gt; Service Endpoint Mapping &gt; should have orders service methods" time="0.0016164">
        </testcase>
        <testcase classname="src/test/integration/backend-sync-validation.test.ts" name="Backend Synchronization Validation &gt; Service Endpoint Mapping &gt; should have sales orders service methods" time="0.0019117">
        </testcase>
        <testcase classname="src/test/integration/backend-sync-validation.test.ts" name="Backend Synchronization Validation &gt; Service Endpoint Mapping &gt; should have purchase orders service methods" time="0.0017777">
        </testcase>
        <testcase classname="src/test/integration/backend-sync-validation.test.ts" name="Backend Synchronization Validation &gt; Service Endpoint Mapping &gt; should have suppliers service methods" time="0.001589">
        </testcase>
        <testcase classname="src/test/integration/backend-sync-validation.test.ts" name="Backend Synchronization Validation &gt; DateTime Handling &gt; should use ISO-8601 string format for DateTime fields" time="0.0013344">
        </testcase>
    </testsuite>
    <testsuite name="src/api/constants/__tests__/endpoints.test.ts" timestamp="2026-05-01T19:32:10.950Z" hostname="Andreu" tests="23" failures="0" errors="0" skipped="0" time="0.0112281">
        <testcase classname="src/api/constants/__tests__/endpoints.test.ts" name="API Endpoints Constants &gt; AUTH_ENDPOINTS &gt; should have correct login endpoint" time="0.002165">
        </testcase>
        <testcase classname="src/api/constants/__tests__/endpoints.test.ts" name="API Endpoints Constants &gt; AUTH_ENDPOINTS &gt; should have correct register endpoint" time="0.0002786">
        </testcase>
        <testcase classname="src/api/constants/__tests__/endpoints.test.ts" name="API Endpoints Constants &gt; AUTH_ENDPOINTS &gt; should have correct refresh endpoint" time="0.0002198">
        </testcase>
        <testcase classname="src/api/constants/__tests__/endpoints.test.ts" name="API Endpoints Constants &gt; AUTH_ENDPOINTS &gt; should have correct logout endpoint" time="0.0003564">
        </testcase>
        <testcase classname="src/api/constants/__tests__/endpoints.test.ts" name="API Endpoints Constants &gt; USERS_ENDPOINTS &gt; should have correct ME endpoint" time="0.0003027">
        </testcase>
        <testcase classname="src/api/constants/__tests__/endpoints.test.ts" name="API Endpoints Constants &gt; USERS_ENDPOINTS &gt; should generate correct BY_ID endpoint" time="0.0002319">
        </testcase>
        <testcase classname="src/api/constants/__tests__/endpoints.test.ts" name="API Endpoints Constants &gt; USERS_ENDPOINTS &gt; should have correct CREATE endpoint" time="0.0001955">
        </testcase>
        <testcase classname="src/api/constants/__tests__/endpoints.test.ts" name="API Endpoints Constants &gt; USERS_ENDPOINTS &gt; should have correct SEARCH endpoint" time="0.0001607">
        </testcase>
        <testcase classname="src/api/constants/__tests__/endpoints.test.ts" name="API Endpoints Constants &gt; PRODUCTS_ENDPOINTS &gt; should have correct base endpoint" time="0.0001777">
        </testcase>
        <testcase classname="src/api/constants/__tests__/endpoints.test.ts" name="API Endpoints Constants &gt; PRODUCTS_ENDPOINTS &gt; should generate correct BY_ID endpoint" time="0.0003894">
        </testcase>
        <testcase classname="src/api/constants/__tests__/endpoints.test.ts" name="API Endpoints Constants &gt; PRODUCTS_ENDPOINTS &gt; should have correct SEARCH endpoint" time="0.0002173">
        </testcase>
        <testcase classname="src/api/constants/__tests__/endpoints.test.ts" name="API Endpoints Constants &gt; WAREHOUSES_ENDPOINTS &gt; should have correct base endpoint" time="0.0002213">
        </testcase>
        <testcase classname="src/api/constants/__tests__/endpoints.test.ts" name="API Endpoints Constants &gt; WAREHOUSES_ENDPOINTS &gt; should generate correct BY_ID endpoint" time="0.0002423">
        </testcase>
        <testcase classname="src/api/constants/__tests__/endpoints.test.ts" name="API Endpoints Constants &gt; CUSTOMERS_ENDPOINTS &gt; should have correct base endpoint" time="0.0002448">
        </testcase>
        <testcase classname="src/api/constants/__tests__/endpoints.test.ts" name="API Endpoints Constants &gt; CUSTOMERS_ENDPOINTS &gt; should generate correct BY_ID endpoint" time="0.0002353">
        </testcase>
        <testcase classname="src/api/constants/__tests__/endpoints.test.ts" name="API Endpoints Constants &gt; SALES_ORDERS_ENDPOINTS &gt; should have correct base endpoint" time="0.0002043">
        </testcase>
        <testcase classname="src/api/constants/__tests__/endpoints.test.ts" name="API Endpoints Constants &gt; SALES_ORDERS_ENDPOINTS &gt; should have correct QUOTES endpoint" time="0.000179">
        </testcase>
        <testcase classname="src/api/constants/__tests__/endpoints.test.ts" name="API Endpoints Constants &gt; PURCHASE_ORDERS_ENDPOINTS &gt; should have correct base endpoint" time="0.0002131">
        </testcase>
        <testcase classname="src/api/constants/__tests__/endpoints.test.ts" name="API Endpoints Constants &gt; PURCHASE_ORDERS_ENDPOINTS &gt; should generate correct BY_ID endpoint" time="0.0002281">
        </testcase>
        <testcase classname="src/api/constants/__tests__/endpoints.test.ts" name="API Endpoints Constants &gt; CRM endpoints &gt; should have correct CRM service base" time="0.0002215">
        </testcase>
        <testcase classname="src/api/constants/__tests__/endpoints.test.ts" name="API Endpoints Constants &gt; CRM endpoints &gt; should have correct leads base endpoint" time="0.0002212">
        </testcase>
        <testcase classname="src/api/constants/__tests__/endpoints.test.ts" name="API Endpoints Constants &gt; CRM endpoints &gt; should generate correct leads QUALIFY endpoint" time="0.0002305">
        </testcase>
        <testcase classname="src/api/constants/__tests__/endpoints.test.ts" name="API Endpoints Constants &gt; CRM endpoints &gt; should have correct opportunities forecast endpoint" time="0.0002149">
        </testcase>
    </testsuite>
    <testsuite name="src/api/clients/__tests__/axios-client.test.ts" timestamp="2026-05-01T19:32:10.953Z" hostname="Andreu" tests="19" failures="0" errors="0" skipped="0" time="0.0297457">
        <testcase classname="src/api/clients/__tests__/axios-client.test.ts" name="AxiosApiClient &gt; HTTP Methods &gt; should make GET request" time="0.0067581">
        </testcase>
        <testcase classname="src/api/clients/__tests__/axios-client.test.ts" name="AxiosApiClient &gt; HTTP Methods &gt; should make GET request with config" time="0.0019734">
        </testcase>
        <testcase classname="src/api/clients/__tests__/axios-client.test.ts" name="AxiosApiClient &gt; HTTP Methods &gt; should make POST request" time="0.0010834">
        </testcase>
        <testcase classname="src/api/clients/__tests__/axios-client.test.ts" name="AxiosApiClient &gt; HTTP Methods &gt; should make PUT request" time="0.0008408">
        </testcase>
        <testcase classname="src/api/clients/__tests__/axios-client.test.ts" name="AxiosApiClient &gt; HTTP Methods &gt; should make PATCH request" time="0.0008187">
        </testcase>
        <testcase classname="src/api/clients/__tests__/axios-client.test.ts" name="AxiosApiClient &gt; HTTP Methods &gt; should make DELETE request" time="0.0008842">
        </testcase>
        <testcase classname="src/api/clients/__tests__/axios-client.test.ts" name="AxiosApiClient &gt; Authentication &gt; should set auth token" time="0.0007204">
        </testcase>
        <testcase classname="src/api/clients/__tests__/axios-client.test.ts" name="AxiosApiClient &gt; Authentication &gt; should clear auth token" time="0.0005639">
        </testcase>
        <testcase classname="src/api/clients/__tests__/axios-client.test.ts" name="AxiosApiClient &gt; Authentication &gt; should add Authorization header when token is set" time="0.0007891">
        </testcase>
        <testcase classname="src/api/clients/__tests__/axios-client.test.ts" name="AxiosApiClient &gt; Error Handling &gt; should handle network errors (no response)" time="0.0013622">
        </testcase>
        <testcase classname="src/api/clients/__tests__/axios-client.test.ts" name="AxiosApiClient &gt; Error Handling &gt; should handle request setup errors" time="0.0009099">
        </testcase>
        <testcase classname="src/api/clients/__tests__/axios-client.test.ts" name="AxiosApiClient &gt; Error Handling &gt; should handle 4xx/5xx with response and ProblemDetails" time="0.0015414">
        </testcase>
        <testcase classname="src/api/clients/__tests__/axios-client.test.ts" name="AxiosApiClient &gt; Error Handling &gt; should handle 403 without showing toast (component handles)" time="0.0008223">
        </testcase>
        <testcase classname="src/api/clients/__tests__/axios-client.test.ts" name="AxiosApiClient &gt; Error Handling &gt; should handle 500 with simple message" time="0.0008113">
        </testcase>
        <testcase classname="src/api/clients/__tests__/axios-client.test.ts" name="AxiosApiClient &gt; Error Handling &gt; should use error.message when response has no message" time="0.000702">
        </testcase>
        <testcase classname="src/api/clients/__tests__/axios-client.test.ts" name="AxiosApiClient &gt; Interceptors &gt; should call onRequest when provided" time="0.0007277">
        </testcase>
        <testcase classname="src/api/clients/__tests__/axios-client.test.ts" name="AxiosApiClient &gt; Interceptors &gt; should call onResponse when provided" time="0.0007597">
        </testcase>
        <testcase classname="src/api/clients/__tests__/axios-client.test.ts" name="AxiosApiClient &gt; Interceptors &gt; should call onError when provided and request fails" time="0.0008931">
        </testcase>
        <testcase classname="src/api/clients/__tests__/axios-client.test.ts" name="AxiosApiClient &gt; Constructor &gt; should pass timeout and headers from config" time="0.0028735">
        </testcase>
    </testsuite>
    <testsuite name="src/api/clients/__tests__/dapr-client.test.ts" timestamp="2026-05-01T19:32:10.956Z" hostname="Andreu" tests="5" failures="0" errors="0" skipped="0" time="0.0178985">
        <testcase classname="src/api/clients/__tests__/dapr-client.test.ts" name="DaprHttpClient &gt; HTTP Methods &gt; should make GET request through Dapr" time="0.007824">
        </testcase>
        <testcase classname="src/api/clients/__tests__/dapr-client.test.ts" name="DaprHttpClient &gt; HTTP Methods &gt; should make POST request through Dapr" time="0.0010681">
        </testcase>
        <testcase classname="src/api/clients/__tests__/dapr-client.test.ts" name="DaprHttpClient &gt; Authentication &gt; should include auth token in headers" time="0.0013282">
        </testcase>
        <testcase classname="src/api/clients/__tests__/dapr-client.test.ts" name="DaprHttpClient &gt; Error Handling &gt; should handle HTTP errors" time="0.0033289">
        </testcase>
        <testcase classname="src/api/clients/__tests__/dapr-client.test.ts" name="DaprHttpClient &gt; Error Handling &gt; should handle network errors" time="0.0007905">
        </testcase>
    </testsuite>
    <testsuite name="src/components/auth/__tests__/can.test.tsx" timestamp="2026-05-01T19:32:10.958Z" hostname="Andreu" tests="3" failures="0" errors="0" skipped="0" time="0.0378468">
        <testcase classname="src/components/auth/__tests__/can.test.tsx" name="Can Component &gt; should render children when user has permission" time="0.0285262">
        </testcase>
        <testcase classname="src/components/auth/__tests__/can.test.tsx" name="Can Component &gt; should not render children when user lacks permission" time="0.0018831">
        </testcase>
        <testcase classname="src/components/auth/__tests__/can.test.tsx" name="Can Component &gt; should call usePermission with correct parameters" time="0.0038865">
        </testcase>
    </testsuite>
    <testsuite name="src/components/auth/__tests__/permission-route.test.tsx" timestamp="2026-05-01T19:32:10.958Z" hostname="Andreu" tests="3" failures="0" errors="0" skipped="0" time="0.1222679">
        <testcase classname="src/components/auth/__tests__/permission-route.test.tsx" name="PermissionRoute Component &gt; should render children when user has permission" time="0.063384">
            <system-err>
⚠️ React Router Future Flag Warning: React Router will begin wrapping state updates in `React.startTransition` in v7. You can use the `v7_startTransition` future flag to opt-in early. For more information, see https://reactrouter.com/v6/upgrading/future#v7_starttransition.
⚠️ React Router Future Flag Warning: Relative route resolution within Splat routes is changing in v7. You can use the `v7_relativeSplatPath` future flag to opt-in early. For more information, see https://reactrouter.com/v6/upgrading/future#v7_relativesplatpath.

            </system-err>
        </testcase>
        <testcase classname="src/components/auth/__tests__/permission-route.test.tsx" name="PermissionRoute Component &gt; should show Access Denied when user lacks permission" time="0.0529311">
        </testcase>
        <testcase classname="src/components/auth/__tests__/permission-route.test.tsx" name="PermissionRoute Component &gt; should show loading state while checking permission" time="0.0029431">
        </testcase>
    </testsuite>
    <testsuite name="src/components/auth/__tests__/protected-route.test.tsx" timestamp="2026-05-01T19:32:10.959Z" hostname="Andreu" tests="5" failures="0" errors="0" skipped="0" time="0.1258261">
        <testcase classname="src/components/auth/__tests__/protected-route.test.tsx" name="ProtectedRoute &gt; should show loading when isLoading is true" time="0.0442769">
            <system-err>
⚠️ React Router Future Flag Warning: React Router will begin wrapping state updates in `React.startTransition` in v7. You can use the `v7_startTransition` future flag to opt-in early. For more information, see https://reactrouter.com/v6/upgrading/future#v7_starttransition.
⚠️ React Router Future Flag Warning: Relative route resolution within Splat routes is changing in v7. You can use the `v7_relativeSplatPath` future flag to opt-in early. For more information, see https://reactrouter.com/v6/upgrading/future#v7_relativesplatpath.

            </system-err>
        </testcase>
        <testcase classname="src/components/auth/__tests__/protected-route.test.tsx" name="ProtectedRoute &gt; should redirect to login when not authenticated" time="0.0102501">
        </testcase>
        <testcase classname="src/components/auth/__tests__/protected-route.test.tsx" name="ProtectedRoute &gt; should render children when authenticated without permission check" time="0.0081412">
        </testcase>
        <testcase classname="src/components/auth/__tests__/protected-route.test.tsx" name="ProtectedRoute &gt; should show Access Denied when permission check fails" time="0.0353947">
        </testcase>
        <testcase classname="src/components/auth/__tests__/protected-route.test.tsx" name="ProtectedRoute &gt; should render children when permission check passes" time="0.0239807">
        </testcase>
    </testsuite>
    <testsuite name="src/components/billing/__tests__/cancel-invoice-dialog.test.tsx" timestamp="2026-05-01T19:32:10.961Z" hostname="Andreu" tests="1" failures="0" errors="0" skipped="0" time="0.1856777">
        <testcase classname="src/components/billing/__tests__/cancel-invoice-dialog.test.tsx" name="CancelInvoiceDialog &gt; submits cancellation payload" time="0.1825925">
        </testcase>
    </testsuite>
    <testsuite name="src/components/billing/__tests__/create-credit-note-dialog.test.tsx" timestamp="2026-05-01T19:32:10.961Z" hostname="Andreu" tests="1" failures="0" errors="0" skipped="0" time="0.2623504">
        <testcase classname="src/components/billing/__tests__/create-credit-note-dialog.test.tsx" name="CreateCreditNoteDialog &gt; submits credit note payload" time="0.2596447">
        </testcase>
    </testsuite>
    <testsuite name="src/components/billing/__tests__/create-invoice-dialog.test.tsx" timestamp="2026-05-01T19:32:10.962Z" hostname="Andreu" tests="3" failures="0" errors="0" skipped="0" time="0.4290181">
        <testcase classname="src/components/billing/__tests__/create-invoice-dialog.test.tsx" name="CreateInvoiceDialog &gt; renders dialog content when open" time="0.1533221">
        </testcase>
        <testcase classname="src/components/billing/__tests__/create-invoice-dialog.test.tsx" name="CreateInvoiceDialog &gt; submits valid invoice payload" time="0.1420665">
        </testcase>
        <testcase classname="src/components/billing/__tests__/create-invoice-dialog.test.tsx" name="CreateInvoiceDialog &gt; shows validation error when invoice number is missing" time="0.1309199">
        </testcase>
    </testsuite>
    <testsuite name="src/components/billing/__tests__/issue-invoice-dialog.test.tsx" timestamp="2026-05-01T19:32:10.963Z" hostname="Andreu" tests="2" failures="0" errors="0" skipped="0" time="0.2383682">
        <testcase classname="src/components/billing/__tests__/issue-invoice-dialog.test.tsx" name="IssueInvoiceDialog &gt; submits issue payload" time="0.1721583">
        </testcase>
        <testcase classname="src/components/billing/__tests__/issue-invoice-dialog.test.tsx" name="IssueInvoiceDialog &gt; shows validation errors" time="0.0617347">
        </testcase>
    </testsuite>
    <testsuite name="src/components/billing/__tests__/record-payment-dialog.test.tsx" timestamp="2026-05-01T19:32:10.964Z" hostname="Andreu" tests="1" failures="0" errors="0" skipped="0" time="0.1929363">
        <testcase classname="src/components/billing/__tests__/record-payment-dialog.test.tsx" name="RecordPaymentDialog &gt; submits payment payload" time="0.1902973">
        </testcase>
    </testsuite>
    <testsuite name="src/api/services/__tests__/auth.service.test.ts" timestamp="2026-05-01T19:32:10.965Z" hostname="Andreu" tests="6" failures="0" errors="0" skipped="0" time="0.012119">
        <testcase classname="src/api/services/__tests__/auth.service.test.ts" name="AuthService &gt; login &gt; should login with credentials" time="0.0057915">
        </testcase>
        <testcase classname="src/api/services/__tests__/auth.service.test.ts" name="AuthService &gt; register &gt; should register a new user" time="0.0006341">
        </testcase>
        <testcase classname="src/api/services/__tests__/auth.service.test.ts" name="AuthService &gt; refreshToken &gt; should refresh access token" time="0.0007638">
        </testcase>
        <testcase classname="src/api/services/__tests__/auth.service.test.ts" name="AuthService &gt; logout &gt; should logout user" time="0.000382">
        </testcase>
        <testcase classname="src/api/services/__tests__/auth.service.test.ts" name="AuthService &gt; getCurrentUser &gt; should get current user" time="0.0004626">
        </testcase>
        <testcase classname="src/api/services/__tests__/auth.service.test.ts" name="AuthService &gt; checkPermission &gt; should check permission" time="0.0005994">
        </testcase>
    </testsuite>
    <testsuite name="src/api/services/__tests__/crm-accounts.service.test.ts" timestamp="2026-05-01T19:32:10.966Z" hostname="Andreu" tests="2" failures="0" errors="0" skipped="0" time="0.009779">
        <testcase classname="src/api/services/__tests__/crm-accounts.service.test.ts" name="CrmAccountsService &gt; searchAccounts should call GET accounts with query params" time="0.0056914">
        </testcase>
        <testcase classname="src/api/services/__tests__/crm-accounts.service.test.ts" name="CrmAccountsService &gt; updateAccountOwner should PUT to the owner endpoint" time="0.0007651">
        </testcase>
    </testsuite>
    <testsuite name="src/api/services/__tests__/crm-activities.service.test.ts" timestamp="2026-05-01T19:32:10.967Z" hostname="Andreu" tests="3" failures="0" errors="0" skipped="0" time="0.0109736">
        <testcase classname="src/api/services/__tests__/crm-activities.service.test.ts" name="CrmActivitiesService &gt; searchActivities should call GET activities with query params" time="0.0058407">
        </testcase>
        <testcase classname="src/api/services/__tests__/crm-activities.service.test.ts" name="CrmActivitiesService &gt; createActivity should POST to the activities base endpoint" time="0.0012147">
        </testcase>
        <testcase classname="src/api/services/__tests__/crm-activities.service.test.ts" name="CrmActivitiesService &gt; completeActivity should POST to the complete endpoint" time="0.0005788">
        </testcase>
    </testsuite>
    <testsuite name="src/api/services/__tests__/crm-contacts.service.test.ts" timestamp="2026-05-01T19:32:10.968Z" hostname="Andreu" tests="3" failures="0" errors="0" skipped="0" time="0.0097274">
        <testcase classname="src/api/services/__tests__/crm-contacts.service.test.ts" name="CrmContactsService &gt; getContactsByAccount should GET the account-scoped contacts endpoint" time="0.0049228">
        </testcase>
        <testcase classname="src/api/services/__tests__/crm-contacts.service.test.ts" name="CrmContactsService &gt; createContact should POST to the contacts base endpoint" time="0.0013013">
        </testcase>
        <testcase classname="src/api/services/__tests__/crm-contacts.service.test.ts" name="CrmContactsService &gt; deactivateContact should DELETE the contact by id endpoint" time="0.0003627">
        </testcase>
    </testsuite>
    <testsuite name="src/api/services/__tests__/crm-opportunities.service.test.ts" timestamp="2026-05-01T19:32:10.969Z" hostname="Andreu" tests="7" failures="0" errors="0" skipped="0" time="0.0141365">
        <testcase classname="src/api/services/__tests__/crm-opportunities.service.test.ts" name="CrmOpportunitiesService &gt; searchOpportunities should call GET opportunities with query params" time="0.0068254">
        </testcase>
        <testcase classname="src/api/services/__tests__/crm-opportunities.service.test.ts" name="CrmOpportunitiesService &gt; updateOpportunityForecast should PUT to the forecast endpoint" time="0.0012272">
        </testcase>
        <testcase classname="src/api/services/__tests__/crm-opportunities.service.test.ts" name="CrmOpportunitiesService &gt; moveOpportunityStage should POST to the move-stage endpoint" time="0.0005386">
        </testcase>
        <testcase classname="src/api/services/__tests__/crm-opportunities.service.test.ts" name="CrmOpportunitiesService &gt; markOpportunityLost should POST to the mark-lost endpoint" time="0.0008001">
        </testcase>
        <testcase classname="src/api/services/__tests__/crm-opportunities.service.test.ts" name="CrmOpportunitiesService &gt; addOpportunityLine should POST to the lines endpoint" time="0.00056">
        </testcase>
        <testcase classname="src/api/services/__tests__/crm-opportunities.service.test.ts" name="CrmOpportunitiesService &gt; markOpportunityWon should POST with request payload" time="0.000478">
        </testcase>
        <testcase classname="src/api/services/__tests__/crm-opportunities.service.test.ts" name="CrmOpportunitiesService &gt; createOpportunity should POST to the opportunities base endpoint" time="0.0004921">
        </testcase>
    </testsuite>
    <testsuite name="src/api/services/__tests__/customers.service.test.ts" timestamp="2026-05-01T19:32:10.970Z" hostname="Andreu" tests="8" failures="0" errors="0" skipped="0" time="0.0138634">
        <testcase classname="src/api/services/__tests__/customers.service.test.ts" name="CustomersService &gt; getCustomers &gt; should fetch all customers" time="0.0051033">
        </testcase>
        <testcase classname="src/api/services/__tests__/customers.service.test.ts" name="CustomersService &gt; searchCustomers &gt; should search customers with query spec" time="0.0017839">
        </testcase>
        <testcase classname="src/api/services/__tests__/customers.service.test.ts" name="CustomersService &gt; createCustomer &gt; should create a new customer" time="0.0005884">
        </testcase>
        <testcase classname="src/api/services/__tests__/customers.service.test.ts" name="CustomersService &gt; getCustomerById &gt; should fetch customer by ID" time="0.0004993">
        </testcase>
        <testcase classname="src/api/services/__tests__/customers.service.test.ts" name="CustomersService &gt; updateCustomer &gt; should update an existing customer" time="0.0005201">
        </testcase>
        <testcase classname="src/api/services/__tests__/customers.service.test.ts" name="CustomersService &gt; deleteCustomer &gt; should delete a customer" time="0.0003431">
        </testcase>
        <testcase classname="src/api/services/__tests__/customers.service.test.ts" name="CustomersService &gt; exportToXlsx &gt; should export customers to xlsx" time="0.0007691">
        </testcase>
        <testcase classname="src/api/services/__tests__/customers.service.test.ts" name="CustomersService &gt; exportToPdf &gt; should export customers to pdf" time="0.0005306">
        </testcase>
    </testsuite>
    <testsuite name="src/api/services/__tests__/inventory-transactions.service.test.ts" timestamp="2026-05-01T19:32:10.972Z" hostname="Andreu" tests="11" failures="0" errors="0" skipped="0" time="0.0150017">
        <testcase classname="src/api/services/__tests__/inventory-transactions.service.test.ts" name="InventoryTransactionsService &gt; getTransactions &gt; should fetch all transactions" time="0.0047711">
        </testcase>
        <testcase classname="src/api/services/__tests__/inventory-transactions.service.test.ts" name="InventoryTransactionsService &gt; getTransactionsPaginated &gt; should fetch paginated transactions" time="0.0018677">
        </testcase>
        <testcase classname="src/api/services/__tests__/inventory-transactions.service.test.ts" name="InventoryTransactionsService &gt; getTransactionsPaginated &gt; should use default pagination parameters" time="0.0007792">
        </testcase>
        <testcase classname="src/api/services/__tests__/inventory-transactions.service.test.ts" name="InventoryTransactionsService &gt; searchTransactions &gt; should search transactions with query spec" time="0.0006314">
        </testcase>
        <testcase classname="src/api/services/__tests__/inventory-transactions.service.test.ts" name="InventoryTransactionsService &gt; getTransactionById &gt; should fetch transaction by ID" time="0.0004674">
        </testcase>
        <testcase classname="src/api/services/__tests__/inventory-transactions.service.test.ts" name="InventoryTransactionsService &gt; getTransactionsByProduct &gt; should fetch transactions by product ID" time="0.0004414">
        </testcase>
        <testcase classname="src/api/services/__tests__/inventory-transactions.service.test.ts" name="InventoryTransactionsService &gt; getTransactionsByWarehouse &gt; should fetch transactions by warehouse ID" time="0.0004336">
        </testcase>
        <testcase classname="src/api/services/__tests__/inventory-transactions.service.test.ts" name="InventoryTransactionsService &gt; getTransactionsByType &gt; should fetch transactions by type" time="0.0006495">
        </testcase>
        <testcase classname="src/api/services/__tests__/inventory-transactions.service.test.ts" name="InventoryTransactionsService &gt; createTransaction &gt; should create a new transaction" time="0.0004873">
        </testcase>
        <testcase classname="src/api/services/__tests__/inventory-transactions.service.test.ts" name="InventoryTransactionsService &gt; updateTransaction &gt; should update an existing transaction" time="0.000473">
        </testcase>
        <testcase classname="src/api/services/__tests__/inventory-transactions.service.test.ts" name="InventoryTransactionsService &gt; deleteTransaction &gt; should delete a transaction" time="0.0003316">
        </testcase>
    </testsuite>
    <testsuite name="src/api/services/__tests__/invoices.service.test.ts" timestamp="2026-05-01T19:32:10.974Z" hostname="Andreu" tests="15" failures="0" errors="0" skipped="0" time="0.0194529">
        <testcase classname="src/api/services/__tests__/invoices.service.test.ts" name="InvoicesService &gt; fetches invoices" time="0.0051674">
        </testcase>
        <testcase classname="src/api/services/__tests__/invoices.service.test.ts" name="InvoicesService &gt; searches invoices with query spec" time="0.0015801">
        </testcase>
        <testcase classname="src/api/services/__tests__/invoices.service.test.ts" name="InvoicesService &gt; fetches invoice by id" time="0.0005299">
        </testcase>
        <testcase classname="src/api/services/__tests__/invoices.service.test.ts" name="InvoicesService &gt; fetches invoices by customer" time="0.000399">
        </testcase>
        <testcase classname="src/api/services/__tests__/invoices.service.test.ts" name="InvoicesService &gt; fetches invoices by order" time="0.0005427">
        </testcase>
        <testcase classname="src/api/services/__tests__/invoices.service.test.ts" name="InvoicesService &gt; creates invoice" time="0.0004719">
        </testcase>
        <testcase classname="src/api/services/__tests__/invoices.service.test.ts" name="InvoicesService &gt; issues invoice" time="0.0004503">
        </testcase>
        <testcase classname="src/api/services/__tests__/invoices.service.test.ts" name="InvoicesService &gt; records invoice payment" time="0.0004648">
        </testcase>
        <testcase classname="src/api/services/__tests__/invoices.service.test.ts" name="InvoicesService &gt; cancels invoice" time="0.0004578">
        </testcase>
        <testcase classname="src/api/services/__tests__/invoices.service.test.ts" name="InvoicesService &gt; creates credit note for invoice" time="0.0004163">
        </testcase>
        <testcase classname="src/api/services/__tests__/invoices.service.test.ts" name="InvoicesService &gt; fetches payments by invoice" time="0.0003777">
        </testcase>
        <testcase classname="src/api/services/__tests__/invoices.service.test.ts" name="InvoicesService &gt; fetches credit notes by invoice" time="0.0003724">
        </testcase>
        <testcase classname="src/api/services/__tests__/invoices.service.test.ts" name="InvoicesService &gt; exports invoices to xlsx" time="0.0015747">
        </testcase>
        <testcase classname="src/api/services/__tests__/invoices.service.test.ts" name="InvoicesService &gt; exports invoices to pdf" time="0.000627">
        </testcase>
        <testcase classname="src/api/services/__tests__/invoices.service.test.ts" name="InvoicesService &gt; propagates service errors" time="0.0026667">
        </testcase>
    </testsuite>
    <testsuite name="src/api/services/__tests__/leads.service.test.ts" timestamp="2026-05-01T19:32:10.977Z" hostname="Andreu" tests="4" failures="0" errors="0" skipped="0" time="0.0121277">
        <testcase classname="src/api/services/__tests__/leads.service.test.ts" name="LeadsService &gt; searchLeads should call the leads endpoint with query params" time="0.0062219">
        </testcase>
        <testcase classname="src/api/services/__tests__/leads.service.test.ts" name="LeadsService &gt; qualifyLead should POST to the qualify endpoint" time="0.000763">
        </testcase>
        <testcase classname="src/api/services/__tests__/leads.service.test.ts" name="LeadsService &gt; createLead should POST to the leads base endpoint" time="0.0007685">
        </testcase>
        <testcase classname="src/api/services/__tests__/leads.service.test.ts" name="LeadsService &gt; updateLead should PUT to the lead by id endpoint" time="0.0005536">
        </testcase>
    </testsuite>
    <testsuite name="src/api/services/__tests__/orders.service.test.ts" timestamp="2026-05-01T19:32:10.978Z" hostname="Andreu" tests="10" failures="0" errors="0" skipped="0" time="0.0140019">
        <testcase classname="src/api/services/__tests__/orders.service.test.ts" name="OrdersService &gt; getOrders &gt; should fetch all orders" time="0.004685">
        </testcase>
        <testcase classname="src/api/services/__tests__/orders.service.test.ts" name="OrdersService &gt; getOrderById &gt; should fetch order by ID" time="0.0007825">
        </testcase>
        <testcase classname="src/api/services/__tests__/orders.service.test.ts" name="OrdersService &gt; createOrder &gt; should create a new order" time="0.0011481">
        </testcase>
        <testcase classname="src/api/services/__tests__/orders.service.test.ts" name="OrdersService &gt; updateOrder &gt; should update an existing order" time="0.0005786">
        </testcase>
        <testcase classname="src/api/services/__tests__/orders.service.test.ts" name="OrdersService &gt; deleteOrder &gt; should delete an order" time="0.0003758">
        </testcase>
        <testcase classname="src/api/services/__tests__/orders.service.test.ts" name="OrdersService &gt; createOrderWithReservation &gt; should create order with reservation" time="0.0004582">
        </testcase>
        <testcase classname="src/api/services/__tests__/orders.service.test.ts" name="OrdersService &gt; fulfillOrder &gt; should fulfill an order" time="0.0004665">
        </testcase>
        <testcase classname="src/api/services/__tests__/orders.service.test.ts" name="OrdersService &gt; cancelOrder &gt; should cancel an order" time="0.0003772">
        </testcase>
        <testcase classname="src/api/services/__tests__/orders.service.test.ts" name="OrdersService &gt; exportToXlsx &gt; should export orders to xlsx" time="0.0009717">
        </testcase>
        <testcase classname="src/api/services/__tests__/orders.service.test.ts" name="OrdersService &gt; exportToPdf &gt; should export orders to pdf" time="0.0005081">
        </testcase>
    </testsuite>
    <testsuite name="src/api/services/__tests__/permissions.service.test.ts" timestamp="2026-05-01T19:32:10.980Z" hostname="Andreu" tests="10" failures="0" errors="0" skipped="0" time="0.0146973">
        <testcase classname="src/api/services/__tests__/permissions.service.test.ts" name="PermissionsService &gt; getPermissions &gt; should fetch all permissions" time="0.0051148">
        </testcase>
        <testcase classname="src/api/services/__tests__/permissions.service.test.ts" name="PermissionsService &gt; getPermissionsPaginated &gt; should fetch paginated permissions" time="0.0016273">
        </testcase>
        <testcase classname="src/api/services/__tests__/permissions.service.test.ts" name="PermissionsService &gt; getPermissionsPaginated &gt; should fetch paginated permissions without params" time="0.0004852">
        </testcase>
        <testcase classname="src/api/services/__tests__/permissions.service.test.ts" name="PermissionsService &gt; searchPermissions &gt; should search permissions with query spec" time="0.0007451">
        </testcase>
        <testcase classname="src/api/services/__tests__/permissions.service.test.ts" name="PermissionsService &gt; getPermissionById &gt; should fetch permission by ID" time="0.0004579">
        </testcase>
        <testcase classname="src/api/services/__tests__/permissions.service.test.ts" name="PermissionsService &gt; getPermissionByModuleAction &gt; should fetch permission by module and action" time="0.0005676">
        </testcase>
        <testcase classname="src/api/services/__tests__/permissions.service.test.ts" name="PermissionsService &gt; checkPermission &gt; should check permission and return boolean" time="0.0006916">
        </testcase>
        <testcase classname="src/api/services/__tests__/permissions.service.test.ts" name="PermissionsService &gt; createPermission &gt; should create a new permission" time="0.0005296">
        </testcase>
        <testcase classname="src/api/services/__tests__/permissions.service.test.ts" name="PermissionsService &gt; updatePermission &gt; should update an existing permission" time="0.0004362">
        </testcase>
        <testcase classname="src/api/services/__tests__/permissions.service.test.ts" name="PermissionsService &gt; deletePermission &gt; should delete a permission" time="0.0003645">
        </testcase>
    </testsuite>
    <testsuite name="src/api/services/__tests__/products.service.test.ts" timestamp="2026-05-01T19:32:10.981Z" hostname="Andreu" tests="12" failures="0" errors="0" skipped="0" time="0.0150279">
        <testcase classname="src/api/services/__tests__/products.service.test.ts" name="ProductsService &gt; getProducts &gt; should fetch all products" time="0.0044431">
        </testcase>
        <testcase classname="src/api/services/__tests__/products.service.test.ts" name="ProductsService &gt; getProductBySku &gt; should fetch product by SKU" time="0.0008394">
        </testcase>
        <testcase classname="src/api/services/__tests__/products.service.test.ts" name="ProductsService &gt; getLowStockProducts &gt; should fetch low stock products" time="0.0004801">
        </testcase>
        <testcase classname="src/api/services/__tests__/products.service.test.ts" name="ProductsService &gt; getProductById &gt; should fetch product by ID" time="0.0004353">
        </testcase>
        <testcase classname="src/api/services/__tests__/products.service.test.ts" name="ProductsService &gt; getProductsPaginated &gt; should fetch products with pagination" time="0.0014923">
        </testcase>
        <testcase classname="src/api/services/__tests__/products.service.test.ts" name="ProductsService &gt; getProductsPaginated &gt; should use default page and pageSize when not provided" time="0.0004314">
        </testcase>
        <testcase classname="src/api/services/__tests__/products.service.test.ts" name="ProductsService &gt; searchProducts &gt; should search products with query spec" time="0.0005364">
        </testcase>
        <testcase classname="src/api/services/__tests__/products.service.test.ts" name="ProductsService &gt; createProduct &gt; should create a new product" time="0.0005676">
        </testcase>
        <testcase classname="src/api/services/__tests__/products.service.test.ts" name="ProductsService &gt; updateProduct &gt; should update an existing product" time="0.0004714">
        </testcase>
        <testcase classname="src/api/services/__tests__/products.service.test.ts" name="ProductsService &gt; deleteProduct &gt; should delete a product" time="0.0002932">
        </testcase>
        <testcase classname="src/api/services/__tests__/products.service.test.ts" name="ProductsService &gt; exportToXlsx &gt; should export products to XLSX" time="0.0009216">
        </testcase>
        <testcase classname="src/api/services/__tests__/products.service.test.ts" name="ProductsService &gt; exportToPdf &gt; should export products to PDF" time="0.0006016">
        </testcase>
    </testsuite>
    <testsuite name="src/api/services/__tests__/purchase-orders.service.test.ts" timestamp="2026-05-01T19:32:10.984Z" hostname="Andreu" tests="13" failures="0" errors="0" skipped="0" time="0.0186864">
        <testcase classname="src/api/services/__tests__/purchase-orders.service.test.ts" name="PurchaseOrdersService &gt; getPurchaseOrders &gt; should fetch all purchase orders" time="0.0059742">
        </testcase>
        <testcase classname="src/api/services/__tests__/purchase-orders.service.test.ts" name="PurchaseOrdersService &gt; getPurchaseOrderById &gt; should fetch purchase order by ID" time="0.0007904">
        </testcase>
        <testcase classname="src/api/services/__tests__/purchase-orders.service.test.ts" name="PurchaseOrdersService &gt; searchPurchaseOrders &gt; should search purchase orders with query spec" time="0.0016392">
        </testcase>
        <testcase classname="src/api/services/__tests__/purchase-orders.service.test.ts" name="PurchaseOrdersService &gt; getPurchaseOrdersBySupplier &gt; should fetch purchase orders by supplier ID" time="0.0004762">
        </testcase>
        <testcase classname="src/api/services/__tests__/purchase-orders.service.test.ts" name="PurchaseOrdersService &gt; getPurchaseOrdersByStatus &gt; should fetch purchase orders by status" time="0.0004392">
        </testcase>
        <testcase classname="src/api/services/__tests__/purchase-orders.service.test.ts" name="PurchaseOrdersService &gt; createPurchaseOrder &gt; should create a new purchase order" time="0.0004774">
        </testcase>
        <testcase classname="src/api/services/__tests__/purchase-orders.service.test.ts" name="PurchaseOrdersService &gt; updatePurchaseOrder &gt; should update a purchase order" time="0.0006389">
        </testcase>
        <testcase classname="src/api/services/__tests__/purchase-orders.service.test.ts" name="PurchaseOrdersService &gt; updatePurchaseOrderStatus &gt; should update purchase order status" time="0.0005613">
        </testcase>
        <testcase classname="src/api/services/__tests__/purchase-orders.service.test.ts" name="PurchaseOrdersService &gt; deletePurchaseOrder &gt; should delete a purchase order" time="0.0003981">
        </testcase>
        <testcase classname="src/api/services/__tests__/purchase-orders.service.test.ts" name="PurchaseOrdersService &gt; approvePurchaseOrder &gt; should approve a purchase order" time="0.000589">
        </testcase>
        <testcase classname="src/api/services/__tests__/purchase-orders.service.test.ts" name="PurchaseOrdersService &gt; receivePurchaseOrder &gt; should receive a purchase order" time="0.0006948">
        </testcase>
        <testcase classname="src/api/services/__tests__/purchase-orders.service.test.ts" name="PurchaseOrdersService &gt; exportToXlsx &gt; should export purchase orders to XLSX" time="0.0011013">
        </testcase>
        <testcase classname="src/api/services/__tests__/purchase-orders.service.test.ts" name="PurchaseOrdersService &gt; exportToPdf &gt; should export purchase orders to PDF" time="0.0007542">
        </testcase>
    </testsuite>
    <testsuite name="src/api/services/__tests__/roles.service.test.ts" timestamp="2026-05-01T19:32:10.988Z" hostname="Andreu" tests="14" failures="0" errors="0" skipped="0" time="0.0184441">
        <testcase classname="src/api/services/__tests__/roles.service.test.ts" name="RolesService &gt; getRoles &gt; should fetch all roles" time="0.0050754">
        </testcase>
        <testcase classname="src/api/services/__tests__/roles.service.test.ts" name="RolesService &gt; getRolesPaginated &gt; should fetch paginated roles" time="0.0014948">
        </testcase>
        <testcase classname="src/api/services/__tests__/roles.service.test.ts" name="RolesService &gt; searchRoles &gt; should search roles with query spec" time="0.0005268">
        </testcase>
        <testcase classname="src/api/services/__tests__/roles.service.test.ts" name="RolesService &gt; getRoleById &gt; should fetch role by ID" time="0.0006315">
        </testcase>
        <testcase classname="src/api/services/__tests__/roles.service.test.ts" name="RolesService &gt; getRoleByName &gt; should fetch role by name" time="0.0004726">
        </testcase>
        <testcase classname="src/api/services/__tests__/roles.service.test.ts" name="RolesService &gt; createRole &gt; should create a new role" time="0.000527">
        </testcase>
        <testcase classname="src/api/services/__tests__/roles.service.test.ts" name="RolesService &gt; updateRole &gt; should update an existing role" time="0.0005164">
        </testcase>
        <testcase classname="src/api/services/__tests__/roles.service.test.ts" name="RolesService &gt; deleteRole &gt; should delete a role" time="0.0003506">
        </testcase>
        <testcase classname="src/api/services/__tests__/roles.service.test.ts" name="RolesService &gt; getUsersInRole &gt; should get users in a role" time="0.0005037">
        </testcase>
        <testcase classname="src/api/services/__tests__/roles.service.test.ts" name="RolesService &gt; addPermissionToRole &gt; should add permission to a role" time="0.0003459">
        </testcase>
        <testcase classname="src/api/services/__tests__/roles.service.test.ts" name="RolesService &gt; removePermissionFromRole &gt; should remove permission from a role" time="0.0022808">
            <system-out>
[RolesService] Removing permission: {
  roleId: &apos;1&apos;,
  permissionId: &apos;perm1&apos;,
  endpoint: &apos;/auth/api/roles/1/permissions/perm1&apos;
}

            </system-out>
        </testcase>
        <testcase classname="src/api/services/__tests__/roles.service.test.ts" name="RolesService &gt; getRolePermissions &gt; should get permissions for a role" time="0.0004245">
        </testcase>
        <testcase classname="src/api/services/__tests__/roles.service.test.ts" name="RolesService &gt; exportToXlsx &gt; should export roles to XLSX" time="0.0009207">
        </testcase>
        <testcase classname="src/api/services/__tests__/roles.service.test.ts" name="RolesService &gt; exportToPdf &gt; should export roles to PDF" time="0.0005446">
        </testcase>
    </testsuite>
    <testsuite name="src/api/services/__tests__/sales-orders.service.test.ts" timestamp="2026-05-01T19:32:10.992Z" hostname="Andreu" tests="11" failures="0" errors="0" skipped="0" time="0.0163197">
        <testcase classname="src/api/services/__tests__/sales-orders.service.test.ts" name="SalesOrdersService &gt; getSalesOrders &gt; should fetch all sales orders" time="0.0050986">
        </testcase>
        <testcase classname="src/api/services/__tests__/sales-orders.service.test.ts" name="SalesOrdersService &gt; createSalesOrder &gt; should create a new sales order" time="0.0012444">
        </testcase>
        <testcase classname="src/api/services/__tests__/sales-orders.service.test.ts" name="SalesOrdersService &gt; createQuote &gt; should create a quote" time="0.0008107">
        </testcase>
        <testcase classname="src/api/services/__tests__/sales-orders.service.test.ts" name="SalesOrdersService &gt; confirmQuote &gt; should confirm a quote" time="0.0005902">
        </testcase>
        <testcase classname="src/api/services/__tests__/sales-orders.service.test.ts" name="SalesOrdersService &gt; checkStockAvailability &gt; should check stock availability for order lines" time="0.0005109">
        </testcase>
        <testcase classname="src/api/services/__tests__/sales-orders.service.test.ts" name="SalesOrdersService &gt; searchSalesOrders &gt; should search sales orders with query spec" time="0.0009396">
        </testcase>
        <testcase classname="src/api/services/__tests__/sales-orders.service.test.ts" name="SalesOrdersService &gt; getSalesOrderById &gt; should fetch sales order by ID" time="0.0004791">
        </testcase>
        <testcase classname="src/api/services/__tests__/sales-orders.service.test.ts" name="SalesOrdersService &gt; updateSalesOrder &gt; should update a sales order" time="0.000533">
        </testcase>
        <testcase classname="src/api/services/__tests__/sales-orders.service.test.ts" name="SalesOrdersService &gt; deleteSalesOrder &gt; should delete a sales order" time="0.0003958">
        </testcase>
        <testcase classname="src/api/services/__tests__/sales-orders.service.test.ts" name="SalesOrdersService &gt; exportToXlsx &gt; should export sales orders to xlsx" time="0.0007877">
        </testcase>
        <testcase classname="src/api/services/__tests__/sales-orders.service.test.ts" name="SalesOrdersService &gt; exportToPdf &gt; should export sales orders to pdf" time="0.0007164">
        </testcase>
    </testsuite>
    <testsuite name="src/api/services/__tests__/stock-operations.service.test.ts" timestamp="2026-05-01T19:32:11.001Z" hostname="Andreu" tests="4" failures="0" errors="0" skipped="0" time="0.0107003">
        <testcase classname="src/api/services/__tests__/stock-operations.service.test.ts" name="StockOperationsService &gt; reserveStock &gt; should reserve stock" time="0.0058807">
        </testcase>
        <testcase classname="src/api/services/__tests__/stock-operations.service.test.ts" name="StockOperationsService &gt; releaseReservation &gt; should release a reservation" time="0.0005385">
        </testcase>
        <testcase classname="src/api/services/__tests__/stock-operations.service.test.ts" name="StockOperationsService &gt; transferStock &gt; should transfer stock between warehouses" time="0.0004868">
        </testcase>
        <testcase classname="src/api/services/__tests__/stock-operations.service.test.ts" name="StockOperationsService &gt; adjustStock &gt; should adjust stock" time="0.0004891">
        </testcase>
    </testsuite>
    <testsuite name="src/api/services/__tests__/suppliers.service.test.ts" timestamp="2026-05-01T19:32:11.004Z" hostname="Andreu" tests="8" failures="0" errors="0" skipped="0" time="0.0144887">
        <testcase classname="src/api/services/__tests__/suppliers.service.test.ts" name="SuppliersService &gt; getSuppliers &gt; should fetch all suppliers" time="0.0052835">
        </testcase>
        <testcase classname="src/api/services/__tests__/suppliers.service.test.ts" name="SuppliersService &gt; getSupplierById &gt; should fetch supplier by ID" time="0.0007812">
        </testcase>
        <testcase classname="src/api/services/__tests__/suppliers.service.test.ts" name="SuppliersService &gt; getSupplierByEmail &gt; should fetch supplier by email" time="0.0005144">
        </testcase>
        <testcase classname="src/api/services/__tests__/suppliers.service.test.ts" name="SuppliersService &gt; searchSuppliersByName &gt; should search suppliers by name" time="0.0004932">
        </testcase>
        <testcase classname="src/api/services/__tests__/suppliers.service.test.ts" name="SuppliersService &gt; advancedSearchSuppliers &gt; should advanced search suppliers with query spec" time="0.0014706">
        </testcase>
        <testcase classname="src/api/services/__tests__/suppliers.service.test.ts" name="SuppliersService &gt; createSupplier &gt; should create a new supplier" time="0.0005545">
        </testcase>
        <testcase classname="src/api/services/__tests__/suppliers.service.test.ts" name="SuppliersService &gt; updateSupplier &gt; should update an existing supplier" time="0.0004988">
        </testcase>
        <testcase classname="src/api/services/__tests__/suppliers.service.test.ts" name="SuppliersService &gt; deleteSupplier &gt; should delete a supplier" time="0.0007605">
        </testcase>
    </testsuite>
    <testsuite name="src/api/services/__tests__/users.service.test.ts" timestamp="2026-05-01T19:32:11.007Z" hostname="Andreu" tests="13" failures="0" errors="0" skipped="0" time="0.0161244">
        <testcase classname="src/api/services/__tests__/users.service.test.ts" name="UsersService &gt; getUsers &gt; should fetch all users" time="0.0058283">
        </testcase>
        <testcase classname="src/api/services/__tests__/users.service.test.ts" name="UsersService &gt; getUsersPaginated &gt; should fetch paginated users" time="0.0015367">
        </testcase>
        <testcase classname="src/api/services/__tests__/users.service.test.ts" name="UsersService &gt; getUsersPaginated &gt; should fetch paginated users without params" time="0.0004376">
        </testcase>
        <testcase classname="src/api/services/__tests__/users.service.test.ts" name="UsersService &gt; searchUsers &gt; should search users with query spec" time="0.0007177">
        </testcase>
        <testcase classname="src/api/services/__tests__/users.service.test.ts" name="UsersService &gt; getUserById &gt; should fetch user by ID" time="0.0004668">
        </testcase>
        <testcase classname="src/api/services/__tests__/users.service.test.ts" name="UsersService &gt; getUserByEmail &gt; should fetch user by email" time="0.0005282">
        </testcase>
        <testcase classname="src/api/services/__tests__/users.service.test.ts" name="UsersService &gt; getCurrentUser &gt; should get current user" time="0.0004275">
        </testcase>
        <testcase classname="src/api/services/__tests__/users.service.test.ts" name="UsersService &gt; createUser &gt; should create a new user" time="0.0005089">
        </testcase>
        <testcase classname="src/api/services/__tests__/users.service.test.ts" name="UsersService &gt; updateUser &gt; should update an existing user" time="0.0004616">
        </testcase>
        <testcase classname="src/api/services/__tests__/users.service.test.ts" name="UsersService &gt; deleteUser &gt; should delete a user" time="0.0003578">
        </testcase>
        <testcase classname="src/api/services/__tests__/users.service.test.ts" name="UsersService &gt; assignRole &gt; should assign a role to a user" time="0.0003625">
        </testcase>
        <testcase classname="src/api/services/__tests__/users.service.test.ts" name="UsersService &gt; removeRole &gt; should remove a role from a user" time="0.000355">
        </testcase>
        <testcase classname="src/api/services/__tests__/users.service.test.ts" name="UsersService &gt; getUserRoles &gt; should get roles for a user" time="0.0004088">
        </testcase>
    </testsuite>
    <testsuite name="src/api/services/__tests__/warehouse-stocks.service.test.ts" timestamp="2026-05-01T19:32:11.011Z" hostname="Andreu" tests="7" failures="0" errors="0" skipped="0" time="0.013107">
        <testcase classname="src/api/services/__tests__/warehouse-stocks.service.test.ts" name="WarehouseStocksService &gt; getStockByProductAndWarehouse &gt; should fetch stock by product and warehouse" time="0.004989">
        </testcase>
        <testcase classname="src/api/services/__tests__/warehouse-stocks.service.test.ts" name="WarehouseStocksService &gt; getStocksByProduct &gt; should fetch stocks by product ID" time="0.0007377">
        </testcase>
        <testcase classname="src/api/services/__tests__/warehouse-stocks.service.test.ts" name="WarehouseStocksService &gt; getStocksByWarehouse &gt; should fetch stocks by warehouse ID" time="0.0004615">
        </testcase>
        <testcase classname="src/api/services/__tests__/warehouse-stocks.service.test.ts" name="WarehouseStocksService &gt; getProductAvailability &gt; should fetch product availability" time="0.0004547">
        </testcase>
        <testcase classname="src/api/services/__tests__/warehouse-stocks.service.test.ts" name="WarehouseStocksService &gt; getLowStocks &gt; should fetch low stock items" time="0.0004191">
        </testcase>
        <testcase classname="src/api/services/__tests__/warehouse-stocks.service.test.ts" name="WarehouseStocksService &gt; exportToXlsx &gt; should export warehouse stocks to XLSX" time="0.0016423">
        </testcase>
        <testcase classname="src/api/services/__tests__/warehouse-stocks.service.test.ts" name="WarehouseStocksService &gt; exportToPdf &gt; should export warehouse stocks to PDF" time="0.0007286">
        </testcase>
    </testsuite>
    <testsuite name="src/api/services/__tests__/warehouses.service.test.ts" timestamp="2026-05-01T19:32:11.013Z" hostname="Andreu" tests="10" failures="0" errors="0" skipped="0" time="0.0154155">
        <testcase classname="src/api/services/__tests__/warehouses.service.test.ts" name="WarehousesService &gt; getWarehouses &gt; should fetch all warehouses" time="0.00484">
        </testcase>
        <testcase classname="src/api/services/__tests__/warehouses.service.test.ts" name="WarehousesService &gt; getWarehousesPaginated &gt; should fetch warehouses with pagination" time="0.0017481">
        </testcase>
        <testcase classname="src/api/services/__tests__/warehouses.service.test.ts" name="WarehousesService &gt; getWarehousesPaginated &gt; should use default page and pageSize when not provided" time="0.0004619">
        </testcase>
        <testcase classname="src/api/services/__tests__/warehouses.service.test.ts" name="WarehousesService &gt; searchWarehouses &gt; should search warehouses with query spec" time="0.000824">
        </testcase>
        <testcase classname="src/api/services/__tests__/warehouses.service.test.ts" name="WarehousesService &gt; getWarehouseById &gt; should fetch warehouse by ID" time="0.000442">
        </testcase>
        <testcase classname="src/api/services/__tests__/warehouses.service.test.ts" name="WarehousesService &gt; createWarehouse &gt; should create a new warehouse" time="0.0004416">
        </testcase>
        <testcase classname="src/api/services/__tests__/warehouses.service.test.ts" name="WarehousesService &gt; updateWarehouse &gt; should update a warehouse" time="0.0004088">
        </testcase>
        <testcase classname="src/api/services/__tests__/warehouses.service.test.ts" name="WarehousesService &gt; deleteWarehouse &gt; should delete a warehouse" time="0.0002879">
        </testcase>
        <testcase classname="src/api/services/__tests__/warehouses.service.test.ts" name="WarehousesService &gt; exportToXlsx &gt; should export warehouses to XLSX" time="0.0009661">
        </testcase>
        <testcase classname="src/api/services/__tests__/warehouses.service.test.ts" name="WarehousesService &gt; exportToPdf &gt; should export warehouses to PDF" time="0.0005623">
        </testcase>
    </testsuite>
    <testsuite name="src/components/crm/__tests__/add-opportunity-line-dialog.test.tsx" timestamp="2026-05-01T19:32:11.016Z" hostname="Andreu" tests="2" failures="0" errors="0" skipped="0" time="0.2957179">
        <testcase classname="src/components/crm/__tests__/add-opportunity-line-dialog.test.tsx" name="AddOpportunityLineDialog &gt; loads products and renders form" time="0.164927">
            <system-err>
⚠️ React Router Future Flag Warning: React Router will begin wrapping state updates in `React.startTransition` in v7. You can use the `v7_startTransition` future flag to opt-in early. For more information, see https://reactrouter.com/v6/upgrading/future#v7_starttransition.
⚠️ React Router Future Flag Warning: Relative route resolution within Splat routes is changing in v7. You can use the `v7_relativeSplatPath` future flag to opt-in early. For more information, see https://reactrouter.com/v6/upgrading/future#v7_relativesplatpath.

            </system-err>
        </testcase>
        <testcase classname="src/components/crm/__tests__/add-opportunity-line-dialog.test.tsx" name="AddOpportunityLineDialog &gt; submits a new line and calls onSuccess" time="0.1277166">
        </testcase>
    </testsuite>
    <testsuite name="src/components/crm/__tests__/create-activity-dialog.test.tsx" timestamp="2026-05-01T19:32:11.017Z" hostname="Andreu" tests="2" failures="0" errors="0" skipped="0" time="0.2590122">
        <testcase classname="src/components/crm/__tests__/create-activity-dialog.test.tsx" name="CreateActivityDialog &gt; renders create activity form when open" time="0.1510917">
            <system-err>
⚠️ React Router Future Flag Warning: React Router will begin wrapping state updates in `React.startTransition` in v7. You can use the `v7_startTransition` future flag to opt-in early. For more information, see https://reactrouter.com/v6/upgrading/future#v7_starttransition.
⚠️ React Router Future Flag Warning: Relative route resolution within Splat routes is changing in v7. You can use the `v7_relativeSplatPath` future flag to opt-in early. For more information, see https://reactrouter.com/v6/upgrading/future#v7_relativesplatpath.

            </system-err>
        </testcase>
        <testcase classname="src/components/crm/__tests__/create-activity-dialog.test.tsx" name="CreateActivityDialog &gt; creates activity on valid submit" time="0.1044059">
        </testcase>
    </testsuite>
    <testsuite name="src/components/crm/__tests__/create-contact-dialog.test.tsx" timestamp="2026-05-01T19:32:11.019Z" hostname="Andreu" tests="3" failures="0" errors="0" skipped="0" time="0.3608694">
        <testcase classname="src/components/crm/__tests__/create-contact-dialog.test.tsx" name="CreateContactDialog &gt; renders create contact form when open and loads accounts" time="0.1775389">
            <system-err>
⚠️ React Router Future Flag Warning: React Router will begin wrapping state updates in `React.startTransition` in v7. You can use the `v7_startTransition` future flag to opt-in early. For more information, see https://reactrouter.com/v6/upgrading/future#v7_starttransition.
⚠️ React Router Future Flag Warning: Relative route resolution within Splat routes is changing in v7. You can use the `v7_relativeSplatPath` future flag to opt-in early. For more information, see https://reactrouter.com/v6/upgrading/future#v7_relativesplatpath.

            </system-err>
        </testcase>
        <testcase classname="src/components/crm/__tests__/create-contact-dialog.test.tsx" name="CreateContactDialog &gt; calls createContact and notifies on success" time="0.139852">
        </testcase>
        <testcase classname="src/components/crm/__tests__/create-contact-dialog.test.tsx" name="CreateContactDialog &gt; calls onOpenChange(false) when Cancel is clicked" time="0.040733">
            <system-err>
Warning: An update to CreateContactDialog inside a test was not wrapped in act(...).

When testing, code that causes React state updates should be wrapped into act(...):

act(() =&gt; {
  /* fire events that update state */
});
/* assert on the output */

This ensures that you&apos;re testing the behavior the user would see in the browser. Learn more at https://reactjs.org/link/wrap-tests-with-act
    at CreateContactDialog (C:/Projects/ERP_ASPIRE_APP/erp-frontend-vite/src/components/crm/create-contact-dialog.tsx:26:3)
    at AuthProvider (C:/Projects/ERP_ASPIRE_APP/erp-frontend-vite/src/contexts/auth.context.tsx:19:25)
    at Router (C:\Projects\ERP_ASPIRE_APP\erp-frontend-vite\node_modules\react-router\dist\umd\react-router.development.js:1207:17)
    at BrowserRouter (C:\Projects\ERP_ASPIRE_APP\erp-frontend-vite\node_modules\react-router-dom\dist\umd\react-router-dom.development.js:695:7)
    at AllTheProviders (C:/Projects/ERP_ASPIRE_APP/erp-frontend-vite/src/test/utils/test-utils.tsx:12:28)
Warning: An update to CreateContactDialog inside a test was not wrapped in act(...).

When testing, code that causes React state updates should be wrapped into act(...):

act(() =&gt; {
  /* fire events that update state */
});
/* assert on the output */

This ensures that you&apos;re testing the behavior the user would see in the browser. Learn more at https://reactjs.org/link/wrap-tests-with-act
    at CreateContactDialog (C:/Projects/ERP_ASPIRE_APP/erp-frontend-vite/src/components/crm/create-contact-dialog.tsx:26:3)
    at AuthProvider (C:/Projects/ERP_ASPIRE_APP/erp-frontend-vite/src/contexts/auth.context.tsx:19:25)
    at Router (C:\Projects\ERP_ASPIRE_APP\erp-frontend-vite\node_modules\react-router\dist\umd\react-router.development.js:1207:17)
    at BrowserRouter (C:\Projects\ERP_ASPIRE_APP\erp-frontend-vite\node_modules\react-router-dom\dist\umd\react-router-dom.development.js:695:7)
    at AllTheProviders (C:/Projects/ERP_ASPIRE_APP/erp-frontend-vite/src/test/utils/test-utils.tsx:12:28)

            </system-err>
        </testcase>
    </testsuite>
    <testsuite name="src/components/crm/__tests__/create-lead-dialog.test.tsx" timestamp="2026-05-01T19:32:11.021Z" hostname="Andreu" tests="3" failures="0" errors="0" skipped="0" time="0.2474535">
        <testcase classname="src/components/crm/__tests__/create-lead-dialog.test.tsx" name="CreateLeadDialog &gt; should render create lead form when open" time="0.1313272">
            <system-err>
⚠️ React Router Future Flag Warning: React Router will begin wrapping state updates in `React.startTransition` in v7. You can use the `v7_startTransition` future flag to opt-in early. For more information, see https://reactrouter.com/v6/upgrading/future#v7_starttransition.
⚠️ React Router Future Flag Warning: Relative route resolution within Splat routes is changing in v7. You can use the `v7_relativeSplatPath` future flag to opt-in early. For more information, see https://reactrouter.com/v6/upgrading/future#v7_relativesplatpath.

            </system-err>
        </testcase>
        <testcase classname="src/components/crm/__tests__/create-lead-dialog.test.tsx" name="CreateLeadDialog &gt; should call onOpenChange(false) when Cancel is clicked" time="0.0386018">
        </testcase>
        <testcase classname="src/components/crm/__tests__/create-lead-dialog.test.tsx" name="CreateLeadDialog &gt; should create lead on valid submit" time="0.0744261">
        </testcase>
    </testsuite>
    <testsuite name="src/components/crm/__tests__/create-opportunity-dialog.test.tsx" timestamp="2026-05-01T19:32:11.022Z" hostname="Andreu" tests="1" failures="0" errors="0" skipped="0" time="0.2407233">
        <testcase classname="src/components/crm/__tests__/create-opportunity-dialog.test.tsx" name="CreateOpportunityDialog &gt; loads dependencies and creates an opportunity on submit" time="0.2375452">
            <system-err>
⚠️ React Router Future Flag Warning: React Router will begin wrapping state updates in `React.startTransition` in v7. You can use the `v7_startTransition` future flag to opt-in early. For more information, see https://reactrouter.com/v6/upgrading/future#v7_starttransition.
⚠️ React Router Future Flag Warning: Relative route resolution within Splat routes is changing in v7. You can use the `v7_relativeSplatPath` future flag to opt-in early. For more information, see https://reactrouter.com/v6/upgrading/future#v7_relativesplatpath.

            </system-err>
        </testcase>
    </testsuite>
    <testsuite name="src/components/crm/__tests__/qualify-lead-dialog.test.tsx" timestamp="2026-05-01T19:32:11.023Z" hostname="Andreu" tests="1" failures="0" errors="0" skipped="0" time="0.2025686">
        <testcase classname="src/components/crm/__tests__/qualify-lead-dialog.test.tsx" name="QualifyLeadDialog &gt; loads customers and qualifies the lead on submit" time="0.1987109">
            <system-err>
⚠️ React Router Future Flag Warning: React Router will begin wrapping state updates in `React.startTransition` in v7. You can use the `v7_startTransition` future flag to opt-in early. For more information, see https://reactrouter.com/v6/upgrading/future#v7_starttransition.
⚠️ React Router Future Flag Warning: Relative route resolution within Splat routes is changing in v7. You can use the `v7_relativeSplatPath` future flag to opt-in early. For more information, see https://reactrouter.com/v6/upgrading/future#v7_relativesplatpath.

Warning: An update to QualifyLeadDialog inside a test was not wrapped in act(...).

When testing, code that causes React state updates should be wrapped into act(...):

act(() =&gt; {
  /* fire events that update state */
});
/* assert on the output */

This ensures that you&apos;re testing the behavior the user would see in the browser. Learn more at https://reactjs.org/link/wrap-tests-with-act
    at QualifyLeadDialog (C:/Projects/ERP_ASPIRE_APP/erp-frontend-vite/src/components/crm/qualify-lead-dialog.tsx:24:3)
    at AuthProvider (C:/Projects/ERP_ASPIRE_APP/erp-frontend-vite/src/contexts/auth.context.tsx:19:25)
    at Router (C:\Projects\ERP_ASPIRE_APP\erp-frontend-vite\node_modules\react-router\dist\umd\react-router.development.js:1207:17)
    at BrowserRouter (C:\Projects\ERP_ASPIRE_APP\erp-frontend-vite\node_modules\react-router-dom\dist\umd\react-router-dom.development.js:695:7)
    at AllTheProviders (C:/Projects/ERP_ASPIRE_APP/erp-frontend-vite/src/test/utils/test-utils.tsx:12:28)

            </system-err>
        </testcase>
    </testsuite>
    <testsuite name="src/components/crm/__tests__/update-account-owner-dialog.test.tsx" timestamp="2026-05-01T19:32:11.026Z" hostname="Andreu" tests="1" failures="0" errors="0" skipped="0" time="0.2033874">
        <testcase classname="src/components/crm/__tests__/update-account-owner-dialog.test.tsx" name="UpdateAccountOwnerDialog &gt; renders and saves new owner" time="0.2005657">
            <system-err>
⚠️ React Router Future Flag Warning: React Router will begin wrapping state updates in `React.startTransition` in v7. You can use the `v7_startTransition` future flag to opt-in early. For more information, see https://reactrouter.com/v6/upgrading/future#v7_starttransition.
⚠️ React Router Future Flag Warning: Relative route resolution within Splat routes is changing in v7. You can use the `v7_relativeSplatPath` future flag to opt-in early. For more information, see https://reactrouter.com/v6/upgrading/future#v7_relativesplatpath.

            </system-err>
        </testcase>
    </testsuite>
    <testsuite name="src/components/crm/__tests__/update-opportunity-forecast-dialog.test.tsx" timestamp="2026-05-01T19:32:11.027Z" hostname="Andreu" tests="2" failures="0" errors="0" skipped="0" time="0.1944106">
        <testcase classname="src/components/crm/__tests__/update-opportunity-forecast-dialog.test.tsx" name="UpdateOpportunityForecastDialog &gt; disables save when opportunity is closed" time="0.1238451">
            <system-err>
⚠️ React Router Future Flag Warning: React Router will begin wrapping state updates in `React.startTransition` in v7. You can use the `v7_startTransition` future flag to opt-in early. For more information, see https://reactrouter.com/v6/upgrading/future#v7_starttransition.
⚠️ React Router Future Flag Warning: Relative route resolution within Splat routes is changing in v7. You can use the `v7_relativeSplatPath` future flag to opt-in early. For more information, see https://reactrouter.com/v6/upgrading/future#v7_relativesplatpath.

            </system-err>
        </testcase>
        <testcase classname="src/components/crm/__tests__/update-opportunity-forecast-dialog.test.tsx" name="UpdateOpportunityForecastDialog &gt; updates forecast on valid submit" time="0.0678376">
        </testcase>
    </testsuite>
    <testsuite name="src/components/layout/__tests__/header.test.tsx" timestamp="2026-05-01T19:32:11.028Z" hostname="Andreu" tests="3" failures="0" errors="0" skipped="0" time="0.1749947">
        <testcase classname="src/components/layout/__tests__/header.test.tsx" name="Header &gt; should render user initials" time="0.1301709">
            <system-err>
⚠️ React Router Future Flag Warning: React Router will begin wrapping state updates in `React.startTransition` in v7. You can use the `v7_startTransition` future flag to opt-in early. For more information, see https://reactrouter.com/v6/upgrading/future#v7_starttransition.
⚠️ React Router Future Flag Warning: Relative route resolution within Splat routes is changing in v7. You can use the `v7_relativeSplatPath` future flag to opt-in early. For more information, see https://reactrouter.com/v6/upgrading/future#v7_relativesplatpath.

            </system-err>
        </testcase>
        <testcase classname="src/components/layout/__tests__/header.test.tsx" name="Header &gt; should handle missing user info gracefully" time="0.0229979">
        </testcase>
        <testcase classname="src/components/layout/__tests__/header.test.tsx" name="Header &gt; should render initials for single name" time="0.0177148">
        </testcase>
    </testsuite>
    <testsuite name="src/components/layout/__tests__/list-page-layout.test.tsx" timestamp="2026-05-01T19:32:11.029Z" hostname="Andreu" tests="7" failures="0" errors="0" skipped="0" time="0.357909">
        <testcase classname="src/components/layout/__tests__/list-page-layout.test.tsx" name="ListPageLayout &gt; should render title and description" time="0.0657823">
        </testcase>
        <testcase classname="src/components/layout/__tests__/list-page-layout.test.tsx" name="ListPageLayout &gt; should call onSearch when search input changes" time="0.1758266">
        </testcase>
        <testcase classname="src/components/layout/__tests__/list-page-layout.test.tsx" name="ListPageLayout &gt; should render export buttons when onExport is provided" time="0.0109735">
        </testcase>
        <testcase classname="src/components/layout/__tests__/list-page-layout.test.tsx" name="ListPageLayout &gt; should render create button when onCreateOpen is provided" time="0.0090846">
        </testcase>
        <testcase classname="src/components/layout/__tests__/list-page-layout.test.tsx" name="ListPageLayout &gt; should display loading state" time="0.0049773">
        </testcase>
        <testcase classname="src/components/layout/__tests__/list-page-layout.test.tsx" name="ListPageLayout &gt; should display error state" time="0.004373">
        </testcase>
        <testcase classname="src/components/layout/__tests__/list-page-layout.test.tsx" name="ListPageLayout &gt; should call onExport with correct format" time="0.083778">
        </testcase>
    </testsuite>
    <testsuite name="src/components/layout/__tests__/sidebar.test.tsx" timestamp="2026-05-01T19:32:11.032Z" hostname="Andreu" tests="3" failures="0" errors="0" skipped="0" time="0.2205791">
        <testcase classname="src/components/layout/__tests__/sidebar.test.tsx" name="Sidebar &gt; should render sidebar title" time="0.1347491">
            <system-err>
⚠️ React Router Future Flag Warning: React Router will begin wrapping state updates in `React.startTransition` in v7. You can use the `v7_startTransition` future flag to opt-in early. For more information, see https://reactrouter.com/v6/upgrading/future#v7_starttransition.
⚠️ React Router Future Flag Warning: Relative route resolution within Splat routes is changing in v7. You can use the `v7_relativeSplatPath` future flag to opt-in early. For more information, see https://reactrouter.com/v6/upgrading/future#v7_relativesplatpath.

            </system-err>
        </testcase>
        <testcase classname="src/components/layout/__tests__/sidebar.test.tsx" name="Sidebar &gt; should toggle mobile menu" time="0.080018">
        </testcase>
        <testcase classname="src/components/layout/__tests__/sidebar.test.tsx" name="Sidebar &gt; should show navigation items based on permissions" time="0.0030004">
        </testcase>
    </testsuite>
    <testsuite name="src/components/orders/__tests__/create-order-dialog.test.tsx" timestamp="2026-05-01T19:32:11.033Z" hostname="Andreu" tests="15" failures="0" errors="0" skipped="0" time="3.2472565">
        <testcase classname="src/components/orders/__tests__/create-order-dialog.test.tsx" name="CreateOrderDialog &gt; renders dialog when open" time="0.1862091">
            <system-err>
⚠️ React Router Future Flag Warning: React Router will begin wrapping state updates in `React.startTransition` in v7. You can use the `v7_startTransition` future flag to opt-in early. For more information, see https://reactrouter.com/v6/upgrading/future#v7_starttransition.
⚠️ React Router Future Flag Warning: Relative route resolution within Splat routes is changing in v7. You can use the `v7_relativeSplatPath` future flag to opt-in early. For more information, see https://reactrouter.com/v6/upgrading/future#v7_relativesplatpath.

            </system-err>
        </testcase>
        <testcase classname="src/components/orders/__tests__/create-order-dialog.test.tsx" name="CreateOrderDialog &gt; does not render when closed" time="0.0048493">
        </testcase>
        <testcase classname="src/components/orders/__tests__/create-order-dialog.test.tsx" name="CreateOrderDialog &gt; loads customers and products on open" time="0.0694128">
        </testcase>
        <testcase classname="src/components/orders/__tests__/create-order-dialog.test.tsx" name="CreateOrderDialog &gt; renders customer select field" time="0.0459364">
        </testcase>
        <testcase classname="src/components/orders/__tests__/create-order-dialog.test.tsx" name="CreateOrderDialog &gt; renders order date field" time="0.0545238">
        </testcase>
        <testcase classname="src/components/orders/__tests__/create-order-dialog.test.tsx" name="CreateOrderDialog &gt; handles API error" time="0.072978">
            <system-err>
Failed to load dependency data Error: API Error
    at C:/Projects/ERP_ASPIRE_APP/erp-frontend-vite/src/components/orders/__tests__/create-order-dialog.test.tsx:115:64
    at file:///C:/Projects/ERP_ASPIRE_APP/erp-frontend-vite/node_modules/@vitest/runner/dist/index.js:145:11
    at file:///C:/Projects/ERP_ASPIRE_APP/erp-frontend-vite/node_modules/@vitest/runner/dist/index.js:915:26
    at file:///C:/Projects/ERP_ASPIRE_APP/erp-frontend-vite/node_modules/@vitest/runner/dist/index.js:1243:20
    at new Promise (&lt;anonymous&gt;)
    at runWithTimeout (file:///C:/Projects/ERP_ASPIRE_APP/erp-frontend-vite/node_modules/@vitest/runner/dist/index.js:1209:10)
    at file:///C:/Projects/ERP_ASPIRE_APP/erp-frontend-vite/node_modules/@vitest/runner/dist/index.js:1653:37
    at Traces.$ (file:///C:/Projects/ERP_ASPIRE_APP/erp-frontend-vite/node_modules/vitest/dist/chunks/traces.CCmnQaNT.js:142:27)
    at trace (file:///C:/Projects/ERP_ASPIRE_APP/erp-frontend-vite/node_modules/vitest/dist/chunks/test.B8ej_ZHS.js:239:21)
    at runTest (file:///C:/Projects/ERP_ASPIRE_APP/erp-frontend-vite/node_modules/@vitest/runner/dist/index.js:1653:12)

            </system-err>
        </testcase>
        <testcase classname="src/components/orders/__tests__/create-order-dialog.test.tsx" name="CreateOrderDialog &gt; should validate customer if order lines are present" time="0.249248">
        </testcase>
        <testcase classname="src/components/orders/__tests__/create-order-dialog.test.tsx" name="CreateOrderDialog &gt; should handle order date change" time="0.3690014">
        </testcase>
        <testcase classname="src/components/orders/__tests__/create-order-dialog.test.tsx" name="CreateOrderDialog &gt; should handle cancel button" time="0.0804837">
        </testcase>
        <testcase classname="src/components/orders/__tests__/create-order-dialog.test.tsx" name="CreateOrderDialog &gt; should have submit button disabled if no lines" time="0.0387254">
        </testcase>
        <testcase classname="src/components/orders/__tests__/create-order-dialog.test.tsx" name="CreateOrderDialog &gt; should add item to order and calculate total" time="0.3971381">
        </testcase>
        <testcase classname="src/components/orders/__tests__/create-order-dialog.test.tsx" name="CreateOrderDialog &gt; should remove item from order" time="0.3100813">
        </testcase>
        <testcase classname="src/components/orders/__tests__/create-order-dialog.test.tsx" name="CreateOrderDialog &gt; should not add item if product not selected or quantity &lt;= 0" time="0.2894662">
        </testcase>
        <testcase classname="src/components/orders/__tests__/create-order-dialog.test.tsx" name="CreateOrderDialog &gt; should handle submission loading state and error" time="0.7293646">
        </testcase>
        <testcase classname="src/components/orders/__tests__/create-order-dialog.test.tsx" name="CreateOrderDialog &gt; should submit order successfully" time="0.3391364">
        </testcase>
    </testsuite>
    <testsuite name="src/components/permissions/__tests__/create-permission-dialog.test.tsx" timestamp="2026-05-01T19:32:11.037Z" hostname="Andreu" tests="5" failures="0" errors="0" skipped="0" time="0.3864864">
        <testcase classname="src/components/permissions/__tests__/create-permission-dialog.test.tsx" name="CreatePermissionDialog &gt; should render create permission form when open" time="0.1258357">
            <system-err>
⚠️ React Router Future Flag Warning: React Router will begin wrapping state updates in `React.startTransition` in v7. You can use the `v7_startTransition` future flag to opt-in early. For more information, see https://reactrouter.com/v6/upgrading/future#v7_starttransition.
⚠️ React Router Future Flag Warning: Relative route resolution within Splat routes is changing in v7. You can use the `v7_relativeSplatPath` future flag to opt-in early. For more information, see https://reactrouter.com/v6/upgrading/future#v7_relativesplatpath.

            </system-err>
        </testcase>
        <testcase classname="src/components/permissions/__tests__/create-permission-dialog.test.tsx" name="CreatePermissionDialog &gt; should not render when closed" time="0.0049764">
        </testcase>
        <testcase classname="src/components/permissions/__tests__/create-permission-dialog.test.tsx" name="CreatePermissionDialog &gt; should handle successful permission creation" time="0.1028866">
        </testcase>
        <testcase classname="src/components/permissions/__tests__/create-permission-dialog.test.tsx" name="CreatePermissionDialog &gt; should include description when provided" time="0.0593224">
        </testcase>
        <testcase classname="src/components/permissions/__tests__/create-permission-dialog.test.tsx" name="CreatePermissionDialog &gt; should display error on creation failure" time="0.0906742">
        </testcase>
    </testsuite>
    <testsuite name="src/components/permissions/__tests__/delete-permission-dialog.test.tsx" timestamp="2026-05-01T19:32:11.039Z" hostname="Andreu" tests="5" failures="0" errors="0" skipped="0" time="0.4011705">
        <testcase classname="src/components/permissions/__tests__/delete-permission-dialog.test.tsx" name="DeletePermissionDialog &gt; should render permission details when open" time="0.1169344">
            <system-err>
⚠️ React Router Future Flag Warning: React Router will begin wrapping state updates in `React.startTransition` in v7. You can use the `v7_startTransition` future flag to opt-in early. For more information, see https://reactrouter.com/v6/upgrading/future#v7_starttransition.
⚠️ React Router Future Flag Warning: Relative route resolution within Splat routes is changing in v7. You can use the `v7_relativeSplatPath` future flag to opt-in early. For more information, see https://reactrouter.com/v6/upgrading/future#v7_relativesplatpath.

            </system-err>
        </testcase>
        <testcase classname="src/components/permissions/__tests__/delete-permission-dialog.test.tsx" name="DeletePermissionDialog &gt; should handle successful deletion" time="0.1263613">
        </testcase>
        <testcase classname="src/components/permissions/__tests__/delete-permission-dialog.test.tsx" name="DeletePermissionDialog &gt; should handle deletion failure" time="0.0748722">
        </testcase>
        <testcase classname="src/components/permissions/__tests__/delete-permission-dialog.test.tsx" name="DeletePermissionDialog &gt; should disable buttons when loading" time="0.0483881">
        </testcase>
        <testcase classname="src/components/permissions/__tests__/delete-permission-dialog.test.tsx" name="DeletePermissionDialog &gt; should call onOpenChange when cancel is clicked" time="0.0317984">
        </testcase>
    </testsuite>
    <testsuite name="src/components/permissions/__tests__/edit-permission-dialog.test.tsx" timestamp="2026-05-01T19:32:11.041Z" hostname="Andreu" tests="5" failures="0" errors="0" skipped="0" time="0.4268602">
        <testcase classname="src/components/permissions/__tests__/edit-permission-dialog.test.tsx" name="EditPermissionDialog &gt; should render current permission values in form" time="0.1282882">
            <system-err>
⚠️ React Router Future Flag Warning: React Router will begin wrapping state updates in `React.startTransition` in v7. You can use the `v7_startTransition` future flag to opt-in early. For more information, see https://reactrouter.com/v6/upgrading/future#v7_starttransition.
⚠️ React Router Future Flag Warning: Relative route resolution within Splat routes is changing in v7. You can use the `v7_relativeSplatPath` future flag to opt-in early. For more information, see https://reactrouter.com/v6/upgrading/future#v7_relativesplatpath.

            </system-err>
        </testcase>
        <testcase classname="src/components/permissions/__tests__/edit-permission-dialog.test.tsx" name="EditPermissionDialog &gt; should handle successful update" time="0.1017516">
        </testcase>
        <testcase classname="src/components/permissions/__tests__/edit-permission-dialog.test.tsx" name="EditPermissionDialog &gt; should handle update failure" time="0.138367">
        </testcase>
        <testcase classname="src/components/permissions/__tests__/edit-permission-dialog.test.tsx" name="EditPermissionDialog &gt; should update form when permission prop changes" time="0.0289518">
        </testcase>
        <testcase classname="src/components/permissions/__tests__/edit-permission-dialog.test.tsx" name="EditPermissionDialog &gt; should call onOpenChange when cancel is clicked" time="0.0263712">
        </testcase>
    </testsuite>
    <testsuite name="src/components/purchasing/__tests__/create-purchase-order-dialog.test.tsx" timestamp="2026-05-01T19:32:11.043Z" hostname="Andreu" tests="13" failures="0" errors="0" skipped="0" time="3.5802487">
        <testcase classname="src/components/purchasing/__tests__/create-purchase-order-dialog.test.tsx" name="CreatePurchaseOrderDialog &gt; renders dialog when open" time="0.1752593">
        </testcase>
        <testcase classname="src/components/purchasing/__tests__/create-purchase-order-dialog.test.tsx" name="CreatePurchaseOrderDialog &gt; does not render when closed" time="0.0036434">
        </testcase>
        <testcase classname="src/components/purchasing/__tests__/create-purchase-order-dialog.test.tsx" name="CreatePurchaseOrderDialog &gt; loads suppliers and products on open" time="0.0426986">
        </testcase>
        <testcase classname="src/components/purchasing/__tests__/create-purchase-order-dialog.test.tsx" name="CreatePurchaseOrderDialog &gt; renders supplier select field" time="0.0689286">
        </testcase>
        <testcase classname="src/components/purchasing/__tests__/create-purchase-order-dialog.test.tsx" name="CreatePurchaseOrderDialog &gt; handles add and remove line" time="0.4898498">
        </testcase>
        <testcase classname="src/components/purchasing/__tests__/create-purchase-order-dialog.test.tsx" name="CreatePurchaseOrderDialog &gt; calculates total correctly" time="0.8411884">
        </testcase>
        <testcase classname="src/components/purchasing/__tests__/create-purchase-order-dialog.test.tsx" name="CreatePurchaseOrderDialog &gt; validates required fields" time="0.0552788">
        </testcase>
        <testcase classname="src/components/purchasing/__tests__/create-purchase-order-dialog.test.tsx" name="CreatePurchaseOrderDialog &gt; handles successful submission" time="0.3803084">
        </testcase>
        <testcase classname="src/components/purchasing/__tests__/create-purchase-order-dialog.test.tsx" name="CreatePurchaseOrderDialog &gt; handles submission error" time="0.3533514">
        </testcase>
        <testcase classname="src/components/purchasing/__tests__/create-purchase-order-dialog.test.tsx" name="CreatePurchaseOrderDialog &gt; handles add line guards" time="0.3456062">
        </testcase>
        <testcase classname="src/components/purchasing/__tests__/create-purchase-order-dialog.test.tsx" name="CreatePurchaseOrderDialog &gt; handles API error on load" time="0.0647305">
            <system-err>
Failed to load dependency data Error: Load Error
    at C:/Projects/ERP_ASPIRE_APP/erp-frontend-vite/src/components/purchasing/__tests__/create-purchase-order-dialog.test.tsx:283:64
    at file:///C:/Projects/ERP_ASPIRE_APP/erp-frontend-vite/node_modules/@vitest/runner/dist/index.js:145:11
    at file:///C:/Projects/ERP_ASPIRE_APP/erp-frontend-vite/node_modules/@vitest/runner/dist/index.js:915:26
    at file:///C:/Projects/ERP_ASPIRE_APP/erp-frontend-vite/node_modules/@vitest/runner/dist/index.js:1243:20
    at new Promise (&lt;anonymous&gt;)
    at runWithTimeout (file:///C:/Projects/ERP_ASPIRE_APP/erp-frontend-vite/node_modules/@vitest/runner/dist/index.js:1209:10)
    at file:///C:/Projects/ERP_ASPIRE_APP/erp-frontend-vite/node_modules/@vitest/runner/dist/index.js:1653:37
    at Traces.$ (file:///C:/Projects/ERP_ASPIRE_APP/erp-frontend-vite/node_modules/vitest/dist/chunks/traces.CCmnQaNT.js:142:27)
    at trace (file:///C:/Projects/ERP_ASPIRE_APP/erp-frontend-vite/node_modules/vitest/dist/chunks/test.B8ej_ZHS.js:239:21)
    at runTest (file:///C:/Projects/ERP_ASPIRE_APP/erp-frontend-vite/node_modules/@vitest/runner/dist/index.js:1653:12)

            </system-err>
        </testcase>
        <testcase classname="src/components/purchasing/__tests__/create-purchase-order-dialog.test.tsx" name="CreatePurchaseOrderDialog &gt; handles optional expectedDeliveryDate" time="0.637371">
        </testcase>
        <testcase classname="src/components/purchasing/__tests__/create-purchase-order-dialog.test.tsx" name="CreatePurchaseOrderDialog &gt; handles cancel button" time="0.1188591">
        </testcase>
    </testsuite>
    <testsuite name="src/components/purchasing/__tests__/create-supplier-dialog.test.tsx" timestamp="2026-05-01T19:32:11.046Z" hostname="Andreu" tests="4" failures="0" errors="0" skipped="0" time="0.3100457">
        <testcase classname="src/components/purchasing/__tests__/create-supplier-dialog.test.tsx" name="CreateSupplierDialog &gt; renders dialog when open" time="0.1355756">
        </testcase>
        <testcase classname="src/components/purchasing/__tests__/create-supplier-dialog.test.tsx" name="CreateSupplierDialog &gt; does not render when closed" time="0.0035729">
        </testcase>
        <testcase classname="src/components/purchasing/__tests__/create-supplier-dialog.test.tsx" name="CreateSupplierDialog &gt; renders all form fields" time="0.0396628">
        </testcase>
        <testcase classname="src/components/purchasing/__tests__/create-supplier-dialog.test.tsx" name="CreateSupplierDialog &gt; submits form with valid data" time="0.1285117">
        </testcase>
    </testsuite>
    <testsuite name="src/components/purchasing/__tests__/delete-supplier-dialog.test.tsx" timestamp="2026-05-01T19:32:11.047Z" hostname="Andreu" tests="4" failures="0" errors="0" skipped="0" time="0.1883672">
        <testcase classname="src/components/purchasing/__tests__/delete-supplier-dialog.test.tsx" name="DeleteSupplierDialog &gt; renders dialog when open with supplier" time="0.1024925">
        </testcase>
        <testcase classname="src/components/purchasing/__tests__/delete-supplier-dialog.test.tsx" name="DeleteSupplierDialog &gt; displays supplier name in confirmation message" time="0.0151791">
        </testcase>
        <testcase classname="src/components/purchasing/__tests__/delete-supplier-dialog.test.tsx" name="DeleteSupplierDialog &gt; handles delete confirmation" time="0.0461546">
        </testcase>
        <testcase classname="src/components/purchasing/__tests__/delete-supplier-dialog.test.tsx" name="DeleteSupplierDialog &gt; handles cancel action" time="0.0217375">
        </testcase>
    </testsuite>
    <testsuite name="src/components/purchasing/__tests__/edit-supplier-dialog.test.tsx" timestamp="2026-05-01T19:32:11.049Z" hostname="Andreu" tests="4" failures="0" errors="0" skipped="0" time="0.2380116">
        <testcase classname="src/components/purchasing/__tests__/edit-supplier-dialog.test.tsx" name="EditSupplierDialog &gt; renders dialog when open with supplier" time="0.1154148">
        </testcase>
        <testcase classname="src/components/purchasing/__tests__/edit-supplier-dialog.test.tsx" name="EditSupplierDialog &gt; does not render when closed" time="0.0041389">
        </testcase>
        <testcase classname="src/components/purchasing/__tests__/edit-supplier-dialog.test.tsx" name="EditSupplierDialog &gt; pre-fills form with supplier data" time="0.034123">
        </testcase>
        <testcase classname="src/components/purchasing/__tests__/edit-supplier-dialog.test.tsx" name="EditSupplierDialog &gt; submits form with updated data" time="0.0813792">
        </testcase>
    </testsuite>
    <testsuite name="src/components/inventory/__tests__/create-product-dialog.test.tsx" timestamp="2026-05-01T19:32:11.050Z" hostname="Andreu" tests="6" failures="0" errors="0" skipped="0" time="0.4573204">
        <testcase classname="src/components/inventory/__tests__/create-product-dialog.test.tsx" name="CreateProductDialog &gt; should render create product form when open" time="0.1317894">
            <system-err>
⚠️ React Router Future Flag Warning: React Router will begin wrapping state updates in `React.startTransition` in v7. You can use the `v7_startTransition` future flag to opt-in early. For more information, see https://reactrouter.com/v6/upgrading/future#v7_starttransition.
⚠️ React Router Future Flag Warning: Relative route resolution within Splat routes is changing in v7. You can use the `v7_relativeSplatPath` future flag to opt-in early. For more information, see https://reactrouter.com/v6/upgrading/future#v7_relativesplatpath.

            </system-err>
        </testcase>
        <testcase classname="src/components/inventory/__tests__/create-product-dialog.test.tsx" name="CreateProductDialog &gt; should not render when closed" time="0.0035755">
        </testcase>
        <testcase classname="src/components/inventory/__tests__/create-product-dialog.test.tsx" name="CreateProductDialog &gt; should handle successful product creation" time="0.0801515">
        </testcase>
        <testcase classname="src/components/inventory/__tests__/create-product-dialog.test.tsx" name="CreateProductDialog &gt; should display error on creation failure" time="0.0820097">
        </testcase>
        <testcase classname="src/components/inventory/__tests__/create-product-dialog.test.tsx" name="CreateProductDialog &gt; should show validation errors for empty required fields" time="0.1194456">
        </testcase>
        <testcase classname="src/components/inventory/__tests__/create-product-dialog.test.tsx" name="CreateProductDialog &gt; should call onOpenChange when Cancel is clicked" time="0.0377117">
        </testcase>
    </testsuite>
    <testsuite name="src/components/inventory/__tests__/create-warehouse-dialog.test.tsx" timestamp="2026-05-01T19:32:11.052Z" hostname="Andreu" tests="3" failures="0" errors="0" skipped="0" time="0.2143085">
        <testcase classname="src/components/inventory/__tests__/create-warehouse-dialog.test.tsx" name="CreateWarehouseDialog &gt; renders dialog when open" time="0.1089253">
        </testcase>
        <testcase classname="src/components/inventory/__tests__/create-warehouse-dialog.test.tsx" name="CreateWarehouseDialog &gt; renders all form fields" time="0.0248523">
        </testcase>
        <testcase classname="src/components/inventory/__tests__/create-warehouse-dialog.test.tsx" name="CreateWarehouseDialog &gt; submits form with valid data" time="0.0776929">
        </testcase>
    </testsuite>
    <testsuite name="src/components/inventory/__tests__/delete-product-dialog.test.tsx" timestamp="2026-05-01T19:32:11.053Z" hostname="Andreu" tests="3" failures="0" errors="0" skipped="0" time="0.223953">
        <testcase classname="src/components/inventory/__tests__/delete-product-dialog.test.tsx" name="DeleteProductDialog &gt; renders dialog when open" time="0.151635">
        </testcase>
        <testcase classname="src/components/inventory/__tests__/delete-product-dialog.test.tsx" name="DeleteProductDialog &gt; displays product name in confirmation message" time="0.0191002">
        </testcase>
        <testcase classname="src/components/inventory/__tests__/delete-product-dialog.test.tsx" name="DeleteProductDialog &gt; handles delete confirmation" time="0.049602">
        </testcase>
    </testsuite>
    <testsuite name="src/components/inventory/__tests__/delete-warehouse-dialog.test.tsx" timestamp="2026-05-01T19:32:11.054Z" hostname="Andreu" tests="3" failures="0" errors="0" skipped="0" time="0.1866145">
        <testcase classname="src/components/inventory/__tests__/delete-warehouse-dialog.test.tsx" name="DeleteWarehouseDialog &gt; renders dialog when open" time="0.1000826">
        </testcase>
        <testcase classname="src/components/inventory/__tests__/delete-warehouse-dialog.test.tsx" name="DeleteWarehouseDialog &gt; displays warehouse name" time="0.0238205">
        </testcase>
        <testcase classname="src/components/inventory/__tests__/delete-warehouse-dialog.test.tsx" name="DeleteWarehouseDialog &gt; handles delete" time="0.0591251">
        </testcase>
    </testsuite>
    <testsuite name="src/components/inventory/__tests__/edit-product-dialog.test.tsx" timestamp="2026-05-01T19:32:11.055Z" hostname="Andreu" tests="2" failures="0" errors="0" skipped="0" time="0.1494223">
        <testcase classname="src/components/inventory/__tests__/edit-product-dialog.test.tsx" name="EditProductDialog &gt; renders dialog when open" time="0.1160513">
        </testcase>
        <testcase classname="src/components/inventory/__tests__/edit-product-dialog.test.tsx" name="EditProductDialog &gt; pre-fills form with product data" time="0.0303222">
        </testcase>
    </testsuite>
    <testsuite name="src/components/inventory/__tests__/edit-warehouse-dialog.test.tsx" timestamp="2026-05-01T19:32:11.055Z" hostname="Andreu" tests="3" failures="0" errors="0" skipped="0" time="0.2496081">
        <testcase classname="src/components/inventory/__tests__/edit-warehouse-dialog.test.tsx" name="EditWarehouseDialog &gt; renders dialog when open" time="0.1331117">
        </testcase>
        <testcase classname="src/components/inventory/__tests__/edit-warehouse-dialog.test.tsx" name="EditWarehouseDialog &gt; pre-fills form data" time="0.0270962">
        </testcase>
        <testcase classname="src/components/inventory/__tests__/edit-warehouse-dialog.test.tsx" name="EditWarehouseDialog &gt; submits updated data" time="0.085869">
        </testcase>
    </testsuite>
    <testsuite name="src/components/roles/__tests__/create-role-dialog.test.tsx" timestamp="2026-05-01T19:32:11.057Z" hostname="Andreu" tests="4" failures="0" errors="0" skipped="0" time="1.1056661">
        <testcase classname="src/components/roles/__tests__/create-role-dialog.test.tsx" name="CreateRoleDialog &gt; should render create role form when open" time="0.1086973">
            <system-err>
⚠️ React Router Future Flag Warning: React Router will begin wrapping state updates in `React.startTransition` in v7. You can use the `v7_startTransition` future flag to opt-in early. For more information, see https://reactrouter.com/v6/upgrading/future#v7_starttransition.
⚠️ React Router Future Flag Warning: Relative route resolution within Splat routes is changing in v7. You can use the `v7_relativeSplatPath` future flag to opt-in early. For more information, see https://reactrouter.com/v6/upgrading/future#v7_relativesplatpath.

            </system-err>
        </testcase>
        <testcase classname="src/components/roles/__tests__/create-role-dialog.test.tsx" name="CreateRoleDialog &gt; should not render when closed" time="0.0034903">
        </testcase>
        <testcase classname="src/components/roles/__tests__/create-role-dialog.test.tsx" name="CreateRoleDialog &gt; should handle successful role creation" time="0.7798393">
        </testcase>
        <testcase classname="src/components/roles/__tests__/create-role-dialog.test.tsx" name="CreateRoleDialog &gt; should display error on creation failure" time="0.2108777">
        </testcase>
    </testsuite>
    <testsuite name="src/components/roles/__tests__/delete-role-dialog.test.tsx" timestamp="2026-05-01T19:32:11.058Z" hostname="Andreu" tests="5" failures="0" errors="0" skipped="0" time="0.4314575">
        <testcase classname="src/components/roles/__tests__/delete-role-dialog.test.tsx" name="DeleteRoleDialog &gt; should render delete confirmation when open" time="0.1201209">
            <system-err>
⚠️ React Router Future Flag Warning: React Router will begin wrapping state updates in `React.startTransition` in v7. You can use the `v7_startTransition` future flag to opt-in early. For more information, see https://reactrouter.com/v6/upgrading/future#v7_starttransition.
⚠️ React Router Future Flag Warning: Relative route resolution within Splat routes is changing in v7. You can use the `v7_relativeSplatPath` future flag to opt-in early. For more information, see https://reactrouter.com/v6/upgrading/future#v7_relativesplatpath.

            </system-err>
        </testcase>
        <testcase classname="src/components/roles/__tests__/delete-role-dialog.test.tsx" name="DeleteRoleDialog &gt; should not render when closed" time="0.003571">
        </testcase>
        <testcase classname="src/components/roles/__tests__/delete-role-dialog.test.tsx" name="DeleteRoleDialog &gt; should call delete and onSuccess on confirm" time="0.0998622">
        </testcase>
        <testcase classname="src/components/roles/__tests__/delete-role-dialog.test.tsx" name="DeleteRoleDialog &gt; should display error on delete failure" time="0.1014126">
        </testcase>
        <testcase classname="src/components/roles/__tests__/delete-role-dialog.test.tsx" name="DeleteRoleDialog &gt; should call onOpenChange when Cancel is clicked" time="0.1035153">
        </testcase>
    </testsuite>
    <testsuite name="src/components/roles/__tests__/edit-role-dialog.test.tsx" timestamp="2026-05-01T19:32:11.060Z" hostname="Andreu" tests="6" failures="0" errors="0" skipped="0" time="0.3376725">
        <testcase classname="src/components/roles/__tests__/edit-role-dialog.test.tsx" name="EditRoleDialog &gt; renders dialog when open" time="0.1135462">
            <system-err>
⚠️ React Router Future Flag Warning: React Router will begin wrapping state updates in `React.startTransition` in v7. You can use the `v7_startTransition` future flag to opt-in early. For more information, see https://reactrouter.com/v6/upgrading/future#v7_starttransition.
⚠️ React Router Future Flag Warning: Relative route resolution within Splat routes is changing in v7. You can use the `v7_relativeSplatPath` future flag to opt-in early. For more information, see https://reactrouter.com/v6/upgrading/future#v7_relativesplatpath.

            </system-err>
        </testcase>
        <testcase classname="src/components/roles/__tests__/edit-role-dialog.test.tsx" name="EditRoleDialog &gt; pre-fills form with role data" time="0.0271356">
        </testcase>
        <testcase classname="src/components/roles/__tests__/edit-role-dialog.test.tsx" name="EditRoleDialog &gt; does not render when closed" time="0.0054229">
        </testcase>
        <testcase classname="src/components/roles/__tests__/edit-role-dialog.test.tsx" name="EditRoleDialog &gt; handles successful update" time="0.0767226">
        </testcase>
        <testcase classname="src/components/roles/__tests__/edit-role-dialog.test.tsx" name="EditRoleDialog &gt; handles update failure" time="0.0707548">
        </testcase>
        <testcase classname="src/components/roles/__tests__/edit-role-dialog.test.tsx" name="EditRoleDialog &gt; navigates to manage permissions" time="0.0413897">
        </testcase>
    </testsuite>
    <testsuite name="src/components/roles/__tests__/permission-selector.test.tsx" timestamp="2026-05-01T19:32:11.062Z" hostname="Andreu" tests="10" failures="0" errors="0" skipped="0" time="0.9215209">
        <testcase classname="src/components/roles/__tests__/permission-selector.test.tsx" name="PermissionSelector &gt; renders all permissions" time="0.1471961">
        </testcase>
        <testcase classname="src/components/roles/__tests__/permission-selector.test.tsx" name="PermissionSelector &gt; shows selected permissions as checked" time="0.0343569">
        </testcase>
        <testcase classname="src/components/roles/__tests__/permission-selector.test.tsx" name="PermissionSelector &gt; renders with empty permissions" time="0.005834">
        </testcase>
        <testcase classname="src/components/roles/__tests__/permission-selector.test.tsx" name="PermissionSelector interactions &gt; assigns a permission when clicking assign" time="0.0488907">
        </testcase>
        <testcase classname="src/components/roles/__tests__/permission-selector.test.tsx" name="PermissionSelector interactions &gt; deselects all permissions in a module" time="0.1137294">
        </testcase>
        <testcase classname="src/components/roles/__tests__/permission-selector.test.tsx" name="PermissionSelector interactions &gt; unassigns a permission when clicking unassign" time="0.0758643">
        </testcase>
        <testcase classname="src/components/roles/__tests__/permission-selector.test.tsx" name="PermissionSelector interactions &gt; selects all permissions in a module" time="0.097606">
        </testcase>
        <testcase classname="src/components/roles/__tests__/permission-selector.test.tsx" name="PermissionSelector interactions &gt; shows error message on API error" time="0.1217504">
            <system-err>
Error assigning permission: ApiClientError: API error
    at handleApiError (C:/Projects/ERP_ASPIRE_APP/erp-frontend-vite/src/lib/error-handling.ts:12:12)
    at handleAssignPermission (C:/Projects/ERP_ASPIRE_APP/erp-frontend-vite/src/components/roles/permission-selector.tsx:148:24) {
  statusCode: undefined,
  code: undefined,
  details: undefined
}

            </system-err>
        </testcase>
        <testcase classname="src/components/roles/__tests__/permission-selector.test.tsx" name="PermissionSelector interactions &gt; renders in readonly mode (no assign/unassign buttons)" time="0.0123355">
        </testcase>
        <testcase classname="src/components/roles/__tests__/permission-selector.test.tsx" name="PermissionSelector interactions &gt; filters permissions by search" time="0.2609008">
        </testcase>
    </testsuite>
    <testsuite name="src/components/users/__tests__/create-user-dialog.test.tsx" timestamp="2026-05-01T19:32:11.065Z" hostname="Andreu" tests="12" failures="0" errors="0" skipped="0" time="0.7793551">
        <testcase classname="src/components/users/__tests__/create-user-dialog.test.tsx" name="CreateUserDialog &gt; should render create user form when open" time="0.1239035">
            <system-err>
⚠️ React Router Future Flag Warning: React Router will begin wrapping state updates in `React.startTransition` in v7. You can use the `v7_startTransition` future flag to opt-in early. For more information, see https://reactrouter.com/v6/upgrading/future#v7_starttransition.
⚠️ React Router Future Flag Warning: Relative route resolution within Splat routes is changing in v7. You can use the `v7_relativeSplatPath` future flag to opt-in early. For more information, see https://reactrouter.com/v6/upgrading/future#v7_relativesplatpath.

            </system-err>
        </testcase>
        <testcase classname="src/components/users/__tests__/create-user-dialog.test.tsx" name="CreateUserDialog &gt; should not render when closed" time="0.0061503">
        </testcase>
        <testcase classname="src/components/users/__tests__/create-user-dialog.test.tsx" name="CreateUserDialog &gt; should handle successful user creation" time="0.1159445">
        </testcase>
        <testcase classname="src/components/users/__tests__/create-user-dialog.test.tsx" name="CreateUserDialog &gt; should display error on creation failure" time="0.0942122">
        </testcase>
        <testcase classname="src/components/users/__tests__/create-user-dialog.test.tsx" name="CreateUserDialog &gt; should show validation errors for empty required fields" time="0.0586288">
        </testcase>
        <testcase classname="src/components/users/__tests__/create-user-dialog.test.tsx" name="CreateUserDialog &gt; should show validation error for invalid email" time="0.0517299">
        </testcase>
        <testcase classname="src/components/users/__tests__/create-user-dialog.test.tsx" name="CreateUserDialog &gt; should show validation error for short password" time="0.0588518">
        </testcase>
        <testcase classname="src/components/users/__tests__/create-user-dialog.test.tsx" name="CreateUserDialog &gt; should include firstName and lastName when provided" time="0.0651024">
        </testcase>
        <testcase classname="src/components/users/__tests__/create-user-dialog.test.tsx" name="CreateUserDialog &gt; should call onOpenChange when Cancel is clicked" time="0.0256664">
        </testcase>
        <testcase classname="src/components/users/__tests__/create-user-dialog.test.tsx" name="CreateUserDialog &gt; should clear field error when user types in field" time="0.0661725">
        </testcase>
        <testcase classname="src/components/users/__tests__/create-user-dialog.test.tsx" name="CreateUserDialog &gt; should handle mixed first/last name values correctly" time="0.0480614">
        </testcase>
        <testcase classname="src/components/users/__tests__/create-user-dialog.test.tsx" name="CreateUserDialog &gt; should display generic error message when API error has no detail" time="0.0620997">
        </testcase>
    </testsuite>
    <testsuite name="src/components/users/__tests__/delete-user-dialog.test.tsx" timestamp="2026-05-01T19:32:11.070Z" hostname="Andreu" tests="5" failures="0" errors="0" skipped="0" time="0.3763146">
        <testcase classname="src/components/users/__tests__/delete-user-dialog.test.tsx" name="DeleteUserDialog &gt; should render delete confirmation when open" time="0.110929">
            <system-err>
⚠️ React Router Future Flag Warning: React Router will begin wrapping state updates in `React.startTransition` in v7. You can use the `v7_startTransition` future flag to opt-in early. For more information, see https://reactrouter.com/v6/upgrading/future#v7_starttransition.
⚠️ React Router Future Flag Warning: Relative route resolution within Splat routes is changing in v7. You can use the `v7_relativeSplatPath` future flag to opt-in early. For more information, see https://reactrouter.com/v6/upgrading/future#v7_relativesplatpath.

            </system-err>
        </testcase>
        <testcase classname="src/components/users/__tests__/delete-user-dialog.test.tsx" name="DeleteUserDialog &gt; should not render when closed" time="0.0050723">
        </testcase>
        <testcase classname="src/components/users/__tests__/delete-user-dialog.test.tsx" name="DeleteUserDialog &gt; should call delete and onSuccess on confirm" time="0.1062157">
        </testcase>
        <testcase classname="src/components/users/__tests__/delete-user-dialog.test.tsx" name="DeleteUserDialog &gt; should display error on delete failure" time="0.084073">
        </testcase>
        <testcase classname="src/components/users/__tests__/delete-user-dialog.test.tsx" name="DeleteUserDialog &gt; should call onOpenChange when Cancel is clicked" time="0.0670755">
        </testcase>
    </testsuite>
    <testsuite name="src/components/users/__tests__/edit-user-dialog.test.tsx" timestamp="2026-05-01T19:32:11.072Z" hostname="Andreu" tests="4" failures="0" errors="0" skipped="0" time="0.3212459">
        <testcase classname="src/components/users/__tests__/edit-user-dialog.test.tsx" name="EditUserDialog &gt; should render edit user form when open" time="0.1277776">
            <system-err>
⚠️ React Router Future Flag Warning: React Router will begin wrapping state updates in `React.startTransition` in v7. You can use the `v7_startTransition` future flag to opt-in early. For more information, see https://reactrouter.com/v6/upgrading/future#v7_starttransition.
⚠️ React Router Future Flag Warning: Relative route resolution within Splat routes is changing in v7. You can use the `v7_relativeSplatPath` future flag to opt-in early. For more information, see https://reactrouter.com/v6/upgrading/future#v7_relativesplatpath.

            </system-err>
        </testcase>
        <testcase classname="src/components/users/__tests__/edit-user-dialog.test.tsx" name="EditUserDialog &gt; should not render when closed" time="0.0039133">
        </testcase>
        <testcase classname="src/components/users/__tests__/edit-user-dialog.test.tsx" name="EditUserDialog &gt; should handle successful user update" time="0.0977471">
        </testcase>
        <testcase classname="src/components/users/__tests__/edit-user-dialog.test.tsx" name="EditUserDialog &gt; should display error on update failure" time="0.0892896">
        </testcase>
    </testsuite>
    <testsuite name="src/components/users/__tests__/role-selector.test.tsx" timestamp="2026-05-01T19:32:11.074Z" hostname="Andreu" tests="15" failures="0" errors="0" skipped="0" time="0.7222973">
        <testcase classname="src/components/users/__tests__/role-selector.test.tsx" name="RoleSelector &gt; should show loading spinner initially" time="0.0774719">
            <system-err>
⚠️ React Router Future Flag Warning: React Router will begin wrapping state updates in `React.startTransition` in v7. You can use the `v7_startTransition` future flag to opt-in early. For more information, see https://reactrouter.com/v6/upgrading/future#v7_starttransition.
⚠️ React Router Future Flag Warning: Relative route resolution within Splat routes is changing in v7. You can use the `v7_relativeSplatPath` future flag to opt-in early. For more information, see https://reactrouter.com/v6/upgrading/future#v7_relativesplatpath.

            </system-err>
        </testcase>
        <testcase classname="src/components/users/__tests__/role-selector.test.tsx" name="RoleSelector &gt; should render list of roles after loading" time="0.028554">
        </testcase>
        <testcase classname="src/components/users/__tests__/role-selector.test.tsx" name="RoleSelector &gt; should use initialRoles prop if provided" time="0.0195291">
        </testcase>
        <testcase classname="src/components/users/__tests__/role-selector.test.tsx" name="RoleSelector &gt; should filter roles based on search term" time="0.034794">
        </testcase>
        <testcase classname="src/components/users/__tests__/role-selector.test.tsx" name="RoleSelector &gt; should handle role assignment" time="0.0800273">
        </testcase>
        <testcase classname="src/components/users/__tests__/role-selector.test.tsx" name="RoleSelector &gt; should handle role unassignment" time="0.0595043">
        </testcase>
        <testcase classname="src/components/users/__tests__/role-selector.test.tsx" name="RoleSelector &gt; should handle assignment failure" time="0.1131073">
            <system-err>
Error assigning role: {
  userId: &apos;user-123&apos;,
  roleName: &apos;Editor&apos;,
  error: ApiClientError: API Error
      at handleApiError (C:/Projects/ERP_ASPIRE_APP/erp-frontend-vite/src/lib/error-handling.ts:12:12)
      at handleAssignRole (C:/Projects/ERP_ASPIRE_APP/erp-frontend-vite/src/components/users/role-selector.tsx:137:24) {
    statusCode: undefined,
    code: undefined,
    details: undefined
  },
  statusCode: undefined,
  message: &apos;API Error&apos;
}

            </system-err>
        </testcase>
        <testcase classname="src/components/users/__tests__/role-selector.test.tsx" name="RoleSelector &gt; should handle assignment failure with status code" time="0.0665736">
            <system-err>
Error assigning role: {
  userId: &apos;user-123&apos;,
  roleName: &apos;Editor&apos;,
  error: ApiClientError: Forbidden
      at C:/Projects/ERP_ASPIRE_APP/erp-frontend-vite/src/components/users/__tests__/role-selector.test.tsx:148:7
      at file:///C:/Projects/ERP_ASPIRE_APP/erp-frontend-vite/node_modules/@vitest/runner/dist/index.js:145:11
      at file:///C:/Projects/ERP_ASPIRE_APP/erp-frontend-vite/node_modules/@vitest/runner/dist/index.js:915:26
      at file:///C:/Projects/ERP_ASPIRE_APP/erp-frontend-vite/node_modules/@vitest/runner/dist/index.js:1243:20
      at new Promise (&lt;anonymous&gt;)
      at runWithTimeout (file:///C:/Projects/ERP_ASPIRE_APP/erp-frontend-vite/node_modules/@vitest/runner/dist/index.js:1209:10)
      at file:///C:/Projects/ERP_ASPIRE_APP/erp-frontend-vite/node_modules/@vitest/runner/dist/index.js:1653:37
      at Traces.$ (file:///C:/Projects/ERP_ASPIRE_APP/erp-frontend-vite/node_modules/vitest/dist/chunks/traces.CCmnQaNT.js:142:27)
      at trace (file:///C:/Projects/ERP_ASPIRE_APP/erp-frontend-vite/node_modules/vitest/dist/chunks/test.B8ej_ZHS.js:239:21)
      at runTest (file:///C:/Projects/ERP_ASPIRE_APP/erp-frontend-vite/node_modules/@vitest/runner/dist/index.js:1653:12) {
    statusCode: 403,
    code: undefined,
    details: undefined
  },
  statusCode: 403,
  message: &apos;Forbidden&apos;
}

            </system-err>
        </testcase>
        <testcase classname="src/components/users/__tests__/role-selector.test.tsx" name="RoleSelector &gt; should handle unassignment failure" time="0.0514181">
            <system-err>
Error unassigning role: {
  userId: &apos;user-123&apos;,
  roleName: &apos;Admin&apos;,
  error: ApiClientError: Unassign Error
      at handleApiError (C:/Projects/ERP_ASPIRE_APP/erp-frontend-vite/src/lib/error-handling.ts:12:12)
      at handleUnassignRole (C:/Projects/ERP_ASPIRE_APP/erp-frontend-vite/src/components/users/role-selector.tsx:180:24) {
    statusCode: undefined,
    code: undefined,
    details: undefined
  },
  statusCode: undefined,
  message: &apos;Unassign Error&apos;
}

            </system-err>
        </testcase>
        <testcase classname="src/components/users/__tests__/role-selector.test.tsx" name="RoleSelector &gt; should handle unassignment failure with status code" time="0.0506787">
            <system-err>
Error unassigning role: {
  userId: &apos;user-123&apos;,
  roleName: &apos;Admin&apos;,
  error: ApiClientError: Bad Request
      at C:/Projects/ERP_ASPIRE_APP/erp-frontend-vite/src/components/users/__tests__/role-selector.test.tsx:180:7
      at file:///C:/Projects/ERP_ASPIRE_APP/erp-frontend-vite/node_modules/@vitest/runner/dist/index.js:145:11
      at file:///C:/Projects/ERP_ASPIRE_APP/erp-frontend-vite/node_modules/@vitest/runner/dist/index.js:915:26
      at file:///C:/Projects/ERP_ASPIRE_APP/erp-frontend-vite/node_modules/@vitest/runner/dist/index.js:1243:20
      at new Promise (&lt;anonymous&gt;)
      at runWithTimeout (file:///C:/Projects/ERP_ASPIRE_APP/erp-frontend-vite/node_modules/@vitest/runner/dist/index.js:1209:10)
      at file:///C:/Projects/ERP_ASPIRE_APP/erp-frontend-vite/node_modules/@vitest/runner/dist/index.js:1653:37
      at Traces.$ (file:///C:/Projects/ERP_ASPIRE_APP/erp-frontend-vite/node_modules/vitest/dist/chunks/traces.CCmnQaNT.js:142:27)
      at trace (file:///C:/Projects/ERP_ASPIRE_APP/erp-frontend-vite/node_modules/vitest/dist/chunks/test.B8ej_ZHS.js:239:21)
      at runTest (file:///C:/Projects/ERP_ASPIRE_APP/erp-frontend-vite/node_modules/@vitest/runner/dist/index.js:1653:12) {
    statusCode: 400,
    code: undefined,
    details: undefined
  },
  statusCode: 400,
  message: &apos;Bad Request&apos;
}

            </system-err>
        </testcase>
        <testcase classname="src/components/users/__tests__/role-selector.test.tsx" name="RoleSelector &gt; should handle initial role fetch failure" time="0.0258084">
            <system-err>
Failed to fetch user roles: Error: Fetch Error
    at C:/Projects/ERP_ASPIRE_APP/erp-frontend-vite/src/components/users/__tests__/role-selector.test.tsx:195:60
    at file:///C:/Projects/ERP_ASPIRE_APP/erp-frontend-vite/node_modules/@vitest/runner/dist/index.js:145:11
    at file:///C:/Projects/ERP_ASPIRE_APP/erp-frontend-vite/node_modules/@vitest/runner/dist/index.js:915:26
    at file:///C:/Projects/ERP_ASPIRE_APP/erp-frontend-vite/node_modules/@vitest/runner/dist/index.js:1243:20
    at new Promise (&lt;anonymous&gt;)
    at runWithTimeout (file:///C:/Projects/ERP_ASPIRE_APP/erp-frontend-vite/node_modules/@vitest/runner/dist/index.js:1209:10)
    at file:///C:/Projects/ERP_ASPIRE_APP/erp-frontend-vite/node_modules/@vitest/runner/dist/index.js:1653:37
    at Traces.$ (file:///C:/Projects/ERP_ASPIRE_APP/erp-frontend-vite/node_modules/vitest/dist/chunks/traces.CCmnQaNT.js:142:27)
    at trace (file:///C:/Projects/ERP_ASPIRE_APP/erp-frontend-vite/node_modules/vitest/dist/chunks/test.B8ej_ZHS.js:239:21)
    at runTest (file:///C:/Projects/ERP_ASPIRE_APP/erp-frontend-vite/node_modules/@vitest/runner/dist/index.js:1653:12)

            </system-err>
        </testcase>
        <testcase classname="src/components/users/__tests__/role-selector.test.tsx" name="RoleSelector &gt; should handle global roles fetch failure" time="0.0330142">
            <system-err>
Error loading roles: ApiClientError: Global Fetch Error
    at handleApiError (C:/Projects/ERP_ASPIRE_APP/erp-frontend-vite/src/lib/error-handling.ts:12:12)
    at loadData (C:/Projects/ERP_ASPIRE_APP/erp-frontend-vite/src/components/users/role-selector.tsx:80:26) {
  statusCode: undefined,
  code: undefined,
  details: undefined
}

            </system-err>
        </testcase>
        <testcase classname="src/components/users/__tests__/role-selector.test.tsx" name="RoleSelector &gt; should do nothing if loading same userId multiple times" time="0.0221392">
            <system-err>
Failed to fetch user roles: Error: Fetch Error
    at C:/Projects/ERP_ASPIRE_APP/erp-frontend-vite/src/components/users/__tests__/role-selector.test.tsx:195:60
    at file:///C:/Projects/ERP_ASPIRE_APP/erp-frontend-vite/node_modules/@vitest/runner/dist/index.js:145:11
    at file:///C:/Projects/ERP_ASPIRE_APP/erp-frontend-vite/node_modules/@vitest/runner/dist/index.js:915:26
    at file:///C:/Projects/ERP_ASPIRE_APP/erp-frontend-vite/node_modules/@vitest/runner/dist/index.js:1243:20
    at new Promise (&lt;anonymous&gt;)
    at runWithTimeout (file:///C:/Projects/ERP_ASPIRE_APP/erp-frontend-vite/node_modules/@vitest/runner/dist/index.js:1209:10)
    at file:///C:/Projects/ERP_ASPIRE_APP/erp-frontend-vite/node_modules/@vitest/runner/dist/index.js:1653:37
    at Traces.$ (file:///C:/Projects/ERP_ASPIRE_APP/erp-frontend-vite/node_modules/vitest/dist/chunks/traces.CCmnQaNT.js:142:27)
    at trace (file:///C:/Projects/ERP_ASPIRE_APP/erp-frontend-vite/node_modules/vitest/dist/chunks/test.B8ej_ZHS.js:239:21)
    at runTest (file:///C:/Projects/ERP_ASPIRE_APP/erp-frontend-vite/node_modules/@vitest/runner/dist/index.js:1653:12)

            </system-err>
        </testcase>
        <testcase classname="src/components/users/__tests__/role-selector.test.tsx" name="RoleSelector &gt; should handle search by description" time="0.0278366">
            <system-err>
Failed to fetch user roles: Error: Fetch Error
    at C:/Projects/ERP_ASPIRE_APP/erp-frontend-vite/src/components/users/__tests__/role-selector.test.tsx:195:60
    at file:///C:/Projects/ERP_ASPIRE_APP/erp-frontend-vite/node_modules/@vitest/runner/dist/index.js:145:11
    at file:///C:/Projects/ERP_ASPIRE_APP/erp-frontend-vite/node_modules/@vitest/runner/dist/index.js:915:26
    at file:///C:/Projects/ERP_ASPIRE_APP/erp-frontend-vite/node_modules/@vitest/runner/dist/index.js:1243:20
    at new Promise (&lt;anonymous&gt;)
    at runWithTimeout (file:///C:/Projects/ERP_ASPIRE_APP/erp-frontend-vite/node_modules/@vitest/runner/dist/index.js:1209:10)
    at file:///C:/Projects/ERP_ASPIRE_APP/erp-frontend-vite/node_modules/@vitest/runner/dist/index.js:1653:37
    at Traces.$ (file:///C:/Projects/ERP_ASPIRE_APP/erp-frontend-vite/node_modules/vitest/dist/chunks/traces.CCmnQaNT.js:142:27)
    at trace (file:///C:/Projects/ERP_ASPIRE_APP/erp-frontend-vite/node_modules/vitest/dist/chunks/test.B8ej_ZHS.js:239:21)
    at runTest (file:///C:/Projects/ERP_ASPIRE_APP/erp-frontend-vite/node_modules/@vitest/runner/dist/index.js:1653:12)

            </system-err>
        </testcase>
        <testcase classname="src/components/users/__tests__/role-selector.test.tsx" name="RoleSelector &gt; should disable controls in readonly mode" time="0.0281021">
            <system-err>
Failed to fetch user roles: Error: Fetch Error
    at C:/Projects/ERP_ASPIRE_APP/erp-frontend-vite/src/components/users/__tests__/role-selector.test.tsx:195:60
    at file:///C:/Projects/ERP_ASPIRE_APP/erp-frontend-vite/node_modules/@vitest/runner/dist/index.js:145:11
    at file:///C:/Projects/ERP_ASPIRE_APP/erp-frontend-vite/node_modules/@vitest/runner/dist/index.js:915:26
    at file:///C:/Projects/ERP_ASPIRE_APP/erp-frontend-vite/node_modules/@vitest/runner/dist/index.js:1243:20
    at new Promise (&lt;anonymous&gt;)
    at runWithTimeout (file:///C:/Projects/ERP_ASPIRE_APP/erp-frontend-vite/node_modules/@vitest/runner/dist/index.js:1209:10)
    at file:///C:/Projects/ERP_ASPIRE_APP/erp-frontend-vite/node_modules/@vitest/runner/dist/index.js:1653:37
    at Traces.$ (file:///C:/Projects/ERP_ASPIRE_APP/erp-frontend-vite/node_modules/vitest/dist/chunks/traces.CCmnQaNT.js:142:27)
    at trace (file:///C:/Projects/ERP_ASPIRE_APP/erp-frontend-vite/node_modules/vitest/dist/chunks/test.B8ej_ZHS.js:239:21)
    at runTest (file:///C:/Projects/ERP_ASPIRE_APP/erp-frontend-vite/node_modules/@vitest/runner/dist/index.js:1653:12)

            </system-err>
        </testcase>
    </testsuite>
    <testsuite name="src/components/sales/__tests__/create-customer-dialog.test.tsx" timestamp="2026-05-01T19:32:11.081Z" hostname="Andreu" tests="5" failures="0" errors="0" skipped="0" time="0.3452696">
        <testcase classname="src/components/sales/__tests__/create-customer-dialog.test.tsx" name="CreateCustomerDialog &gt; should render create customer form when open" time="0.1301944">
            <system-err>
⚠️ React Router Future Flag Warning: React Router will begin wrapping state updates in `React.startTransition` in v7. You can use the `v7_startTransition` future flag to opt-in early. For more information, see https://reactrouter.com/v6/upgrading/future#v7_starttransition.
⚠️ React Router Future Flag Warning: Relative route resolution within Splat routes is changing in v7. You can use the `v7_relativeSplatPath` future flag to opt-in early. For more information, see https://reactrouter.com/v6/upgrading/future#v7_relativesplatpath.

            </system-err>
        </testcase>
        <testcase classname="src/components/sales/__tests__/create-customer-dialog.test.tsx" name="CreateCustomerDialog &gt; should not render when closed" time="0.0036669">
        </testcase>
        <testcase classname="src/components/sales/__tests__/create-customer-dialog.test.tsx" name="CreateCustomerDialog &gt; should handle successful customer creation" time="0.0694476">
        </testcase>
        <testcase classname="src/components/sales/__tests__/create-customer-dialog.test.tsx" name="CreateCustomerDialog &gt; should display error on creation failure" time="0.0933057">
        </testcase>
        <testcase classname="src/components/sales/__tests__/create-customer-dialog.test.tsx" name="CreateCustomerDialog &gt; should call onOpenChange when Cancel is clicked" time="0.0455573">
        </testcase>
    </testsuite>
    <testsuite name="src/components/sales/__tests__/create-sales-order-dialog.test.tsx" timestamp="2026-05-01T19:32:11.083Z" hostname="Andreu" tests="12" failures="0" errors="0" skipped="0" time="3.1730159">
        <testcase classname="src/components/sales/__tests__/create-sales-order-dialog.test.tsx" name="CreateSalesOrderDialog &gt; renders dialog when open" time="0.1698893">
        </testcase>
        <testcase classname="src/components/sales/__tests__/create-sales-order-dialog.test.tsx" name="CreateSalesOrderDialog &gt; does not render when closed" time="0.0033593">
        </testcase>
        <testcase classname="src/components/sales/__tests__/create-sales-order-dialog.test.tsx" name="CreateSalesOrderDialog &gt; loads customers and products on open" time="0.0632866">
        </testcase>
        <testcase classname="src/components/sales/__tests__/create-sales-order-dialog.test.tsx" name="CreateSalesOrderDialog &gt; handles API error on load" time="0.0573391">
            <system-err>
Failed to load dependency data Error: API Error
    at C:/Projects/ERP_ASPIRE_APP/erp-frontend-vite/src/components/sales/__tests__/create-sales-order-dialog.test.tsx:88:64
    at file:///C:/Projects/ERP_ASPIRE_APP/erp-frontend-vite/node_modules/@vitest/runner/dist/index.js:145:11
    at file:///C:/Projects/ERP_ASPIRE_APP/erp-frontend-vite/node_modules/@vitest/runner/dist/index.js:915:26
    at file:///C:/Projects/ERP_ASPIRE_APP/erp-frontend-vite/node_modules/@vitest/runner/dist/index.js:1243:20
    at new Promise (&lt;anonymous&gt;)
    at runWithTimeout (file:///C:/Projects/ERP_ASPIRE_APP/erp-frontend-vite/node_modules/@vitest/runner/dist/index.js:1209:10)
    at file:///C:/Projects/ERP_ASPIRE_APP/erp-frontend-vite/node_modules/@vitest/runner/dist/index.js:1653:37
    at Traces.$ (file:///C:/Projects/ERP_ASPIRE_APP/erp-frontend-vite/node_modules/vitest/dist/chunks/traces.CCmnQaNT.js:142:27)
    at trace (file:///C:/Projects/ERP_ASPIRE_APP/erp-frontend-vite/node_modules/vitest/dist/chunks/test.B8ej_ZHS.js:239:21)
    at runTest (file:///C:/Projects/ERP_ASPIRE_APP/erp-frontend-vite/node_modules/@vitest/runner/dist/index.js:1653:12)

            </system-err>
        </testcase>
        <testcase classname="src/components/sales/__tests__/create-sales-order-dialog.test.tsx" name="CreateSalesOrderDialog &gt; handles add and remove line" time="0.2999137">
        </testcase>
        <testcase classname="src/components/sales/__tests__/create-sales-order-dialog.test.tsx" name="CreateSalesOrderDialog &gt; calculates total correctly" time="0.6048714">
        </testcase>
        <testcase classname="src/components/sales/__tests__/create-sales-order-dialog.test.tsx" name="CreateSalesOrderDialog &gt; handles successful submission" time="0.3494234">
        </testcase>
        <testcase classname="src/components/sales/__tests__/create-sales-order-dialog.test.tsx" name="CreateSalesOrderDialog &gt; handles submission error" time="0.365245">
        </testcase>
        <testcase classname="src/components/sales/__tests__/create-sales-order-dialog.test.tsx" name="CreateSalesOrderDialog &gt; handles validation error visualization" time="0.3653338">
        </testcase>
        <testcase classname="src/components/sales/__tests__/create-sales-order-dialog.test.tsx" name="CreateSalesOrderDialog &gt; handles field changes" time="0.511251">
        </testcase>
        <testcase classname="src/components/sales/__tests__/create-sales-order-dialog.test.tsx" name="CreateSalesOrderDialog &gt; handles add line guards" time="0.2914975">
        </testcase>
        <testcase classname="src/components/sales/__tests__/create-sales-order-dialog.test.tsx" name="CreateSalesOrderDialog &gt; handles cancel button" time="0.0883932">
        </testcase>
    </testsuite>
    <testsuite name="src/components/ui/__tests__/data-table.test.tsx" timestamp="2026-05-01T19:32:11.087Z" hostname="Andreu" tests="3" failures="0" errors="0" skipped="0" time="0.0646874">
        <testcase classname="src/components/ui/__tests__/data-table.test.tsx" name="DataTable &gt; renders table headers and rows" time="0.0488061">
        </testcase>
        <testcase classname="src/components/ui/__tests__/data-table.test.tsx" name="DataTable &gt; shows empty message when no data" time="0.0023685">
        </testcase>
        <testcase classname="src/components/ui/__tests__/data-table.test.tsx" name="DataTable &gt; shows loading spinner when loading" time="0.0098799">
        </testcase>
    </testsuite>
    <testsuite name="src/components/ui/__tests__/dialog.test.tsx" timestamp="2026-05-01T19:32:11.088Z" hostname="Andreu" tests="1" failures="0" errors="0" skipped="0" time="0.1291362">
        <testcase classname="src/components/ui/__tests__/dialog.test.tsx" name="Dialog &gt; renders dialog content when open" time="0.1259081">
            <system-err>
Warning: Missing `Description` or `aria-describedby={undefined}` for {DialogContent}.

            </system-err>
        </testcase>
    </testsuite>
    <testsuite name="src/components/ui/__tests__/form-field.test.tsx" timestamp="2026-05-01T19:32:11.089Z" hostname="Andreu" tests="3" failures="0" errors="0" skipped="0" time="0.0523018">
        <testcase classname="src/components/ui/__tests__/form-field.test.tsx" name="FormField &gt; renders input with label" time="0.0377827">
        </testcase>
        <testcase classname="src/components/ui/__tests__/form-field.test.tsx" name="FormField &gt; renders textarea when type is textarea" time="0.0044347">
        </testcase>
        <testcase classname="src/components/ui/__tests__/form-field.test.tsx" name="FormField &gt; renders select when type is select" time="0.0067343">
        </testcase>
    </testsuite>
    <testsuite name="src/components/ui/__tests__/input.test.tsx" timestamp="2026-05-01T19:32:11.090Z" hostname="Andreu" tests="1" failures="0" errors="0" skipped="0" time="0.056258">
        <testcase classname="src/components/ui/__tests__/input.test.tsx" name="Input &gt; renders input element" time="0.0532247">
        </testcase>
    </testsuite>
    <testsuite name="src/components/ui/__tests__/select.test.tsx" timestamp="2026-05-01T19:32:11.091Z" hostname="Andreu" tests="1" failures="0" errors="0" skipped="0" time="0.0875155">
        <testcase classname="src/components/ui/__tests__/select.test.tsx" name="Select &gt; renders select trigger" time="0.0844777">
        </testcase>
    </testsuite>
    <testsuite name="src/components/ui/__tests__/tabs.test.tsx" timestamp="2026-05-01T19:32:11.092Z" hostname="Andreu" tests="1" failures="0" errors="0" skipped="0" time="0.0527654">
        <testcase classname="src/components/ui/__tests__/tabs.test.tsx" name="Tabs &gt; renders tabs and switches active tab" time="0.0485966">
        </testcase>
    </testsuite>
    <testsuite name="src/components/ui/__tests__/theme-toggle.test.tsx" timestamp="2026-05-01T19:32:11.093Z" hostname="Andreu" tests="2" failures="0" errors="0" skipped="0" time="0.312997">
        <testcase classname="src/components/ui/__tests__/theme-toggle.test.tsx" name="ThemeToggle &gt; should render toggle button" time="0.1029689">
        </testcase>
        <testcase classname="src/components/ui/__tests__/theme-toggle.test.tsx" name="ThemeToggle &gt; should change theme when option is clicked" time="0.2073452">
        </testcase>
    </testsuite>
    <testsuite name="src/lib/validation/__tests__/auth.schemas.test.ts" timestamp="2026-05-01T19:32:11.094Z" hostname="Andreu" tests="10" failures="0" errors="0" skipped="0" time="0.0148349">
        <testcase classname="src/lib/validation/__tests__/auth.schemas.test.ts" name="Auth Validation Schemas &gt; LoginSchema &gt; should validate correct login data" time="0.0053531">
        </testcase>
        <testcase classname="src/lib/validation/__tests__/auth.schemas.test.ts" name="Auth Validation Schemas &gt; LoginSchema &gt; should reject invalid email" time="0.0010634">
        </testcase>
        <testcase classname="src/lib/validation/__tests__/auth.schemas.test.ts" name="Auth Validation Schemas &gt; LoginSchema &gt; should reject empty email" time="0.0004836">
        </testcase>
        <testcase classname="src/lib/validation/__tests__/auth.schemas.test.ts" name="Auth Validation Schemas &gt; LoginSchema &gt; should reject short password" time="0.0007635">
        </testcase>
        <testcase classname="src/lib/validation/__tests__/auth.schemas.test.ts" name="Auth Validation Schemas &gt; LoginSchema &gt; should reject password exceeding max length" time="0.0004078">
        </testcase>
        <testcase classname="src/lib/validation/__tests__/auth.schemas.test.ts" name="Auth Validation Schemas &gt; RegisterSchema &gt; should validate correct registration data" time="0.0014558">
        </testcase>
        <testcase classname="src/lib/validation/__tests__/auth.schemas.test.ts" name="Auth Validation Schemas &gt; RegisterSchema &gt; should validate with optional fields empty" time="0.0004276">
        </testcase>
        <testcase classname="src/lib/validation/__tests__/auth.schemas.test.ts" name="Auth Validation Schemas &gt; RegisterSchema &gt; should reject when passwords do not match" time="0.0005858">
        </testcase>
        <testcase classname="src/lib/validation/__tests__/auth.schemas.test.ts" name="Auth Validation Schemas &gt; RegisterSchema &gt; should reject short username" time="0.0004119">
        </testcase>
        <testcase classname="src/lib/validation/__tests__/auth.schemas.test.ts" name="Auth Validation Schemas &gt; RegisterSchema &gt; should reject long username" time="0.0005064">
        </testcase>
    </testsuite>
    <testsuite name="src/lib/validation/__tests__/base.schemas.test.ts" timestamp="2026-05-01T19:32:11.097Z" hostname="Andreu" tests="21" failures="0" errors="0" skipped="0" time="0.0179351">
        <testcase classname="src/lib/validation/__tests__/base.schemas.test.ts" name="optionalString &gt; returns undefined for empty string" time="0.0043409">
        </testcase>
        <testcase classname="src/lib/validation/__tests__/base.schemas.test.ts" name="optionalString &gt; returns undefined for whitespace-only string" time="0.0007755">
        </testcase>
        <testcase classname="src/lib/validation/__tests__/base.schemas.test.ts" name="optionalString &gt; returns undefined for null/undefined" time="0.0005881">
        </testcase>
        <testcase classname="src/lib/validation/__tests__/base.schemas.test.ts" name="optionalString &gt; trims and returns valid string" time="0.0006277">
        </testcase>
        <testcase classname="src/lib/validation/__tests__/base.schemas.test.ts" name="optionalString &gt; fails on string exceeding max length" time="0.0011727">
        </testcase>
        <testcase classname="src/lib/validation/__tests__/base.schemas.test.ts" name="optionalString &gt; handles non-string input (hits : val branch)" time="0.0010734">
        </testcase>
        <testcase classname="src/lib/validation/__tests__/base.schemas.test.ts" name="phoneValidation &gt; returns undefined for empty string" time="0.0004379">
        </testcase>
        <testcase classname="src/lib/validation/__tests__/base.schemas.test.ts" name="phoneValidation &gt; handles non-string input (hits : val branch)" time="0.0003026">
        </testcase>
        <testcase classname="src/lib/validation/__tests__/base.schemas.test.ts" name="phoneValidation &gt; validates US phone format (xxx) xxx-xxxx" time="0.0006711">
        </testcase>
        <testcase classname="src/lib/validation/__tests__/base.schemas.test.ts" name="phoneValidation &gt; validates US phone format xxx-xxx-xxxx" time="0.0003786">
        </testcase>
        <testcase classname="src/lib/validation/__tests__/base.schemas.test.ts" name="phoneValidation &gt; validates international phone format +xx xxx xxx xxx" time="0.0002723">
        </testcase>
        <testcase classname="src/lib/validation/__tests__/base.schemas.test.ts" name="phoneValidation &gt; validates local formats (hits line 57)" time="0.0002279">
        </testcase>
        <testcase classname="src/lib/validation/__tests__/base.schemas.test.ts" name="phoneValidation &gt; rejects invalid phone with letters" time="0.0005519">
        </testcase>
        <testcase classname="src/lib/validation/__tests__/base.schemas.test.ts" name="phoneValidation &gt; rejects phone with too few digits" time="0.0002759">
        </testcase>
        <testcase classname="src/lib/validation/__tests__/base.schemas.test.ts" name="optionalEmail &gt; returns undefined for empty string" time="0.0003261">
        </testcase>
        <testcase classname="src/lib/validation/__tests__/base.schemas.test.ts" name="optionalEmail &gt; handles non-string input (hits : val branch)" time="0.0003937">
        </testcase>
        <testcase classname="src/lib/validation/__tests__/base.schemas.test.ts" name="optionalEmail &gt; returns undefined for whitespace-only string" time="0.0002281">
        </testcase>
        <testcase classname="src/lib/validation/__tests__/base.schemas.test.ts" name="optionalEmail &gt; validates valid email" time="0.0004314">
        </testcase>
        <testcase classname="src/lib/validation/__tests__/base.schemas.test.ts" name="optionalEmail &gt; trims and validates email" time="0.0003757">
        </testcase>
        <testcase classname="src/lib/validation/__tests__/base.schemas.test.ts" name="optionalEmail &gt; rejects invalid email format" time="0.0003433">
        </testcase>
        <testcase classname="src/lib/validation/__tests__/base.schemas.test.ts" name="optionalEmail &gt; rejects email exceeding max length" time="0.000269">
        </testcase>
    </testsuite>
    <testsuite name="src/lib/validation/__tests__/billing.schemas.test.ts" timestamp="2026-05-01T19:32:11.109Z" hostname="Andreu" tests="6" failures="0" errors="0" skipped="0" time="0.0145645">
        <testcase classname="src/lib/validation/__tests__/billing.schemas.test.ts" name="CreateInvoiceSchema &gt; accepts valid invoice payload" time="0.005703">
        </testcase>
        <testcase classname="src/lib/validation/__tests__/billing.schemas.test.ts" name="CreateInvoiceSchema &gt; requires at least one line" time="0.0011266">
        </testcase>
        <testcase classname="src/lib/validation/__tests__/billing.schemas.test.ts" name="IssueInvoiceSchema &gt; requires valid date-time" time="0.0011183">
        </testcase>
        <testcase classname="src/lib/validation/__tests__/billing.schemas.test.ts" name="CancelInvoiceSchema &gt; requires reason" time="0.0006587">
        </testcase>
        <testcase classname="src/lib/validation/__tests__/billing.schemas.test.ts" name="RecordPaymentSchema &gt; requires positive amount" time="0.0013094">
        </testcase>
        <testcase classname="src/lib/validation/__tests__/billing.schemas.test.ts" name="CreateCreditNoteSchema &gt; accepts valid credit note" time="0.0010521">
        </testcase>
    </testsuite>
    <testsuite name="src/lib/validation/__tests__/permission.schemas.test.ts" timestamp="2026-05-01T19:32:11.113Z" hostname="Andreu" tests="14" failures="0" errors="0" skipped="0" time="0.0153965">
        <testcase classname="src/lib/validation/__tests__/permission.schemas.test.ts" name="Permission Validation Schemas &gt; CreatePermissionSchema &gt; should validate correct permission data" time="0.005496">
        </testcase>
        <testcase classname="src/lib/validation/__tests__/permission.schemas.test.ts" name="Permission Validation Schemas &gt; CreatePermissionSchema &gt; should validate with minimal required fields" time="0.0007432">
        </testcase>
        <testcase classname="src/lib/validation/__tests__/permission.schemas.test.ts" name="Permission Validation Schemas &gt; CreatePermissionSchema &gt; should validate with empty string description" time="0.0004812">
        </testcase>
        <testcase classname="src/lib/validation/__tests__/permission.schemas.test.ts" name="Permission Validation Schemas &gt; CreatePermissionSchema &gt; should validate with undefined description" time="0.0002534">
        </testcase>
        <testcase classname="src/lib/validation/__tests__/permission.schemas.test.ts" name="Permission Validation Schemas &gt; CreatePermissionSchema &gt; should reject empty module" time="0.0011016">
        </testcase>
        <testcase classname="src/lib/validation/__tests__/permission.schemas.test.ts" name="Permission Validation Schemas &gt; CreatePermissionSchema &gt; should reject empty action" time="0.0004983">
        </testcase>
        <testcase classname="src/lib/validation/__tests__/permission.schemas.test.ts" name="Permission Validation Schemas &gt; CreatePermissionSchema &gt; should reject missing module" time="0.0006747">
        </testcase>
        <testcase classname="src/lib/validation/__tests__/permission.schemas.test.ts" name="Permission Validation Schemas &gt; CreatePermissionSchema &gt; should reject missing action" time="0.0002992">
        </testcase>
        <testcase classname="src/lib/validation/__tests__/permission.schemas.test.ts" name="Permission Validation Schemas &gt; CreatePermissionSchema &gt; should reject non-string module" time="0.0003098">
        </testcase>
        <testcase classname="src/lib/validation/__tests__/permission.schemas.test.ts" name="Permission Validation Schemas &gt; CreatePermissionSchema &gt; should reject non-string action" time="0.000253">
        </testcase>
        <testcase classname="src/lib/validation/__tests__/permission.schemas.test.ts" name="Permission Validation Schemas &gt; UpdatePermissionSchema &gt; should validate correct update data" time="0.0006964">
        </testcase>
        <testcase classname="src/lib/validation/__tests__/permission.schemas.test.ts" name="Permission Validation Schemas &gt; UpdatePermissionSchema &gt; should validate with minimal fields" time="0.0002373">
        </testcase>
        <testcase classname="src/lib/validation/__tests__/permission.schemas.test.ts" name="Permission Validation Schemas &gt; UpdatePermissionSchema &gt; should reject empty module" time="0.0003396">
        </testcase>
        <testcase classname="src/lib/validation/__tests__/permission.schemas.test.ts" name="Permission Validation Schemas &gt; UpdatePermissionSchema &gt; should reject empty action" time="0.000318">
        </testcase>
    </testsuite>
    <testsuite name="src/lib/validation/__tests__/product.schemas.test.ts" timestamp="2026-05-01T19:32:11.117Z" hostname="Andreu" tests="9" failures="0" errors="0" skipped="0" time="0.0144382">
        <testcase classname="src/lib/validation/__tests__/product.schemas.test.ts" name="Product Validation Schemas &gt; CreateProductSchema &gt; should validate correct product data" time="0.0056071">
        </testcase>
        <testcase classname="src/lib/validation/__tests__/product.schemas.test.ts" name="Product Validation Schemas &gt; CreateProductSchema &gt; should validate with optional fields" time="0.0004704">
        </testcase>
        <testcase classname="src/lib/validation/__tests__/product.schemas.test.ts" name="Product Validation Schemas &gt; CreateProductSchema &gt; should reject empty SKU" time="0.0009677">
        </testcase>
        <testcase classname="src/lib/validation/__tests__/product.schemas.test.ts" name="Product Validation Schemas &gt; CreateProductSchema &gt; should reject SKU exceeding max length" time="0.0004293">
        </testcase>
        <testcase classname="src/lib/validation/__tests__/product.schemas.test.ts" name="Product Validation Schemas &gt; CreateProductSchema &gt; should reject negative unit price" time="0.0006882">
        </testcase>
        <testcase classname="src/lib/validation/__tests__/product.schemas.test.ts" name="Product Validation Schemas &gt; CreateProductSchema &gt; should reject negative reorder level" time="0.000424">
        </testcase>
        <testcase classname="src/lib/validation/__tests__/product.schemas.test.ts" name="Product Validation Schemas &gt; CreateProductSchema &gt; should reject non-integer reorder level" time="0.0007768">
        </testcase>
        <testcase classname="src/lib/validation/__tests__/product.schemas.test.ts" name="Product Validation Schemas &gt; CreateProductSchema &gt; should reject description exceeding max length" time="0.0006031">
        </testcase>
        <testcase classname="src/lib/validation/__tests__/product.schemas.test.ts" name="Product Validation Schemas &gt; UpdateProductSchema &gt; should validate correct update data" time="0.0004621">
        </testcase>
    </testsuite>
    <testsuite name="src/lib/validation/__tests__/purchase-order.schemas.test.ts" timestamp="2026-05-01T19:32:11.120Z" hostname="Andreu" tests="8" failures="0" errors="0" skipped="0" time="0.0135413">
        <testcase classname="src/lib/validation/__tests__/purchase-order.schemas.test.ts" name="Purchase Order Validation Schemas &gt; PurchaseOrderLineSchema &gt; should validate correct order line data" time="0.0044952">
        </testcase>
        <testcase classname="src/lib/validation/__tests__/purchase-order.schemas.test.ts" name="Purchase Order Validation Schemas &gt; PurchaseOrderLineSchema &gt; should reject quantity less than 1" time="0.0009375">
        </testcase>
        <testcase classname="src/lib/validation/__tests__/purchase-order.schemas.test.ts" name="Purchase Order Validation Schemas &gt; CreatePurchaseOrderSchema &gt; should validate correct purchase order data" time="0.0015731">
        </testcase>
        <testcase classname="src/lib/validation/__tests__/purchase-order.schemas.test.ts" name="Purchase Order Validation Schemas &gt; CreatePurchaseOrderSchema &gt; should validate without optional expectedDeliveryDate" time="0.0005793">
        </testcase>
        <testcase classname="src/lib/validation/__tests__/purchase-order.schemas.test.ts" name="Purchase Order Validation Schemas &gt; CreatePurchaseOrderSchema &gt; should reject empty order lines" time="0.0005473">
        </testcase>
        <testcase classname="src/lib/validation/__tests__/purchase-order.schemas.test.ts" name="Purchase Order Validation Schemas &gt; ApprovePurchaseOrderSchema &gt; should validate correct approval data" time="0.0006477">
        </testcase>
        <testcase classname="src/lib/validation/__tests__/purchase-order.schemas.test.ts" name="Purchase Order Validation Schemas &gt; ReceivePurchaseOrderSchema &gt; should validate correct receive data" time="0.0010979">
        </testcase>
        <testcase classname="src/lib/validation/__tests__/purchase-order.schemas.test.ts" name="Purchase Order Validation Schemas &gt; ReceivePurchaseOrderSchema &gt; should reject empty received items" time="0.0004015">
        </testcase>
    </testsuite>
    <testsuite name="src/lib/validation/__tests__/role.schemas.test.ts" timestamp="2026-05-01T19:32:11.121Z" hostname="Andreu" tests="12" failures="0" errors="0" skipped="0" time="0.023106">
        <testcase classname="src/lib/validation/__tests__/role.schemas.test.ts" name="Role Validation Schemas &gt; CreateRoleSchema &gt; should validate correct role data" time="0.010465">
        </testcase>
        <testcase classname="src/lib/validation/__tests__/role.schemas.test.ts" name="Role Validation Schemas &gt; CreateRoleSchema &gt; should validate with minimal required fields" time="0.0007722">
        </testcase>
        <testcase classname="src/lib/validation/__tests__/role.schemas.test.ts" name="Role Validation Schemas &gt; CreateRoleSchema &gt; should validate with empty string description" time="0.0004132">
        </testcase>
        <testcase classname="src/lib/validation/__tests__/role.schemas.test.ts" name="Role Validation Schemas &gt; CreateRoleSchema &gt; should validate with undefined description" time="0.0002248">
        </testcase>
        <testcase classname="src/lib/validation/__tests__/role.schemas.test.ts" name="Role Validation Schemas &gt; CreateRoleSchema &gt; should validate with empty permissionIds array" time="0.0003651">
        </testcase>
        <testcase classname="src/lib/validation/__tests__/role.schemas.test.ts" name="Role Validation Schemas &gt; CreateRoleSchema &gt; should reject empty name" time="0.001748">
        </testcase>
        <testcase classname="src/lib/validation/__tests__/role.schemas.test.ts" name="Role Validation Schemas &gt; CreateRoleSchema &gt; should reject missing name" time="0.0013752">
        </testcase>
        <testcase classname="src/lib/validation/__tests__/role.schemas.test.ts" name="Role Validation Schemas &gt; CreateRoleSchema &gt; should reject non-string name" time="0.0003966">
        </testcase>
        <testcase classname="src/lib/validation/__tests__/role.schemas.test.ts" name="Role Validation Schemas &gt; CreateRoleSchema &gt; should reject invalid permissionIds type" time="0.000434">
        </testcase>
        <testcase classname="src/lib/validation/__tests__/role.schemas.test.ts" name="Role Validation Schemas &gt; UpdateRoleSchema &gt; should validate correct update data (same as CreateRoleSchema)" time="0.0008755">
        </testcase>
        <testcase classname="src/lib/validation/__tests__/role.schemas.test.ts" name="Role Validation Schemas &gt; UpdateRoleSchema &gt; should validate with minimal fields" time="0.0005258">
        </testcase>
        <testcase classname="src/lib/validation/__tests__/role.schemas.test.ts" name="Role Validation Schemas &gt; UpdateRoleSchema &gt; should reject empty name" time="0.0005209">
        </testcase>
    </testsuite>
    <testsuite name="src/lib/validation/__tests__/sales-order.schemas.test.ts" timestamp="2026-05-01T19:32:11.124Z" hostname="Andreu" tests="8" failures="0" errors="0" skipped="0" time="0.0135614">
        <testcase classname="src/lib/validation/__tests__/sales-order.schemas.test.ts" name="Sales Order Validation Schemas &gt; SalesOrderLineSchema &gt; should validate correct order line data" time="0.0046306">
        </testcase>
        <testcase classname="src/lib/validation/__tests__/sales-order.schemas.test.ts" name="Sales Order Validation Schemas &gt; SalesOrderLineSchema &gt; should reject quantity less than 1" time="0.0009368">
        </testcase>
        <testcase classname="src/lib/validation/__tests__/sales-order.schemas.test.ts" name="Sales Order Validation Schemas &gt; SalesOrderLineSchema &gt; should reject negative unit price" time="0.0004425">
        </testcase>
        <testcase classname="src/lib/validation/__tests__/sales-order.schemas.test.ts" name="Sales Order Validation Schemas &gt; CreateSalesOrderSchema &gt; should validate correct sales order data" time="0.001068">
        </testcase>
        <testcase classname="src/lib/validation/__tests__/sales-order.schemas.test.ts" name="Sales Order Validation Schemas &gt; CreateSalesOrderSchema &gt; should reject empty order lines" time="0.0008252">
        </testcase>
        <testcase classname="src/lib/validation/__tests__/sales-order.schemas.test.ts" name="Sales Order Validation Schemas &gt; CreateQuoteSchema &gt; should validate correct quote data" time="0.0007207">
        </testcase>
        <testcase classname="src/lib/validation/__tests__/sales-order.schemas.test.ts" name="Sales Order Validation Schemas &gt; CreateQuoteSchema &gt; should reject missing validUntil" time="0.0004572">
        </testcase>
        <testcase classname="src/lib/validation/__tests__/sales-order.schemas.test.ts" name="Sales Order Validation Schemas &gt; ConfirmQuoteSchema &gt; should validate correct confirm quote data" time="0.0006826">
        </testcase>
    </testsuite>
    <testsuite name="src/lib/validation/__tests__/stock-operations.schemas.test.ts" timestamp="2026-05-01T19:32:11.127Z" hostname="Andreu" tests="11" failures="0" errors="0" skipped="0" time="0.0137494">
        <testcase classname="src/lib/validation/__tests__/stock-operations.schemas.test.ts" name="Stock Operations Validation Schemas &gt; ReserveStockSchema &gt; should validate correct reserve stock data" time="0.0048325">
        </testcase>
        <testcase classname="src/lib/validation/__tests__/stock-operations.schemas.test.ts" name="Stock Operations Validation Schemas &gt; ReserveStockSchema &gt; should validate without optional expiresAt" time="0.0004417">
        </testcase>
        <testcase classname="src/lib/validation/__tests__/stock-operations.schemas.test.ts" name="Stock Operations Validation Schemas &gt; ReserveStockSchema &gt; should reject missing productId" time="0.0011818">
        </testcase>
        <testcase classname="src/lib/validation/__tests__/stock-operations.schemas.test.ts" name="Stock Operations Validation Schemas &gt; ReserveStockSchema &gt; should reject quantity less than 1" time="0.0006383">
        </testcase>
        <testcase classname="src/lib/validation/__tests__/stock-operations.schemas.test.ts" name="Stock Operations Validation Schemas &gt; StockTransferSchema &gt; should validate correct transfer data" time="0.0007799">
        </testcase>
        <testcase classname="src/lib/validation/__tests__/stock-operations.schemas.test.ts" name="Stock Operations Validation Schemas &gt; StockTransferSchema &gt; should reject same from and to warehouse" time="0.0002452">
        </testcase>
        <testcase classname="src/lib/validation/__tests__/stock-operations.schemas.test.ts" name="Stock Operations Validation Schemas &gt; StockTransferSchema &gt; should reject empty reason" time="0.0004331">
        </testcase>
        <testcase classname="src/lib/validation/__tests__/stock-operations.schemas.test.ts" name="Stock Operations Validation Schemas &gt; StockAdjustmentSchema &gt; should validate correct adjustment data with Increase" time="0.0007435">
        </testcase>
        <testcase classname="src/lib/validation/__tests__/stock-operations.schemas.test.ts" name="Stock Operations Validation Schemas &gt; StockAdjustmentSchema &gt; should validate with Decrease type" time="0.0002433">
        </testcase>
        <testcase classname="src/lib/validation/__tests__/stock-operations.schemas.test.ts" name="Stock Operations Validation Schemas &gt; StockAdjustmentSchema &gt; should validate with Found type" time="0.0002396">
        </testcase>
        <testcase classname="src/lib/validation/__tests__/stock-operations.schemas.test.ts" name="Stock Operations Validation Schemas &gt; StockAdjustmentSchema &gt; should reject invalid adjustment type" time="0.0003923">
        </testcase>
    </testsuite>
    <testsuite name="src/lib/validation/__tests__/supplier.schemas.test.ts" timestamp="2026-05-01T19:32:11.130Z" hostname="Andreu" tests="9" failures="0" errors="0" skipped="0" time="0.0137706">
        <testcase classname="src/lib/validation/__tests__/supplier.schemas.test.ts" name="CreateSupplierSchema &gt; validates a valid supplier" time="0.0057189">
        </testcase>
        <testcase classname="src/lib/validation/__tests__/supplier.schemas.test.ts" name="CreateSupplierSchema &gt; requires name" time="0.0014773">
        </testcase>
        <testcase classname="src/lib/validation/__tests__/supplier.schemas.test.ts" name="CreateSupplierSchema &gt; requires valid email" time="0.0007038">
        </testcase>
        <testcase classname="src/lib/validation/__tests__/supplier.schemas.test.ts" name="CreateSupplierSchema &gt; validates email format with pipe" time="0.0004579">
        </testcase>
        <testcase classname="src/lib/validation/__tests__/supplier.schemas.test.ts" name="CreateSupplierSchema &gt; allows optional fields to be undefined" time="0.0003332">
        </testcase>
        <testcase classname="src/lib/validation/__tests__/supplier.schemas.test.ts" name="CreateSupplierSchema &gt; allows empty optional fields to become undefined" time="0.0005265">
        </testcase>
        <testcase classname="src/lib/validation/__tests__/supplier.schemas.test.ts" name="CreateSupplierSchema &gt; defaults isActive to true if not provided" time="0.0003277">
        </testcase>
        <testcase classname="src/lib/validation/__tests__/supplier.schemas.test.ts" name="CreateSupplierSchema &gt; enforces max length on name" time="0.000425">
        </testcase>
        <testcase classname="src/lib/validation/__tests__/supplier.schemas.test.ts" name="CreateSupplierSchema &gt; enforces max length on email" time="0.0004482">
        </testcase>
    </testsuite>
    <testsuite name="src/lib/validation/__tests__/user.schemas.test.ts" timestamp="2026-05-01T19:32:11.133Z" hostname="Andreu" tests="7" failures="0" errors="0" skipped="0" time="0.0129041">
        <testcase classname="src/lib/validation/__tests__/user.schemas.test.ts" name="User Validation Schemas &gt; CreateUserSchema &gt; should validate correct user data" time="0.0050386">
        </testcase>
        <testcase classname="src/lib/validation/__tests__/user.schemas.test.ts" name="User Validation Schemas &gt; CreateUserSchema &gt; should reject invalid email" time="0.0011154">
        </testcase>
        <testcase classname="src/lib/validation/__tests__/user.schemas.test.ts" name="User Validation Schemas &gt; CreateUserSchema &gt; should reject short username" time="0.0006403">
        </testcase>
        <testcase classname="src/lib/validation/__tests__/user.schemas.test.ts" name="User Validation Schemas &gt; CreateUserSchema &gt; should reject weak password" time="0.0005507">
        </testcase>
        <testcase classname="src/lib/validation/__tests__/user.schemas.test.ts" name="User Validation Schemas &gt; UpdateUserSchema &gt; should validate correct update data without password" time="0.0011093">
        </testcase>
        <testcase classname="src/lib/validation/__tests__/user.schemas.test.ts" name="User Validation Schemas &gt; UpdateUserSchema &gt; should validate with optional password" time="0.0006086">
        </testcase>
        <testcase classname="src/lib/validation/__tests__/user.schemas.test.ts" name="User Validation Schemas &gt; UpdateUserSchema &gt; should reject invalid email" time="0.0005141">
        </testcase>
    </testsuite>
    <testsuite name="src/lib/validation/__tests__/warehouse.schemas.test.ts" timestamp="2026-05-01T19:32:11.135Z" hostname="Andreu" tests="5" failures="0" errors="0" skipped="0" time="0.0096695">
        <testcase classname="src/lib/validation/__tests__/warehouse.schemas.test.ts" name="Warehouse Validation Schemas &gt; CreateWarehouseSchema &gt; should validate correct warehouse data" time="0.0039372">
        </testcase>
        <testcase classname="src/lib/validation/__tests__/warehouse.schemas.test.ts" name="Warehouse Validation Schemas &gt; CreateWarehouseSchema &gt; should validate with minimal required fields" time="0.0003554">
        </testcase>
        <testcase classname="src/lib/validation/__tests__/warehouse.schemas.test.ts" name="Warehouse Validation Schemas &gt; CreateWarehouseSchema &gt; should reject empty name" time="0.0009042">
        </testcase>
        <testcase classname="src/lib/validation/__tests__/warehouse.schemas.test.ts" name="Warehouse Validation Schemas &gt; CreateWarehouseSchema &gt; should reject name exceeding max length" time="0.0005548">
        </testcase>
        <testcase classname="src/lib/validation/__tests__/warehouse.schemas.test.ts" name="Warehouse Validation Schemas &gt; UpdateWarehouseSchema &gt; should validate correct update data" time="0.0003126">
        </testcase>
    </testsuite>
    <testsuite name="src/lib/validation/__tests__/zod-utils.test.ts" timestamp="2026-05-01T19:32:11.136Z" hostname="Andreu" tests="3" failures="0" errors="0" skipped="0" time="0.0153432">
        <testcase classname="src/lib/validation/__tests__/zod-utils.test.ts" name="parseZodErrors &gt; converts Zod error to field-keyed record" time="0.0079343">
        </testcase>
        <testcase classname="src/lib/validation/__tests__/zod-utils.test.ts" name="parseZodErrors &gt; returns empty object for valid data" time="0.0004836">
        </testcase>
        <testcase classname="src/lib/validation/__tests__/zod-utils.test.ts" name="parseZodErrors &gt; skips issues without path" time="0.0030725">
        </testcase>
    </testsuite>
    <testsuite name="src/pages/auth/__tests__/login.test.tsx" timestamp="2026-05-01T19:32:11.137Z" hostname="Andreu" tests="7" failures="0" errors="0" skipped="0" time="0.2737057">
        <testcase classname="src/pages/auth/__tests__/login.test.tsx" name="LoginPage &gt; should render login form" time="0.0758402">
            <system-err>
⚠️ React Router Future Flag Warning: React Router will begin wrapping state updates in `React.startTransition` in v7. You can use the `v7_startTransition` future flag to opt-in early. For more information, see https://reactrouter.com/v6/upgrading/future#v7_starttransition.
⚠️ React Router Future Flag Warning: Relative route resolution within Splat routes is changing in v7. You can use the `v7_relativeSplatPath` future flag to opt-in early. For more information, see https://reactrouter.com/v6/upgrading/future#v7_relativesplatpath.

            </system-err>
        </testcase>
        <testcase classname="src/pages/auth/__tests__/login.test.tsx" name="LoginPage &gt; should handle form submission" time="0.0450571">
        </testcase>
        <testcase classname="src/pages/auth/__tests__/login.test.tsx" name="LoginPage &gt; should display error message on login failure" time="0.0519392">
        </testcase>
        <testcase classname="src/pages/auth/__tests__/login.test.tsx" name="LoginPage &gt; should disable form during submission" time="0.0180427">
        </testcase>
        <testcase classname="src/pages/auth/__tests__/login.test.tsx" name="LoginPage &gt; should show validation errors for empty form" time="0.0171318">
        </testcase>
        <testcase classname="src/pages/auth/__tests__/login.test.tsx" name="LoginPage &gt; should show validation error for invalid email" time="0.0327488">
        </testcase>
        <testcase classname="src/pages/auth/__tests__/login.test.tsx" name="LoginPage &gt; should clear field error when user types" time="0.0300086">
        </testcase>
    </testsuite>
    <testsuite name="src/pages/auth/__tests__/register.test.tsx" timestamp="2026-05-01T19:32:11.138Z" hostname="Andreu" tests="6" failures="0" errors="0" skipped="0" time="0.3541185">
        <testcase classname="src/pages/auth/__tests__/register.test.tsx" name="RegisterPage &gt; should render register form" time="0.0887357">
            <system-err>
⚠️ React Router Future Flag Warning: React Router will begin wrapping state updates in `React.startTransition` in v7. You can use the `v7_startTransition` future flag to opt-in early. For more information, see https://reactrouter.com/v6/upgrading/future#v7_starttransition.
⚠️ React Router Future Flag Warning: Relative route resolution within Splat routes is changing in v7. You can use the `v7_relativeSplatPath` future flag to opt-in early. For more information, see https://reactrouter.com/v6/upgrading/future#v7_relativesplatpath.

            </system-err>
        </testcase>
        <testcase classname="src/pages/auth/__tests__/register.test.tsx" name="RegisterPage &gt; should handle successful registration" time="0.0488376">
        </testcase>
        <testcase classname="src/pages/auth/__tests__/register.test.tsx" name="RegisterPage &gt; should show validation error for mismatched passwords" time="0.034128">
        </testcase>
        <testcase classname="src/pages/auth/__tests__/register.test.tsx" name="RegisterPage &gt; should show validation error for short username" time="0.0599064">
        </testcase>
        <testcase classname="src/pages/auth/__tests__/register.test.tsx" name="RegisterPage &gt; should clear field error when user types" time="0.0619477">
        </testcase>
        <testcase classname="src/pages/auth/__tests__/register.test.tsx" name="RegisterPage &gt; should display error on registration failure" time="0.057719">
        </testcase>
    </testsuite>
    <testsuite name="src/pages/billing/__tests__/invoice-detail.test.tsx" timestamp="2026-05-01T19:32:11.139Z" hostname="Andreu" tests="2" failures="0" errors="0" skipped="0" time="0.217021">
        <testcase classname="src/pages/billing/__tests__/invoice-detail.test.tsx" name="InvoiceDetailPage &gt; renders invoice detail screen" time="0.1532016">
            <system-err>
⚠️ React Router Future Flag Warning: React Router will begin wrapping state updates in `React.startTransition` in v7. You can use the `v7_startTransition` future flag to opt-in early. For more information, see https://reactrouter.com/v6/upgrading/future#v7_starttransition.
⚠️ React Router Future Flag Warning: Relative route resolution within Splat routes is changing in v7. You can use the `v7_relativeSplatPath` future flag to opt-in early. For more information, see https://reactrouter.com/v6/upgrading/future#v7_relativesplatpath.

            </system-err>
        </testcase>
        <testcase classname="src/pages/billing/__tests__/invoice-detail.test.tsx" name="InvoiceDetailPage &gt; shows retry action when loading fails" time="0.0609509">
        </testcase>
    </testsuite>
    <testsuite name="src/pages/billing/__tests__/invoices-list.test.tsx" timestamp="2026-05-01T19:32:11.139Z" hostname="Andreu" tests="2" failures="0" errors="0" skipped="0" time="0.3368336">
        <testcase classname="src/pages/billing/__tests__/invoices-list.test.tsx" name="InvoicesListPage &gt; renders invoices list page" time="0.2187951">
            <system-err>
⚠️ React Router Future Flag Warning: React Router will begin wrapping state updates in `React.startTransition` in v7. You can use the `v7_startTransition` future flag to opt-in early. For more information, see https://reactrouter.com/v6/upgrading/future#v7_starttransition.
⚠️ React Router Future Flag Warning: Relative route resolution within Splat routes is changing in v7. You can use the `v7_relativeSplatPath` future flag to opt-in early. For more information, see https://reactrouter.com/v6/upgrading/future#v7_relativesplatpath.

            </system-err>
        </testcase>
        <testcase classname="src/pages/billing/__tests__/invoices-list.test.tsx" name="InvoicesListPage &gt; loads invoices from service" time="0.11537">
        </testcase>
    </testsuite>
    <testsuite name="src/pages/dashboard/__tests__/dashboard-page.test.tsx" timestamp="2026-05-01T19:32:11.140Z" hostname="Andreu" tests="2" failures="0" errors="0" skipped="0" time="0.1079648">
        <testcase classname="src/pages/dashboard/__tests__/dashboard-page.test.tsx" name="DashboardPage &gt; renders dashboard title" time="0.0962512">
            <system-err>
⚠️ React Router Future Flag Warning: React Router will begin wrapping state updates in `React.startTransition` in v7. You can use the `v7_startTransition` future flag to opt-in early. For more information, see https://reactrouter.com/v6/upgrading/future#v7_starttransition.
⚠️ React Router Future Flag Warning: Relative route resolution within Splat routes is changing in v7. You can use the `v7_relativeSplatPath` future flag to opt-in early. For more information, see https://reactrouter.com/v6/upgrading/future#v7_relativesplatpath.

            </system-err>
        </testcase>
        <testcase classname="src/pages/dashboard/__tests__/dashboard-page.test.tsx" name="DashboardPage &gt; renders without crashing" time="0.0085961">
        </testcase>
    </testsuite>
    <testsuite name="src/pages/crm/__tests__/account-detail.test.tsx" timestamp="2026-05-01T19:32:11.141Z" hostname="Andreu" tests="3" failures="0" errors="0" skipped="0" time="0.151772">
        <testcase classname="src/pages/crm/__tests__/account-detail.test.tsx" name="AccountDetailPage &gt; renders loading state" time="0.0654618">
            <system-err>
⚠️ React Router Future Flag Warning: React Router will begin wrapping state updates in `React.startTransition` in v7. You can use the `v7_startTransition` future flag to opt-in early. For more information, see https://reactrouter.com/v6/upgrading/future#v7_starttransition.
⚠️ React Router Future Flag Warning: Relative route resolution within Splat routes is changing in v7. You can use the `v7_relativeSplatPath` future flag to opt-in early. For more information, see https://reactrouter.com/v6/upgrading/future#v7_relativesplatpath.

            </system-err>
        </testcase>
        <testcase classname="src/pages/crm/__tests__/account-detail.test.tsx" name="AccountDetailPage &gt; renders account details and contacts" time="0.0722597">
        </testcase>
        <testcase classname="src/pages/crm/__tests__/account-detail.test.tsx" name="AccountDetailPage &gt; shows not found when account missing" time="0.0111038">
        </testcase>
    </testsuite>
    <testsuite name="src/pages/crm/__tests__/accounts-list.test.tsx" timestamp="2026-05-01T19:32:11.142Z" hostname="Andreu" tests="2" failures="0" errors="0" skipped="0" time="0.1576122">
        <testcase classname="src/pages/crm/__tests__/accounts-list.test.tsx" name="AccountsListPage &gt; renders accounts list and header" time="0.1064082">
            <system-err>
⚠️ React Router Future Flag Warning: React Router will begin wrapping state updates in `React.startTransition` in v7. You can use the `v7_startTransition` future flag to opt-in early. For more information, see https://reactrouter.com/v6/upgrading/future#v7_starttransition.
⚠️ React Router Future Flag Warning: Relative route resolution within Splat routes is changing in v7. You can use the `v7_relativeSplatPath` future flag to opt-in early. For more information, see https://reactrouter.com/v6/upgrading/future#v7_relativesplatpath.

            </system-err>
        </testcase>
        <testcase classname="src/pages/crm/__tests__/accounts-list.test.tsx" name="AccountsListPage &gt; shows empty state when no accounts" time="0.0480921">
        </testcase>
    </testsuite>
    <testsuite name="src/pages/crm/__tests__/activities-list.test.tsx" timestamp="2026-05-01T19:32:11.144Z" hostname="Andreu" tests="1" failures="0" errors="0" skipped="0" time="0.1641437">
        <testcase classname="src/pages/crm/__tests__/activities-list.test.tsx" name="ActivitiesListPage &gt; renders activities list" time="0.1606016">
            <system-err>
⚠️ React Router Future Flag Warning: React Router will begin wrapping state updates in `React.startTransition` in v7. You can use the `v7_startTransition` future flag to opt-in early. For more information, see https://reactrouter.com/v6/upgrading/future#v7_starttransition.
⚠️ React Router Future Flag Warning: Relative route resolution within Splat routes is changing in v7. You can use the `v7_relativeSplatPath` future flag to opt-in early. For more information, see https://reactrouter.com/v6/upgrading/future#v7_relativesplatpath.

            </system-err>
        </testcase>
    </testsuite>
    <testsuite name="src/pages/crm/__tests__/contacts-list.test.tsx" timestamp="2026-05-01T19:32:11.145Z" hostname="Andreu" tests="1" failures="0" errors="0" skipped="0" time="0.1885637">
        <testcase classname="src/pages/crm/__tests__/contacts-list.test.tsx" name="ContactsListPage &gt; renders contacts list" time="0.1838499">
            <system-err>
⚠️ React Router Future Flag Warning: React Router will begin wrapping state updates in `React.startTransition` in v7. You can use the `v7_startTransition` future flag to opt-in early. For more information, see https://reactrouter.com/v6/upgrading/future#v7_starttransition.
⚠️ React Router Future Flag Warning: Relative route resolution within Splat routes is changing in v7. You can use the `v7_relativeSplatPath` future flag to opt-in early. For more information, see https://reactrouter.com/v6/upgrading/future#v7_relativesplatpath.

            </system-err>
        </testcase>
    </testsuite>
    <testsuite name="src/pages/crm/__tests__/lead-detail.test.tsx" timestamp="2026-05-01T19:32:11.145Z" hostname="Andreu" tests="3" failures="0" errors="0" skipped="0" time="0.133745">
        <testcase classname="src/pages/crm/__tests__/lead-detail.test.tsx" name="LeadDetailPage &gt; renders loading state" time="0.066249">
            <system-err>
⚠️ React Router Future Flag Warning: React Router will begin wrapping state updates in `React.startTransition` in v7. You can use the `v7_startTransition` future flag to opt-in early. For more information, see https://reactrouter.com/v6/upgrading/future#v7_starttransition.
⚠️ React Router Future Flag Warning: Relative route resolution within Splat routes is changing in v7. You can use the `v7_relativeSplatPath` future flag to opt-in early. For more information, see https://reactrouter.com/v6/upgrading/future#v7_relativesplatpath.

            </system-err>
        </testcase>
        <testcase classname="src/pages/crm/__tests__/lead-detail.test.tsx" name="LeadDetailPage &gt; renders lead details" time="0.0539912">
        </testcase>
        <testcase classname="src/pages/crm/__tests__/lead-detail.test.tsx" name="LeadDetailPage &gt; shows not found when error" time="0.0099936">
        </testcase>
    </testsuite>
    <testsuite name="src/pages/crm/__tests__/leads-list.test.tsx" timestamp="2026-05-01T19:32:11.146Z" hostname="Andreu" tests="2" failures="0" errors="0" skipped="0" time="0.1932068">
        <testcase classname="src/pages/crm/__tests__/leads-list.test.tsx" name="LeadsListPage &gt; renders leads list and header" time="0.1516391">
            <system-err>
⚠️ React Router Future Flag Warning: React Router will begin wrapping state updates in `React.startTransition` in v7. You can use the `v7_startTransition` future flag to opt-in early. For more information, see https://reactrouter.com/v6/upgrading/future#v7_starttransition.
⚠️ React Router Future Flag Warning: Relative route resolution within Splat routes is changing in v7. You can use the `v7_relativeSplatPath` future flag to opt-in early. For more information, see https://reactrouter.com/v6/upgrading/future#v7_relativesplatpath.

            </system-err>
        </testcase>
        <testcase classname="src/pages/crm/__tests__/leads-list.test.tsx" name="LeadsListPage &gt; shows empty state when no leads" time="0.0383474">
        </testcase>
    </testsuite>
    <testsuite name="src/pages/crm/__tests__/opportunities-list.test.tsx" timestamp="2026-05-01T19:32:11.147Z" hostname="Andreu" tests="2" failures="0" errors="0" skipped="0" time="0.1598511">
        <testcase classname="src/pages/crm/__tests__/opportunities-list.test.tsx" name="OpportunitiesListPage &gt; renders opportunities and header" time="0.1248209">
            <system-err>
⚠️ React Router Future Flag Warning: React Router will begin wrapping state updates in `React.startTransition` in v7. You can use the `v7_startTransition` future flag to opt-in early. For more information, see https://reactrouter.com/v6/upgrading/future#v7_starttransition.
⚠️ React Router Future Flag Warning: Relative route resolution within Splat routes is changing in v7. You can use the `v7_relativeSplatPath` future flag to opt-in early. For more information, see https://reactrouter.com/v6/upgrading/future#v7_relativesplatpath.

            </system-err>
        </testcase>
        <testcase classname="src/pages/crm/__tests__/opportunities-list.test.tsx" name="OpportunitiesListPage &gt; shows empty state when no opportunities" time="0.0306167">
        </testcase>
    </testsuite>
    <testsuite name="src/pages/debug/__tests__/toast-test.test.tsx" timestamp="2026-05-01T19:32:11.147Z" hostname="Andreu" tests="4" failures="0" errors="0" skipped="0" time="0.2217066">
        <testcase classname="src/pages/debug/__tests__/toast-test.test.tsx" name="ToastTestPage &gt; should render toast debug page" time="0.0325091">
            <system-err>
⚠️ React Router Future Flag Warning: React Router will begin wrapping state updates in `React.startTransition` in v7. You can use the `v7_startTransition` future flag to opt-in early. For more information, see https://reactrouter.com/v6/upgrading/future#v7_starttransition.
⚠️ React Router Future Flag Warning: Relative route resolution within Splat routes is changing in v7. You can use the `v7_relativeSplatPath` future flag to opt-in early. For more information, see https://reactrouter.com/v6/upgrading/future#v7_relativesplatpath.

            </system-err>
        </testcase>
        <testcase classname="src/pages/debug/__tests__/toast-test.test.tsx" name="ToastTestPage &gt; should have Show success button that calls toast.success on click" time="0.078441">
        </testcase>
        <testcase classname="src/pages/debug/__tests__/toast-test.test.tsx" name="ToastTestPage &gt; should have Show error button that calls toast.error on click" time="0.0305715">
        </testcase>
        <testcase classname="src/pages/debug/__tests__/toast-test.test.tsx" name="ToastTestPage &gt; should have Trigger API error button" time="0.0772465">
        </testcase>
    </testsuite>
    <testsuite name="src/pages/orders/__tests__/order-detail.test.tsx" timestamp="2026-05-01T19:32:11.148Z" hostname="Andreu" tests="6" failures="0" errors="0" skipped="0" time="0.3179894">
        <testcase classname="src/pages/orders/__tests__/order-detail.test.tsx" name="OrderDetailPage &gt; should render loading state initially" time="0.037391">
            <system-err>
⚠️ React Router Future Flag Warning: React Router will begin wrapping state updates in `React.startTransition` in v7. You can use the `v7_startTransition` future flag to opt-in early. For more information, see https://reactrouter.com/v6/upgrading/future#v7_starttransition.
⚠️ React Router Future Flag Warning: Relative route resolution within Splat routes is changing in v7. You can use the `v7_relativeSplatPath` future flag to opt-in early. For more information, see https://reactrouter.com/v6/upgrading/future#v7_relativesplatpath.

            </system-err>
        </testcase>
        <testcase classname="src/pages/orders/__tests__/order-detail.test.tsx" name="OrderDetailPage &gt; should display order details after loading" time="0.1206827">
        </testcase>
        <testcase classname="src/pages/orders/__tests__/order-detail.test.tsx" name="OrderDetailPage &gt; should display order lines" time="0.0439166">
        </testcase>
        <testcase classname="src/pages/orders/__tests__/order-detail.test.tsx" name="OrderDetailPage &gt; should display total amount" time="0.0308933">
        </testcase>
        <testcase classname="src/pages/orders/__tests__/order-detail.test.tsx" name="OrderDetailPage &gt; should handle error when order not found" time="0.0239767">
        </testcase>
        <testcase classname="src/pages/orders/__tests__/order-detail.test.tsx" name="OrderDetailPage &gt; should have back to orders link" time="0.0575225">
        </testcase>
    </testsuite>
    <testsuite name="src/pages/orders/__tests__/orders-list.test.tsx" timestamp="2026-05-01T19:32:11.149Z" hostname="Andreu" tests="3" failures="0" errors="0" skipped="0" time="0.3404377">
        <testcase classname="src/pages/orders/__tests__/orders-list.test.tsx" name="OrdersListPage &gt; should render orders list correctly" time="0.1248368">
            <system-err>
⚠️ React Router Future Flag Warning: React Router will begin wrapping state updates in `React.startTransition` in v7. You can use the `v7_startTransition` future flag to opt-in early. For more information, see https://reactrouter.com/v6/upgrading/future#v7_starttransition.
⚠️ React Router Future Flag Warning: Relative route resolution within Splat routes is changing in v7. You can use the `v7_relativeSplatPath` future flag to opt-in early. For more information, see https://reactrouter.com/v6/upgrading/future#v7_relativesplatpath.

            </system-err>
        </testcase>
        <testcase classname="src/pages/orders/__tests__/orders-list.test.tsx" name="OrdersListPage &gt; should handle empty state" time="0.0536444">
        </testcase>
        <testcase classname="src/pages/orders/__tests__/orders-list.test.tsx" name="OrdersListPage &gt; should open create dialog when add button is clicked" time="0.1590828">
        </testcase>
    </testsuite>
    <testsuite name="src/pages/orders/__tests__/orders.columns.test.tsx" timestamp="2026-05-01T19:32:11.150Z" hostname="Andreu" tests="7" failures="0" errors="0" skipped="0" time="0.0091722">
        <testcase classname="src/pages/orders/__tests__/orders.columns.test.tsx" name="Orders Columns &gt; should define all required columns" time="0.0027946">
        </testcase>
        <testcase classname="src/pages/orders/__tests__/orders.columns.test.tsx" name="Orders Columns &gt; should have order number column" time="0.0004136">
        </testcase>
        <testcase classname="src/pages/orders/__tests__/orders.columns.test.tsx" name="Orders Columns &gt; should have customer column" time="0.0002766">
        </testcase>
        <testcase classname="src/pages/orders/__tests__/orders.columns.test.tsx" name="Orders Columns &gt; should have status column" time="0.0004028">
        </testcase>
        <testcase classname="src/pages/orders/__tests__/orders.columns.test.tsx" name="Orders Columns &gt; should have total column" time="0.0005365">
        </testcase>
        <testcase classname="src/pages/orders/__tests__/orders.columns.test.tsx" name="Orders Columns &gt; should have actions column" time="0.0002471">
        </testcase>
        <testcase classname="src/pages/orders/__tests__/orders.columns.test.tsx" name="Orders Columns &gt; should return correct status badge" time="0.0011294">
        </testcase>
    </testsuite>
    <testsuite name="src/pages/inventory/__tests__/inventory-transactions-list.test.tsx" timestamp="2026-05-01T19:32:11.152Z" hostname="Andreu" tests="4" failures="0" errors="0" skipped="0" time="0.7472238">
        <testcase classname="src/pages/inventory/__tests__/inventory-transactions-list.test.tsx" name="InventoryTransactionsListPage &gt; should render transactions list correctly with resolved names" time="0.1557862">
            <system-err>
⚠️ React Router Future Flag Warning: React Router will begin wrapping state updates in `React.startTransition` in v7. You can use the `v7_startTransition` future flag to opt-in early. For more information, see https://reactrouter.com/v6/upgrading/future#v7_starttransition.
⚠️ React Router Future Flag Warning: Relative route resolution within Splat routes is changing in v7. You can use the `v7_relativeSplatPath` future flag to opt-in early. For more information, see https://reactrouter.com/v6/upgrading/future#v7_relativesplatpath.

            </system-err>
        </testcase>
        <testcase classname="src/pages/inventory/__tests__/inventory-transactions-list.test.tsx" name="InventoryTransactionsListPage &gt; should filter by product" time="0.234759">
        </testcase>
        <testcase classname="src/pages/inventory/__tests__/inventory-transactions-list.test.tsx" name="InventoryTransactionsListPage &gt; should filter by warehouse" time="0.2374587">
        </testcase>
        <testcase classname="src/pages/inventory/__tests__/inventory-transactions-list.test.tsx" name="InventoryTransactionsListPage &gt; should filter by type" time="0.1164056">
        </testcase>
    </testsuite>
    <testsuite name="src/pages/inventory/__tests__/product-detail.test.tsx" timestamp="2026-05-01T19:32:11.152Z" hostname="Andreu" tests="7" failures="0" errors="0" skipped="0" time="0.4330895">
        <testcase classname="src/pages/inventory/__tests__/product-detail.test.tsx" name="ProductDetailPage &gt; should render loading state initially" time="0.0618849">
            <system-err>
⚠️ React Router Future Flag Warning: React Router will begin wrapping state updates in `React.startTransition` in v7. You can use the `v7_startTransition` future flag to opt-in early. For more information, see https://reactrouter.com/v6/upgrading/future#v7_starttransition.
⚠️ React Router Future Flag Warning: Relative route resolution within Splat routes is changing in v7. You can use the `v7_relativeSplatPath` future flag to opt-in early. For more information, see https://reactrouter.com/v6/upgrading/future#v7_relativesplatpath.

            </system-err>
        </testcase>
        <testcase classname="src/pages/inventory/__tests__/product-detail.test.tsx" name="ProductDetailPage &gt; should display product details after loading" time="0.0820278">
        </testcase>
        <testcase classname="src/pages/inventory/__tests__/product-detail.test.tsx" name="ProductDetailPage &gt; should show below reorder level warning when stock is low" time="0.0195983">
        </testcase>
        <testcase classname="src/pages/inventory/__tests__/product-detail.test.tsx" name="ProductDetailPage &gt; should have Edit and Delete buttons" time="0.0298253">
        </testcase>
        <testcase classname="src/pages/inventory/__tests__/product-detail.test.tsx" name="ProductDetailPage &gt; should handle error when product not found" time="0.0619157">
        </testcase>
        <testcase classname="src/pages/inventory/__tests__/product-detail.test.tsx" name="ProductDetailPage &gt; should have back to products link" time="0.0185511">
        </testcase>
        <testcase classname="src/pages/inventory/__tests__/product-detail.test.tsx" name="ProductDetailPage &gt; should open edit dialog when Edit clicked" time="0.1557903">
        </testcase>
    </testsuite>
    <testsuite name="src/pages/inventory/__tests__/products-list.test.tsx" timestamp="2026-05-01T19:32:11.154Z" hostname="Andreu" tests="4" failures="0" errors="0" skipped="0" time="0.6414851">
        <testcase classname="src/pages/inventory/__tests__/products-list.test.tsx" name="ProductsListPage &gt; renders products list title" time="0.1312206">
            <system-err>
⚠️ React Router Future Flag Warning: React Router will begin wrapping state updates in `React.startTransition` in v7. You can use the `v7_startTransition` future flag to opt-in early. For more information, see https://reactrouter.com/v6/upgrading/future#v7_starttransition.
⚠️ React Router Future Flag Warning: Relative route resolution within Splat routes is changing in v7. You can use the `v7_relativeSplatPath` future flag to opt-in early. For more information, see https://reactrouter.com/v6/upgrading/future#v7_relativesplatpath.

            </system-err>
        </testcase>
        <testcase classname="src/pages/inventory/__tests__/products-list.test.tsx" name="ProductsListPage &gt; renders without crashing" time="0.0351163">
        </testcase>
        <testcase classname="src/pages/inventory/__tests__/products-list.test.tsx" name="ProductsListPage &gt; toggles Low Stock filter when button clicked" time="0.2754662">
        </testcase>
        <testcase classname="src/pages/inventory/__tests__/products-list.test.tsx" name="ProductsListPage &gt; opens create dialog when Add Product clicked" time="0.1966483">
        </testcase>
    </testsuite>
    <testsuite name="src/pages/inventory/__tests__/products.columns.test.tsx" timestamp="2026-05-01T19:32:11.154Z" hostname="Andreu" tests="9" failures="0" errors="0" skipped="0" time="0.1908674">
        <testcase classname="src/pages/inventory/__tests__/products.columns.test.tsx" name="Products Columns &gt; should define all required columns" time="0.0024517">
        </testcase>
        <testcase classname="src/pages/inventory/__tests__/products.columns.test.tsx" name="Products Columns &gt; should have SKU column" time="0.0004285">
        </testcase>
        <testcase classname="src/pages/inventory/__tests__/products.columns.test.tsx" name="Products Columns &gt; should have name column" time="0.0004686">
        </testcase>
        <testcase classname="src/pages/inventory/__tests__/products.columns.test.tsx" name="Products Columns &gt; should have price column that formats currency" time="0.0004543">
        </testcase>
        <testcase classname="src/pages/inventory/__tests__/products.columns.test.tsx" name="Products Columns &gt; should have stock column showing quantity and alert when low" time="0.0293976">
            <system-err>
⚠️ React Router Future Flag Warning: React Router will begin wrapping state updates in `React.startTransition` in v7. You can use the `v7_startTransition` future flag to opt-in early. For more information, see https://reactrouter.com/v6/upgrading/future#v7_starttransition.
⚠️ React Router Future Flag Warning: Relative route resolution within Splat routes is changing in v7. You can use the `v7_relativeSplatPath` future flag to opt-in early. For more information, see https://reactrouter.com/v6/upgrading/future#v7_relativesplatpath.

            </system-err>
        </testcase>
        <testcase classname="src/pages/inventory/__tests__/products.columns.test.tsx" name="Products Columns &gt; should show alert icon in stock column when below reorder level" time="0.0066787">
        </testcase>
        <testcase classname="src/pages/inventory/__tests__/products.columns.test.tsx" name="Products Columns &gt; should have actions column with Edit and Delete buttons" time="0.1391309">
        </testcase>
        <testcase classname="src/pages/inventory/__tests__/products.columns.test.tsx" name="Products Columns &gt; should hide Edit when canEdit is false" time="0.0045381">
        </testcase>
        <testcase classname="src/pages/inventory/__tests__/products.columns.test.tsx" name="Products Columns &gt; should hide Delete when canDelete is false" time="0.0037272">
        </testcase>
    </testsuite>
    <testsuite name="src/pages/inventory/__tests__/stock-operations.test.tsx" timestamp="2026-05-01T19:32:11.156Z" hostname="Andreu" tests="7" failures="0" errors="0" skipped="0" time="0.5646269">
        <testcase classname="src/pages/inventory/__tests__/stock-operations.test.tsx" name="StockOperationsPage &gt; should render page title and description" time="0.0963523">
            <system-err>
⚠️ React Router Future Flag Warning: React Router will begin wrapping state updates in `React.startTransition` in v7. You can use the `v7_startTransition` future flag to opt-in early. For more information, see https://reactrouter.com/v6/upgrading/future#v7_starttransition.
⚠️ React Router Future Flag Warning: Relative route resolution within Splat routes is changing in v7. You can use the `v7_relativeSplatPath` future flag to opt-in early. For more information, see https://reactrouter.com/v6/upgrading/future#v7_relativesplatpath.

            </system-err>
        </testcase>
        <testcase classname="src/pages/inventory/__tests__/stock-operations.test.tsx" name="StockOperationsPage &gt; should render all four tab triggers" time="0.0364662">
        </testcase>
        <testcase classname="src/pages/inventory/__tests__/stock-operations.test.tsx" name="StockOperationsPage &gt; should show Reserve Stock form by default" time="0.0211702">
        </testcase>
        <testcase classname="src/pages/inventory/__tests__/stock-operations.test.tsx" name="StockOperationsPage &gt; should switch to Transfer Stock tab when clicked" time="0.1039223">
        </testcase>
        <testcase classname="src/pages/inventory/__tests__/stock-operations.test.tsx" name="StockOperationsPage &gt; should switch to Adjust Stock tab when clicked" time="0.1006182">
        </testcase>
        <testcase classname="src/pages/inventory/__tests__/stock-operations.test.tsx" name="StockOperationsPage &gt; should switch to Release Reservation tab when clicked" time="0.1005871">
        </testcase>
        <testcase classname="src/pages/inventory/__tests__/stock-operations.test.tsx" name="StockOperationsPage &gt; should handle fetch error gracefully" time="0.1024844">
        </testcase>
    </testsuite>
    <testsuite name="src/pages/inventory/__tests__/warehouse-detail.test.tsx" timestamp="2026-05-01T19:32:11.157Z" hostname="Andreu" tests="7" failures="0" errors="0" skipped="0" time="0.3768169">
        <testcase classname="src/pages/inventory/__tests__/warehouse-detail.test.tsx" name="WarehouseDetailPage &gt; should render loading state initially" time="0.04887">
            <system-err>
⚠️ React Router Future Flag Warning: React Router will begin wrapping state updates in `React.startTransition` in v7. You can use the `v7_startTransition` future flag to opt-in early. For more information, see https://reactrouter.com/v6/upgrading/future#v7_starttransition.
⚠️ React Router Future Flag Warning: Relative route resolution within Splat routes is changing in v7. You can use the `v7_relativeSplatPath` future flag to opt-in early. For more information, see https://reactrouter.com/v6/upgrading/future#v7_relativesplatpath.

            </system-err>
        </testcase>
        <testcase classname="src/pages/inventory/__tests__/warehouse-detail.test.tsx" name="WarehouseDetailPage &gt; should display warehouse details after loading" time="0.0703154">
        </testcase>
        <testcase classname="src/pages/inventory/__tests__/warehouse-detail.test.tsx" name="WarehouseDetailPage &gt; should display warehouse without location" time="0.0159069">
        </testcase>
        <testcase classname="src/pages/inventory/__tests__/warehouse-detail.test.tsx" name="WarehouseDetailPage &gt; should have Edit and Delete buttons" time="0.0370935">
        </testcase>
        <testcase classname="src/pages/inventory/__tests__/warehouse-detail.test.tsx" name="WarehouseDetailPage &gt; should handle error when warehouse not found" time="0.0352771">
        </testcase>
        <testcase classname="src/pages/inventory/__tests__/warehouse-detail.test.tsx" name="WarehouseDetailPage &gt; should have back to warehouses link" time="0.0145537">
        </testcase>
        <testcase classname="src/pages/inventory/__tests__/warehouse-detail.test.tsx" name="WarehouseDetailPage &gt; should open edit dialog when Edit clicked" time="0.1520962">
        </testcase>
    </testsuite>
    <testsuite name="src/pages/inventory/__tests__/warehouse-stocks-list.test.tsx" timestamp="2026-05-01T19:32:11.159Z" hostname="Andreu" tests="6" failures="0" errors="0" skipped="0" time="0.7251376">
        <testcase classname="src/pages/inventory/__tests__/warehouse-stocks-list.test.tsx" name="WarehouseStocksListPage &gt; should render low stocks by default" time="0.1233497">
            <system-err>
⚠️ React Router Future Flag Warning: React Router will begin wrapping state updates in `React.startTransition` in v7. You can use the `v7_startTransition` future flag to opt-in early. For more information, see https://reactrouter.com/v6/upgrading/future#v7_starttransition.
⚠️ React Router Future Flag Warning: Relative route resolution within Splat routes is changing in v7. You can use the `v7_relativeSplatPath` future flag to opt-in early. For more information, see https://reactrouter.com/v6/upgrading/future#v7_relativesplatpath.

            </system-err>
        </testcase>
        <testcase classname="src/pages/inventory/__tests__/warehouse-stocks-list.test.tsx" name="WarehouseStocksListPage &gt; should filter by product" time="0.1399551">
        </testcase>
        <testcase classname="src/pages/inventory/__tests__/warehouse-stocks-list.test.tsx" name="WarehouseStocksListPage &gt; should filter by warehouse" time="0.1118544">
        </testcase>
        <testcase classname="src/pages/inventory/__tests__/warehouse-stocks-list.test.tsx" name="WarehouseStocksListPage &gt; should switch to All Stocks and handle exports" time="0.2662626">
        </testcase>
        <testcase classname="src/pages/inventory/__tests__/warehouse-stocks-list.test.tsx" name="WarehouseStocksListPage &gt; should handle fetch errors" time="0.0448912">
        </testcase>
        <testcase classname="src/pages/inventory/__tests__/warehouse-stocks-list.test.tsx" name="WarehouseStocksListPage &gt; should render different stock statuses correctly" time="0.0348312">
        </testcase>
    </testsuite>
    <testsuite name="src/pages/inventory/__tests__/warehouses-list.test.tsx" timestamp="2026-05-01T19:32:11.160Z" hostname="Andreu" tests="2" failures="0" errors="0" skipped="0" time="0.2285532">
        <testcase classname="src/pages/inventory/__tests__/warehouses-list.test.tsx" name="WarehousesListPage &gt; renders warehouses list" time="0.1871899">
            <system-err>
⚠️ React Router Future Flag Warning: React Router will begin wrapping state updates in `React.startTransition` in v7. You can use the `v7_startTransition` future flag to opt-in early. For more information, see https://reactrouter.com/v6/upgrading/future#v7_starttransition.
⚠️ React Router Future Flag Warning: Relative route resolution within Splat routes is changing in v7. You can use the `v7_relativeSplatPath` future flag to opt-in early. For more information, see https://reactrouter.com/v6/upgrading/future#v7_relativesplatpath.

            </system-err>
        </testcase>
        <testcase classname="src/pages/inventory/__tests__/warehouses-list.test.tsx" name="WarehousesListPage &gt; renders without crashing" time="0.0380142">
        </testcase>
    </testsuite>
    <testsuite name="src/pages/inventory/__tests__/warehouses.columns.test.tsx" timestamp="2026-05-01T19:32:11.161Z" hostname="Andreu" tests="5" failures="0" errors="0" skipped="0" time="0.1670448">
        <testcase classname="src/pages/inventory/__tests__/warehouses.columns.test.tsx" name="Warehouses Columns &gt; should define all required columns" time="0.0028386">
        </testcase>
        <testcase classname="src/pages/inventory/__tests__/warehouses.columns.test.tsx" name="Warehouses Columns &gt; should have name column" time="0.0003658">
        </testcase>
        <testcase classname="src/pages/inventory/__tests__/warehouses.columns.test.tsx" name="Warehouses Columns &gt; should have location column showing location or dash" time="0.0222795">
            <system-err>
⚠️ React Router Future Flag Warning: React Router will begin wrapping state updates in `React.startTransition` in v7. You can use the `v7_startTransition` future flag to opt-in early. For more information, see https://reactrouter.com/v6/upgrading/future#v7_starttransition.
⚠️ React Router Future Flag Warning: Relative route resolution within Splat routes is changing in v7. You can use the `v7_relativeSplatPath` future flag to opt-in early. For more information, see https://reactrouter.com/v6/upgrading/future#v7_relativesplatpath.

            </system-err>
        </testcase>
        <testcase classname="src/pages/inventory/__tests__/warehouses.columns.test.tsx" name="Warehouses Columns &gt; should show dash when location is empty" time="0.0055996">
        </testcase>
        <testcase classname="src/pages/inventory/__tests__/warehouses.columns.test.tsx" name="Warehouses Columns &gt; should have actions column with Edit and Delete" time="0.133239">
        </testcase>
    </testsuite>
    <testsuite name="src/pages/permissions/__tests__/permissions-list.test.tsx" timestamp="2026-05-01T19:32:11.162Z" hostname="Andreu" tests="2" failures="0" errors="0" skipped="0" time="0.1993121">
        <testcase classname="src/pages/permissions/__tests__/permissions-list.test.tsx" name="PermissionsListPage &gt; renders permissions list" time="0.1483157">
            <system-err>
⚠️ React Router Future Flag Warning: React Router will begin wrapping state updates in `React.startTransition` in v7. You can use the `v7_startTransition` future flag to opt-in early. For more information, see https://reactrouter.com/v6/upgrading/future#v7_starttransition.
⚠️ React Router Future Flag Warning: Relative route resolution within Splat routes is changing in v7. You can use the `v7_relativeSplatPath` future flag to opt-in early. For more information, see https://reactrouter.com/v6/upgrading/future#v7_relativesplatpath.

            </system-err>
        </testcase>
        <testcase classname="src/pages/permissions/__tests__/permissions-list.test.tsx" name="PermissionsListPage &gt; renders without crashing" time="0.0481523">
        </testcase>
    </testsuite>
    <testsuite name="src/pages/permissions/__tests__/permissions.columns.test.tsx" timestamp="2026-05-01T19:32:11.163Z" hostname="Andreu" tests="5" failures="0" errors="0" skipped="0" time="0.1738671">
        <testcase classname="src/pages/permissions/__tests__/permissions.columns.test.tsx" name="Permissions Columns &gt; should define all required columns" time="0.0037799">
        </testcase>
        <testcase classname="src/pages/permissions/__tests__/permissions.columns.test.tsx" name="Permissions Columns &gt; should have module column" time="0.0003262">
        </testcase>
        <testcase classname="src/pages/permissions/__tests__/permissions.columns.test.tsx" name="Permissions Columns &gt; should have action column" time="0.0003598">
        </testcase>
        <testcase classname="src/pages/permissions/__tests__/permissions.columns.test.tsx" name="Permissions Columns &gt; should have description column showing description or dash" time="0.0242491">
            <system-err>
⚠️ React Router Future Flag Warning: React Router will begin wrapping state updates in `React.startTransition` in v7. You can use the `v7_startTransition` future flag to opt-in early. For more information, see https://reactrouter.com/v6/upgrading/future#v7_starttransition.
⚠️ React Router Future Flag Warning: Relative route resolution within Splat routes is changing in v7. You can use the `v7_relativeSplatPath` future flag to opt-in early. For more information, see https://reactrouter.com/v6/upgrading/future#v7_relativesplatpath.

            </system-err>
        </testcase>
        <testcase classname="src/pages/permissions/__tests__/permissions.columns.test.tsx" name="Permissions Columns &gt; should have actions column with Edit and Delete" time="0.1420886">
        </testcase>
    </testsuite>
    <testsuite name="src/pages/profile/__tests__/profile.test.tsx" timestamp="2026-05-01T19:32:11.164Z" hostname="Andreu" tests="3" failures="0" errors="0" skipped="0" time="0.1265396">
        <testcase classname="src/pages/profile/__tests__/profile.test.tsx" name="ProfilePage &gt; should render loading state when user is not available" time="0.0312679">
        </testcase>
        <testcase classname="src/pages/profile/__tests__/profile.test.tsx" name="ProfilePage &gt; should render user profile when user is available" time="0.076493">
        </testcase>
        <testcase classname="src/pages/profile/__tests__/profile.test.tsx" name="ProfilePage &gt; should render user roles" time="0.0130034">
        </testcase>
    </testsuite>
    <testsuite name="src/pages/purchasing/__tests__/purchase-order-detail.test.tsx" timestamp="2026-05-01T19:32:11.165Z" hostname="Andreu" tests="3" failures="0" errors="0" skipped="0" time="0.1785227">
        <testcase classname="src/pages/purchasing/__tests__/purchase-order-detail.test.tsx" name="PurchaseOrderDetailPage &gt; should render loading state initially" time="0.0370409">
            <system-err>
⚠️ React Router Future Flag Warning: React Router will begin wrapping state updates in `React.startTransition` in v7. You can use the `v7_startTransition` future flag to opt-in early. For more information, see https://reactrouter.com/v6/upgrading/future#v7_starttransition.
⚠️ React Router Future Flag Warning: Relative route resolution within Splat routes is changing in v7. You can use the `v7_relativeSplatPath` future flag to opt-in early. For more information, see https://reactrouter.com/v6/upgrading/future#v7_relativesplatpath.

            </system-err>
        </testcase>
        <testcase classname="src/pages/purchasing/__tests__/purchase-order-detail.test.tsx" name="PurchaseOrderDetailPage &gt; should display purchase order details after loading" time="0.1086442">
        </testcase>
        <testcase classname="src/pages/purchasing/__tests__/purchase-order-detail.test.tsx" name="PurchaseOrderDetailPage &gt; should handle error when purchase order not found" time="0.0301064">
        </testcase>
    </testsuite>
    <testsuite name="src/pages/purchasing/__tests__/purchase-orders-list.test.tsx" timestamp="2026-05-01T19:32:11.166Z" hostname="Andreu" tests="2" failures="0" errors="0" skipped="0" time="0.1886296">
        <testcase classname="src/pages/purchasing/__tests__/purchase-orders-list.test.tsx" name="PurchaseOrdersListPage &gt; renders purchase orders list" time="0.1499073">
            <system-err>
⚠️ React Router Future Flag Warning: React Router will begin wrapping state updates in `React.startTransition` in v7. You can use the `v7_startTransition` future flag to opt-in early. For more information, see https://reactrouter.com/v6/upgrading/future#v7_starttransition.
⚠️ React Router Future Flag Warning: Relative route resolution within Splat routes is changing in v7. You can use the `v7_relativeSplatPath` future flag to opt-in early. For more information, see https://reactrouter.com/v6/upgrading/future#v7_relativesplatpath.

            </system-err>
        </testcase>
        <testcase classname="src/pages/purchasing/__tests__/purchase-orders-list.test.tsx" name="PurchaseOrdersListPage &gt; renders without crashing" time="0.0352202">
        </testcase>
    </testsuite>
    <testsuite name="src/pages/purchasing/__tests__/purchase-orders.columns.test.tsx" timestamp="2026-05-01T19:32:11.166Z" hostname="Andreu" tests="5" failures="0" errors="0" skipped="0" time="0.0063722">
        <testcase classname="src/pages/purchasing/__tests__/purchase-orders.columns.test.tsx" name="Purchase Orders Columns &gt; should define all required columns" time="0.0019603">
        </testcase>
        <testcase classname="src/pages/purchasing/__tests__/purchase-orders.columns.test.tsx" name="Purchase Orders Columns &gt; should have supplier column" time="0.000266">
        </testcase>
        <testcase classname="src/pages/purchasing/__tests__/purchase-orders.columns.test.tsx" name="Purchase Orders Columns &gt; should have status column" time="0.0001659">
        </testcase>
        <testcase classname="src/pages/purchasing/__tests__/purchase-orders.columns.test.tsx" name="Purchase Orders Columns &gt; should have actions column" time="0.0001585">
        </testcase>
        <testcase classname="src/pages/purchasing/__tests__/purchase-orders.columns.test.tsx" name="Purchase Orders Columns &gt; should return correct status badge" time="0.0009682">
        </testcase>
    </testsuite>
    <testsuite name="src/pages/purchasing/__tests__/supplier-detail.test.tsx" timestamp="2026-05-01T19:32:11.167Z" hostname="Andreu" tests="8" failures="0" errors="0" skipped="0" time="0.7300045">
        <testcase classname="src/pages/purchasing/__tests__/supplier-detail.test.tsx" name="SupplierDetailPage &gt; should render loading state initially" time="0.0614306">
            <system-err>
⚠️ React Router Future Flag Warning: React Router will begin wrapping state updates in `React.startTransition` in v7. You can use the `v7_startTransition` future flag to opt-in early. For more information, see https://reactrouter.com/v6/upgrading/future#v7_starttransition.
⚠️ React Router Future Flag Warning: Relative route resolution within Splat routes is changing in v7. You can use the `v7_relativeSplatPath` future flag to opt-in early. For more information, see https://reactrouter.com/v6/upgrading/future#v7_relativesplatpath.

            </system-err>
        </testcase>
        <testcase classname="src/pages/purchasing/__tests__/supplier-detail.test.tsx" name="SupplierDetailPage &gt; should display supplier details after loading" time="0.0834954">
        </testcase>
        <testcase classname="src/pages/purchasing/__tests__/supplier-detail.test.tsx" name="SupplierDetailPage &gt; should display inactive badge when supplier is inactive" time="0.024071">
        </testcase>
        <testcase classname="src/pages/purchasing/__tests__/supplier-detail.test.tsx" name="SupplierDetailPage &gt; should show no address on file when address fields are empty" time="0.0212964">
        </testcase>
        <testcase classname="src/pages/purchasing/__tests__/supplier-detail.test.tsx" name="SupplierDetailPage &gt; should have Edit and Delete buttons when permitted" time="0.0656469">
        </testcase>
        <testcase classname="src/pages/purchasing/__tests__/supplier-detail.test.tsx" name="SupplierDetailPage &gt; should handle error when supplier not found" time="0.0652889">
        </testcase>
        <testcase classname="src/pages/purchasing/__tests__/supplier-detail.test.tsx" name="SupplierDetailPage &gt; should have back to suppliers link" time="0.0308101">
        </testcase>
        <testcase classname="src/pages/purchasing/__tests__/supplier-detail.test.tsx" name="SupplierDetailPage &gt; should open edit dialog when Edit clicked" time="0.3749779">
        </testcase>
    </testsuite>
    <testsuite name="src/pages/purchasing/__tests__/suppliers-list.test.tsx" timestamp="2026-05-01T19:32:11.168Z" hostname="Andreu" tests="2" failures="0" errors="0" skipped="0" time="0.1677004">
        <testcase classname="src/pages/purchasing/__tests__/suppliers-list.test.tsx" name="SuppliersListPage &gt; renders suppliers list" time="0.1367784">
            <system-err>
⚠️ React Router Future Flag Warning: React Router will begin wrapping state updates in `React.startTransition` in v7. You can use the `v7_startTransition` future flag to opt-in early. For more information, see https://reactrouter.com/v6/upgrading/future#v7_starttransition.
⚠️ React Router Future Flag Warning: Relative route resolution within Splat routes is changing in v7. You can use the `v7_relativeSplatPath` future flag to opt-in early. For more information, see https://reactrouter.com/v6/upgrading/future#v7_relativesplatpath.

            </system-err>
        </testcase>
        <testcase classname="src/pages/purchasing/__tests__/suppliers-list.test.tsx" name="SuppliersListPage &gt; renders without crashing" time="0.0283437">
        </testcase>
    </testsuite>
    <testsuite name="src/pages/purchasing/__tests__/suppliers.columns.test.tsx" timestamp="2026-05-01T19:32:11.169Z" hostname="Andreu" tests="5" failures="0" errors="0" skipped="0" time="0.1244225">
        <testcase classname="src/pages/purchasing/__tests__/suppliers.columns.test.tsx" name="Suppliers Columns &gt; should define all required columns" time="0.002397">
        </testcase>
        <testcase classname="src/pages/purchasing/__tests__/suppliers.columns.test.tsx" name="Suppliers Columns &gt; should have name column with link" time="0.0294338">
            <system-err>
⚠️ React Router Future Flag Warning: React Router will begin wrapping state updates in `React.startTransition` in v7. You can use the `v7_startTransition` future flag to opt-in early. For more information, see https://reactrouter.com/v6/upgrading/future#v7_starttransition.
⚠️ React Router Future Flag Warning: Relative route resolution within Splat routes is changing in v7. You can use the `v7_relativeSplatPath` future flag to opt-in early. For more information, see https://reactrouter.com/v6/upgrading/future#v7_relativesplatpath.

            </system-err>
        </testcase>
        <testcase classname="src/pages/purchasing/__tests__/suppliers.columns.test.tsx" name="Suppliers Columns &gt; should have email column showing email or dash" time="0.0020768">
        </testcase>
        <testcase classname="src/pages/purchasing/__tests__/suppliers.columns.test.tsx" name="Suppliers Columns &gt; should show Active/Inactive badge" time="0.0117475">
        </testcase>
        <testcase classname="src/pages/purchasing/__tests__/suppliers.columns.test.tsx" name="Suppliers Columns &gt; should have actions column" time="0.0758637">
        </testcase>
    </testsuite>
    <testsuite name="src/pages/roles/__tests__/role-detail.test.tsx" timestamp="2026-05-01T19:32:11.170Z" hostname="Andreu" tests="3" failures="0" errors="0" skipped="0" time="0.192153">
        <testcase classname="src/pages/roles/__tests__/role-detail.test.tsx" name="RoleDetailPage &gt; should render loading state initially" time="0.0335538">
            <system-err>
⚠️ React Router Future Flag Warning: React Router will begin wrapping state updates in `React.startTransition` in v7. You can use the `v7_startTransition` future flag to opt-in early. For more information, see https://reactrouter.com/v6/upgrading/future#v7_starttransition.
⚠️ React Router Future Flag Warning: Relative route resolution within Splat routes is changing in v7. You can use the `v7_relativeSplatPath` future flag to opt-in early. For more information, see https://reactrouter.com/v6/upgrading/future#v7_relativesplatpath.

            </system-err>
        </testcase>
        <testcase classname="src/pages/roles/__tests__/role-detail.test.tsx" name="RoleDetailPage &gt; should display role details after loading" time="0.1249609">
        </testcase>
        <testcase classname="src/pages/roles/__tests__/role-detail.test.tsx" name="RoleDetailPage &gt; should handle error when role not found" time="0.031001">
        </testcase>
    </testsuite>
    <testsuite name="src/pages/roles/__tests__/roles-list.test.tsx" timestamp="2026-05-01T19:32:11.170Z" hostname="Andreu" tests="2" failures="0" errors="0" skipped="0" time="0.1512602">
        <testcase classname="src/pages/roles/__tests__/roles-list.test.tsx" name="RolesListPage &gt; renders roles list" time="0.1208932">
            <system-err>
⚠️ React Router Future Flag Warning: React Router will begin wrapping state updates in `React.startTransition` in v7. You can use the `v7_startTransition` future flag to opt-in early. For more information, see https://reactrouter.com/v6/upgrading/future#v7_starttransition.
⚠️ React Router Future Flag Warning: Relative route resolution within Splat routes is changing in v7. You can use the `v7_relativeSplatPath` future flag to opt-in early. For more information, see https://reactrouter.com/v6/upgrading/future#v7_relativesplatpath.

            </system-err>
        </testcase>
        <testcase classname="src/pages/roles/__tests__/roles-list.test.tsx" name="RolesListPage &gt; renders without crashing" time="0.0275416">
        </testcase>
    </testsuite>
    <testsuite name="src/pages/roles/__tests__/roles.columns.test.tsx" timestamp="2026-05-01T19:32:11.171Z" hostname="Andreu" tests="8" failures="0" errors="0" skipped="0" time="0.1910543">
        <testcase classname="src/pages/roles/__tests__/roles.columns.test.tsx" name="Roles Columns &gt; should define all required columns" time="0.0025871">
        </testcase>
        <testcase classname="src/pages/roles/__tests__/roles.columns.test.tsx" name="Roles Columns &gt; should have name column with link" time="0.0313406">
            <system-err>
⚠️ React Router Future Flag Warning: React Router will begin wrapping state updates in `React.startTransition` in v7. You can use the `v7_startTransition` future flag to opt-in early. For more information, see https://reactrouter.com/v6/upgrading/future#v7_starttransition.
⚠️ React Router Future Flag Warning: Relative route resolution within Splat routes is changing in v7. You can use the `v7_relativeSplatPath` future flag to opt-in early. For more information, see https://reactrouter.com/v6/upgrading/future#v7_relativesplatpath.

            </system-err>
        </testcase>
        <testcase classname="src/pages/roles/__tests__/roles.columns.test.tsx" name="Roles Columns &gt; should have description column with dash fallback" time="0.0036709">
        </testcase>
        <testcase classname="src/pages/roles/__tests__/roles.columns.test.tsx" name="Roles Columns &gt; should have permissions column with badge count" time="0.0135265">
        </testcase>
        <testcase classname="src/pages/roles/__tests__/roles.columns.test.tsx" name="Roles Columns &gt; should have actions column with Edit and Delete" time="0.1219733">
        </testcase>
        <testcase classname="src/pages/roles/__tests__/roles.columns.test.tsx" name="Roles Columns &gt; should show Manage Permissions when canManagePermissions is true" time="0.0055115">
        </testcase>
        <testcase classname="src/pages/roles/__tests__/roles.columns.test.tsx" name="Roles Columns &gt; should hide Edit when canEdit is false" time="0.0047131">
        </testcase>
        <testcase classname="src/pages/roles/__tests__/roles.columns.test.tsx" name="Roles Columns &gt; should hide Delete when canDelete is false" time="0.0043145">
        </testcase>
    </testsuite>
    <testsuite name="src/pages/sales/__tests__/customer-detail.test.tsx" timestamp="2026-05-01T19:32:11.172Z" hostname="Andreu" tests="6" failures="0" errors="0" skipped="0" time="0.2401266">
        <testcase classname="src/pages/sales/__tests__/customer-detail.test.tsx" name="CustomerDetailPage &gt; should render loading state initially" time="0.0542025">
            <system-err>
⚠️ React Router Future Flag Warning: React Router will begin wrapping state updates in `React.startTransition` in v7. You can use the `v7_startTransition` future flag to opt-in early. For more information, see https://reactrouter.com/v6/upgrading/future#v7_starttransition.
⚠️ React Router Future Flag Warning: Relative route resolution within Splat routes is changing in v7. You can use the `v7_relativeSplatPath` future flag to opt-in early. For more information, see https://reactrouter.com/v6/upgrading/future#v7_relativesplatpath.

            </system-err>
        </testcase>
        <testcase classname="src/pages/sales/__tests__/customer-detail.test.tsx" name="CustomerDetailPage &gt; should display customer details after loading" time="0.0528265">
        </testcase>
        <testcase classname="src/pages/sales/__tests__/customer-detail.test.tsx" name="CustomerDetailPage &gt; should display customer without optional fields" time="0.0390852">
        </testcase>
        <testcase classname="src/pages/sales/__tests__/customer-detail.test.tsx" name="CustomerDetailPage &gt; should handle error when customer not found" time="0.0240708">
        </testcase>
        <testcase classname="src/pages/sales/__tests__/customer-detail.test.tsx" name="CustomerDetailPage &gt; should have back to customers link" time="0.0359128">
        </testcase>
        <testcase classname="src/pages/sales/__tests__/customer-detail.test.tsx" name="CustomerDetailPage &gt; should display updatedAt when present" time="0.0311692">
        </testcase>
    </testsuite>
    <testsuite name="src/pages/sales/__tests__/customers-list.test.tsx" timestamp="2026-05-01T19:32:11.173Z" hostname="Andreu" tests="2" failures="0" errors="0" skipped="0" time="0.1443724">
        <testcase classname="src/pages/sales/__tests__/customers-list.test.tsx" name="CustomersListPage &gt; renders customers list" time="0.1145274">
            <system-err>
⚠️ React Router Future Flag Warning: React Router will begin wrapping state updates in `React.startTransition` in v7. You can use the `v7_startTransition` future flag to opt-in early. For more information, see https://reactrouter.com/v6/upgrading/future#v7_starttransition.
⚠️ React Router Future Flag Warning: Relative route resolution within Splat routes is changing in v7. You can use the `v7_relativeSplatPath` future flag to opt-in early. For more information, see https://reactrouter.com/v6/upgrading/future#v7_relativesplatpath.

            </system-err>
        </testcase>
        <testcase classname="src/pages/sales/__tests__/customers-list.test.tsx" name="CustomersListPage &gt; renders without crashing" time="0.0257071">
        </testcase>
    </testsuite>
    <testsuite name="src/pages/sales/__tests__/customers.columns.test.tsx" timestamp="2026-05-01T19:32:11.175Z" hostname="Andreu" tests="5" failures="0" errors="0" skipped="0" time="0.0876561">
        <testcase classname="src/pages/sales/__tests__/customers.columns.test.tsx" name="Customers Columns &gt; should define all required columns" time="0.0025492">
        </testcase>
        <testcase classname="src/pages/sales/__tests__/customers.columns.test.tsx" name="Customers Columns &gt; should have name column" time="0.0004648">
        </testcase>
        <testcase classname="src/pages/sales/__tests__/customers.columns.test.tsx" name="Customers Columns &gt; should have email column showing email or dash" time="0.0269854">
            <system-err>
⚠️ React Router Future Flag Warning: React Router will begin wrapping state updates in `React.startTransition` in v7. You can use the `v7_startTransition` future flag to opt-in early. For more information, see https://reactrouter.com/v6/upgrading/future#v7_starttransition.
⚠️ React Router Future Flag Warning: Relative route resolution within Splat routes is changing in v7. You can use the `v7_relativeSplatPath` future flag to opt-in early. For more information, see https://reactrouter.com/v6/upgrading/future#v7_relativesplatpath.

            </system-err>
        </testcase>
        <testcase classname="src/pages/sales/__tests__/customers.columns.test.tsx" name="Customers Columns &gt; should have phone column showing phone or dash" time="0.0023517">
        </testcase>
        <testcase classname="src/pages/sales/__tests__/customers.columns.test.tsx" name="Customers Columns &gt; should have actions column with view link" time="0.0509556">
        </testcase>
    </testsuite>
    <testsuite name="src/pages/sales/__tests__/sales-order-detail.test.tsx" timestamp="2026-05-01T19:32:11.177Z" hostname="Andreu" tests="3" failures="0" errors="0" skipped="0" time="0.2213907">
        <testcase classname="src/pages/sales/__tests__/sales-order-detail.test.tsx" name="SalesOrderDetailPage &gt; should render loading state initially" time="0.0359594">
            <system-err>
⚠️ React Router Future Flag Warning: React Router will begin wrapping state updates in `React.startTransition` in v7. You can use the `v7_startTransition` future flag to opt-in early. For more information, see https://reactrouter.com/v6/upgrading/future#v7_starttransition.
⚠️ React Router Future Flag Warning: Relative route resolution within Splat routes is changing in v7. You can use the `v7_relativeSplatPath` future flag to opt-in early. For more information, see https://reactrouter.com/v6/upgrading/future#v7_relativesplatpath.

            </system-err>
        </testcase>
        <testcase classname="src/pages/sales/__tests__/sales-order-detail.test.tsx" name="SalesOrderDetailPage &gt; should display sales order details after loading" time="0.0889041">
        </testcase>
        <testcase classname="src/pages/sales/__tests__/sales-order-detail.test.tsx" name="SalesOrderDetailPage &gt; should handle error when sales order not found" time="0.0933298">
        </testcase>
    </testsuite>
    <testsuite name="src/pages/sales/__tests__/sales-orders-list.test.tsx" timestamp="2026-05-01T19:32:11.178Z" hostname="Andreu" tests="2" failures="0" errors="0" skipped="0" time="0.238423">
        <testcase classname="src/pages/sales/__tests__/sales-orders-list.test.tsx" name="SalesOrdersListPage &gt; renders sales orders list" time="0.2066243">
            <system-err>
⚠️ React Router Future Flag Warning: React Router will begin wrapping state updates in `React.startTransition` in v7. You can use the `v7_startTransition` future flag to opt-in early. For more information, see https://reactrouter.com/v6/upgrading/future#v7_starttransition.
⚠️ React Router Future Flag Warning: Relative route resolution within Splat routes is changing in v7. You can use the `v7_relativeSplatPath` future flag to opt-in early. For more information, see https://reactrouter.com/v6/upgrading/future#v7_relativesplatpath.

            </system-err>
        </testcase>
        <testcase classname="src/pages/sales/__tests__/sales-orders-list.test.tsx" name="SalesOrdersListPage &gt; renders without crashing" time="0.0284582">
        </testcase>
    </testsuite>
    <testsuite name="src/pages/sales/__tests__/sales-orders.columns.test.tsx" timestamp="2026-05-01T19:32:11.179Z" hostname="Andreu" tests="5" failures="0" errors="0" skipped="0" time="0.0061335">
        <testcase classname="src/pages/sales/__tests__/sales-orders.columns.test.tsx" name="Sales Orders Columns &gt; should define all required columns" time="0.0022364">
        </testcase>
        <testcase classname="src/pages/sales/__tests__/sales-orders.columns.test.tsx" name="Sales Orders Columns &gt; should have customer column" time="0.0005702">
        </testcase>
        <testcase classname="src/pages/sales/__tests__/sales-orders.columns.test.tsx" name="Sales Orders Columns &gt; should have status column" time="0.0001533">
        </testcase>
        <testcase classname="src/pages/sales/__tests__/sales-orders.columns.test.tsx" name="Sales Orders Columns &gt; should have actions column" time="0.0002073">
        </testcase>
        <testcase classname="src/pages/sales/__tests__/sales-orders.columns.test.tsx" name="Sales Orders Columns &gt; should return correct status badge" time="0.0009273">
        </testcase>
    </testsuite>
    <testsuite name="src/pages/users/__tests__/user-detail.test.tsx" timestamp="2026-05-01T19:32:11.180Z" hostname="Andreu" tests="3" failures="0" errors="0" skipped="0" time="0.1816097">
        <testcase classname="src/pages/users/__tests__/user-detail.test.tsx" name="UserDetailPage &gt; should render loading state initially" time="0.0342498">
            <system-err>
⚠️ React Router Future Flag Warning: React Router will begin wrapping state updates in `React.startTransition` in v7. You can use the `v7_startTransition` future flag to opt-in early. For more information, see https://reactrouter.com/v6/upgrading/future#v7_starttransition.
⚠️ React Router Future Flag Warning: Relative route resolution within Splat routes is changing in v7. You can use the `v7_relativeSplatPath` future flag to opt-in early. For more information, see https://reactrouter.com/v6/upgrading/future#v7_relativesplatpath.

            </system-err>
        </testcase>
        <testcase classname="src/pages/users/__tests__/user-detail.test.tsx" name="UserDetailPage &gt; should display user details after loading" time="0.0973657">
        </testcase>
        <testcase classname="src/pages/users/__tests__/user-detail.test.tsx" name="UserDetailPage &gt; should handle error when user not found" time="0.0472826">
        </testcase>
    </testsuite>
    <testsuite name="src/pages/users/__tests__/users-list.test.tsx" timestamp="2026-05-01T19:32:11.181Z" hostname="Andreu" tests="5" failures="0" errors="0" skipped="0" time="0.6016681">
        <testcase classname="src/pages/users/__tests__/users-list.test.tsx" name="UsersListPage &gt; should render users list correctly" time="0.143956">
            <system-err>
⚠️ React Router Future Flag Warning: React Router will begin wrapping state updates in `React.startTransition` in v7. You can use the `v7_startTransition` future flag to opt-in early. For more information, see https://reactrouter.com/v6/upgrading/future#v7_starttransition.
⚠️ React Router Future Flag Warning: Relative route resolution within Splat routes is changing in v7. You can use the `v7_relativeSplatPath` future flag to opt-in early. For more information, see https://reactrouter.com/v6/upgrading/future#v7_relativesplatpath.

            </system-err>
        </testcase>
        <testcase classname="src/pages/users/__tests__/users-list.test.tsx" name="UsersListPage &gt; should handle empty state" time="0.0479449">
        </testcase>
        <testcase classname="src/pages/users/__tests__/users-list.test.tsx" name="UsersListPage &gt; should open create dialog when add button is clicked" time="0.1986475">
        </testcase>
        <testcase classname="src/pages/users/__tests__/users-list.test.tsx" name="UsersListPage &gt; should open edit dialog when edit button is clicked" time="0.0737242">
        </testcase>
        <testcase classname="src/pages/users/__tests__/users-list.test.tsx" name="UsersListPage &gt; should open delete dialog when delete button is clicked" time="0.1343532">
        </testcase>
    </testsuite>
    <testsuite name="src/pages/users/__tests__/users.columns.test.tsx" timestamp="2026-05-01T19:32:11.183Z" hostname="Andreu" tests="8" failures="0" errors="0" skipped="0" time="0.008699">
        <testcase classname="src/pages/users/__tests__/users.columns.test.tsx" name="Users Columns &gt; should define all required columns" time="0.0026721">
        </testcase>
        <testcase classname="src/pages/users/__tests__/users.columns.test.tsx" name="Users Columns &gt; should have username column" time="0.00047">
        </testcase>
        <testcase classname="src/pages/users/__tests__/users.columns.test.tsx" name="Users Columns &gt; should have email column" time="0.0003327">
        </testcase>
        <testcase classname="src/pages/users/__tests__/users.columns.test.tsx" name="Users Columns &gt; should have roles column" time="0.000387">
        </testcase>
        <testcase classname="src/pages/users/__tests__/users.columns.test.tsx" name="Users Columns &gt; should have status column" time="0.0002912">
        </testcase>
        <testcase classname="src/pages/users/__tests__/users.columns.test.tsx" name="Users Columns &gt; should have actions column" time="0.0002621">
        </testcase>
        <testcase classname="src/pages/users/__tests__/users.columns.test.tsx" name="Users Columns &gt; should call onEdit when edit button is clicked" time="0.0002639">
        </testcase>
        <testcase classname="src/pages/users/__tests__/users.columns.test.tsx" name="Users Columns &gt; should call onDelete when delete button is clicked" time="0.0006256">
        </testcase>
    </testsuite>
    <testsuite name="src/components/inventory/stock-ops/__tests__/adjust-stock-form.test.tsx" timestamp="2026-05-01T19:32:11.184Z" hostname="Andreu" tests="5" failures="0" errors="0" skipped="0" time="0.1652089">
        <testcase classname="src/components/inventory/stock-ops/__tests__/adjust-stock-form.test.tsx" name="AdjustStockForm &gt; renders form with all fields" time="0.0622947">
        </testcase>
        <testcase classname="src/components/inventory/stock-ops/__tests__/adjust-stock-form.test.tsx" name="AdjustStockForm &gt; renders product options" time="0.0181152">
        </testcase>
        <testcase classname="src/components/inventory/stock-ops/__tests__/adjust-stock-form.test.tsx" name="AdjustStockForm &gt; renders warehouse options" time="0.0185432">
        </testcase>
        <testcase classname="src/components/inventory/stock-ops/__tests__/adjust-stock-form.test.tsx" name="AdjustStockForm &gt; handles form submission" time="0.0544753">
        </testcase>
        <testcase classname="src/components/inventory/stock-ops/__tests__/adjust-stock-form.test.tsx" name="AdjustStockForm &gt; renders with empty arrays" time="0.0084842">
        </testcase>
    </testsuite>
    <testsuite name="src/components/inventory/stock-ops/__tests__/release-reservation-form.test.tsx" timestamp="2026-05-01T19:32:11.185Z" hostname="Andreu" tests="1" failures="0" errors="0" skipped="0" time="0.0824048">
        <testcase classname="src/components/inventory/stock-ops/__tests__/release-reservation-form.test.tsx" name="ReleaseReservationForm &gt; renders form with all fields" time="0.0793719">
        </testcase>
    </testsuite>
    <testsuite name="src/components/inventory/stock-ops/__tests__/reserve-stock-form.test.tsx" timestamp="2026-05-01T19:32:11.186Z" hostname="Andreu" tests="1" failures="0" errors="0" skipped="0" time="0.0858791">
        <testcase classname="src/components/inventory/stock-ops/__tests__/reserve-stock-form.test.tsx" name="ReserveStockForm &gt; renders form with all fields" time="0.0822163">
        </testcase>
    </testsuite>
    <testsuite name="src/components/inventory/stock-ops/__tests__/transfer-stock-form.test.tsx" timestamp="2026-05-01T19:32:11.186Z" hostname="Andreu" tests="3" failures="0" errors="0" skipped="0" time="0.1632296">
        <testcase classname="src/components/inventory/stock-ops/__tests__/transfer-stock-form.test.tsx" name="TransferStockForm &gt; renders form with all fields" time="0.0794496">
        </testcase>
        <testcase classname="src/components/inventory/stock-ops/__tests__/transfer-stock-form.test.tsx" name="TransferStockForm &gt; renders product and warehouse options" time="0.0164302">
        </testcase>
        <testcase classname="src/components/inventory/stock-ops/__tests__/transfer-stock-form.test.tsx" name="TransferStockForm &gt; handles form submission" time="0.0637653">
        </testcase>
    </testsuite>
</testsuites>
